0: CCL Microbenchmarks - 1 Cores per Rank:
0: Inter-GPU Microbenchmarks will be run with the following:
0: # Processes per NUMA: 1
0: # Processes per socket: 1
0: # Processes per node: 4
0: # of nodes: 2
0: # GPUs per NUMA: 1
0: # GPUs per socket: 1
0: # GPUs per node: 4
0: # Processes per GPU: 1
0: If these are incorrect, edit the defines at the top of benchmarks/microbenchmarks.cpp
0: RCCL version : 2.22.3-HEAD:271856d
0: HIP version  : 6.4.43482-0f2d60242
0: ROCm version : 6.4.0.0-47-73dae9c
0: Hostname     : tuolumne1059
0: Librccl path : /usr/tce/packages/rocmcc/rocmcc-6.4.0-magic/lib/librccl.so.1
0: GPU-Aware intra-NUMA tests will not be run because GPNUMA is set to 1.
0: intra-socket tests will not be run because GPS is set to 1.
0: Running standard GPU-Aware benchmarks
0: Not measuring GPU-Aware intra-NUMA, because GPNUMA is set to 1
0: Not measuring GPU-Aware intra-socket, because GPS is set to 1
0: GPU-Aware On-Node, Off-Socket Ping-Pong:
0: Size 1: 7.137735e-06
0: Size 2: 1.422777e-05
0: Size 4: 1.120910e-05
0: Size 8: 1.094419e-05
0: Size 16: 1.122969e-05
0: Size 32: 1.108040e-05
0: Size 64: 1.106671e-05
0: Size 128: 1.086167e-05
0: Size 256: 1.151562e-05
0: Size 512: 1.111406e-05
0: Size 1024: 1.130182e-05
0: Size 2048: 1.171308e-05
0: Size 4096: 1.232622e-05
0: Size 8192: 1.462063e-05
0: Size 16384: 2.216502e-05
0: Size 32768: 2.255362e-05
0: Size 65536: 1.640490e-05
0: Size 131072: 1.683381e-05
0: Size 262144: 2.438061e-05
0: Size 524288: 3.680353e-05
0: Size 1048576: 6.149887e-05
0: Size 2097152: 1.099048e-04
0: Size 4194304: 2.045666e-04
0: Size 8388608: 3.895739e-04
0: Size 16777216: 7.644006e-04
0: Size 33554432: 1.510835e-03
0: Size 67108864: 3.011915e-03
0: Size 134217728: 5.995478e-03
0: Size 268435456: 1.200343e-02
0: Size 536870912: 2.403123e-02
0: 
0: GPU-Aware Off-Node Ping-Pong:
0: Size 1: 1.555880e-05
0: Size 2: 1.555790e-05
0: Size 4: 1.556115e-05
0: Size 8: 1.550807e-05
0: Size 16: 1.532743e-05
0: Size 32: 1.530460e-05
0: Size 64: 1.541506e-05
0: Size 128: 1.585391e-05
0: Size 256: 1.578884e-05
0: Size 512: 1.581330e-05
0: Size 1024: 1.591492e-05
0: Size 2048: 1.621719e-05
0: Size 4096: 1.678539e-05
0: Size 8192: 1.784269e-05
0: Size 16384: 1.832727e-05
0: Size 32768: 2.293944e-05
0: Size 65536: 2.733935e-05
0: Size 131072: 3.013079e-05
0: Size 262144: 3.722851e-05
0: Size 524288: 5.029889e-05
0: Size 1048576: 7.629845e-05
0: Size 2097152: 1.220773e-04
0: Size 4194304: 2.132998e-04
0: Size 8388608: 4.017058e-04
0: Size 16777216: 7.750224e-04
0: Size 33554432: 1.521932e-03
0: Size 67108864: 3.015700e-03
0: Size 134217728: 6.015014e-03
0: Size 268435456: 1.226185e-02
0: Size 536870912: 2.389374e-02
0: 
