0: CCL Microbenchmarks - 1 Cores per Rank:
0: Inter-GPU Microbenchmarks will be run with the following:
0: # Processes per NUMA: 1
0: # Processes per socket: 1
0: # Processes per node: 4
0: # of nodes: 2
0: # GPUs per NUMA: 1
0: # GPUs per socket: 1
0: # GPUs per node: 4
0: # Processes per GPU: 1
0: If these are incorrect, edit the defines at the top of benchmarks/microbenchmarks.cpp
0: RCCL version : 2.22.3-HEAD:271856d
0: HIP version  : 6.4.43482-0f2d60242
0: ROCm version : 6.4.0.0-47-73dae9c
0: Hostname     : tuolumne1044
0: Librccl path : /usr/tce/packages/rocmcc/rocmcc-6.4.0-magic/lib/librccl.so.1
0: GPU-Aware intra-NUMA tests will not be run because GPNUMA is set to 1.
0: intra-socket tests will not be run because GPS is set to 1.
0: Running standard GPU-Aware benchmarks
0: Not measuring GPU-Aware intra-NUMA, because GPNUMA is set to 1
0: Not measuring GPU-Aware intra-socket, because GPS is set to 1
0: GPU-Aware On-Node, Off-Socket Ping-Pong:
0: Size 1: 1.955893e-05
0: Size 2: 1.942101e-05
0: Size 4: 1.959124e-05
0: Size 8: 1.968034e-05
0: Size 16: 1.963677e-05
0: Size 32: 1.963931e-05
0: Size 64: 1.964035e-05
0: Size 128: 1.966656e-05
0: Size 256: 1.969233e-05
0: Size 512: 1.983923e-05
0: Size 1024: 2.000727e-05
0: Size 2048: 2.093901e-05
0: Size 4096: 2.279515e-05
0: Size 8192: 2.666029e-05
0: Size 16384: 3.428673e-05
0: Size 32768: 3.482484e-05
0: Size 65536: 2.885847e-05
0: Size 131072: 2.917198e-05
0: Size 262144: 3.673644e-05
0: Size 524288: 4.901108e-05
0: Size 1048576: 7.344420e-05
0: Size 2097152: 1.215575e-04
0: Size 4194304: 2.169246e-04
0: Size 8388608: 4.034731e-04
0: Size 16777216: 7.761031e-04
0: Size 33554432: 1.524144e-03
0: Size 67108864: 3.020779e-03
0: Size 134217728: 6.013776e-03
0: Size 268435456: 1.200423e-02
0: Size 536870912: 2.410815e-02
0: 
0: GPU-Aware Off-Node Ping-Pong:
0: Size 1: 3.089539e-05
0: Size 2: 3.099124e-05
0: Size 4: 3.109444e-05
0: Size 8: 3.109622e-05
0: Size 16: 3.089631e-05
0: Size 32: 3.082871e-05
0: Size 64: 3.091567e-05
0: Size 128: 3.137631e-05
0: Size 256: 3.126307e-05
0: Size 512: 3.125759e-05
0: Size 1024: 3.134081e-05
0: Size 2048: 3.174679e-05
0: Size 4096: 3.269772e-05
0: Size 8192: 4.989557e-05
0: Size 16384: 4.855288e-05
0: Size 32768: 3.836832e-05
0: Size 65536: 4.319800e-05
0: Size 131072: 4.662306e-05
0: Size 262144: 5.341276e-05
0: Size 524288: 6.654277e-05
0: Size 1048576: 9.258813e-05
0: Size 2097152: 1.411622e-04
0: Size 4194304: 2.322113e-04
0: Size 8388608: 4.206327e-04
0: Size 16777216: 7.953412e-04
0: Size 33554432: 1.538191e-03
0: Size 67108864: 3.028619e-03
0: Size 134217728: 6.017226e-03
0: Size 268435456: 1.197639e-02
0: Size 536870912: 2.384704e-02
0: 
