0: CCL Microbenchmarks - 1 Cores per Rank:
0: Inter-GPU Microbenchmarks will be run with the following:
0: # Processes per NUMA: 1
0: # Processes per socket: 1
0: # Processes per node: 4
0: # of nodes: 2
0: # GPUs per NUMA: 1
0: # GPUs per socket: 1
0: # GPUs per node: 4
0: # Processes per GPU: 1
0: If these are incorrect, edit the defines at the top of benchmarks/microbenchmarks.cpp
0: RCCL version : 2.22.3-HEAD:271856d
0: HIP version  : 6.4.43482-0f2d60242
0: ROCm version : 6.4.0.0-47-73dae9c
0: Hostname     : tuolumne1046
0: Librccl path : /usr/tce/packages/rocmcc/rocmcc-6.4.0-magic/lib/librccl.so.1
0: GPU-Aware intra-NUMA tests will not be run because GPNUMA is set to 1.
0: intra-socket tests will not be run because GPS is set to 1.
0: Running standard GPU-Aware benchmarks
0: Not measuring GPU-Aware intra-NUMA, because GPNUMA is set to 1
0: Not measuring GPU-Aware intra-socket, because GPS is set to 1
0: GPU-Aware On-Node, Off-Socket Ping-Pong:
0: Size 1: 1.961290e-05
0: Size 2: 1.960077e-05
0: Size 4: 1.967680e-05
0: Size 8: 1.986071e-05
0: Size 16: 1.984701e-05
0: Size 32: 1.985226e-05
0: Size 64: 1.982451e-05
0: Size 128: 1.986860e-05
0: Size 256: 1.991171e-05
0: Size 512: 1.994739e-05
0: Size 1024: 2.019108e-05
0: Size 2048: 2.109683e-05
0: Size 4096: 2.298238e-05
0: Size 8192: 2.693791e-05
0: Size 16384: 3.451998e-05
0: Size 32768: 3.506692e-05
0: Size 65536: 2.914489e-05
0: Size 131072: 2.924913e-05
0: Size 262144: 3.678715e-05
0: Size 524288: 4.930880e-05
0: Size 1048576: 7.390972e-05
0: Size 2097152: 1.215425e-04
0: Size 4194304: 2.155856e-04
0: Size 8388608: 4.025072e-04
0: Size 16777216: 7.772502e-04
0: Size 33554432: 1.521609e-03
0: Size 67108864: 3.015767e-03
0: Size 134217728: 6.015355e-03
0: Size 268435456: 1.197114e-02
0: Size 536870912: 2.378977e-02
0: 
0: GPU-Aware Off-Node Ping-Pong:
0: Size 1: 3.087698e-05
0: Size 2: 3.087988e-05
0: Size 4: 3.085081e-05
0: Size 8: 3.087127e-05
0: Size 16: 2.975620e-05
0: Size 32: 2.973594e-05
0: Size 64: 2.970780e-05
0: Size 128: 3.016403e-05
0: Size 256: 3.006620e-05
0: Size 512: 3.016639e-05
0: Size 1024: 3.013166e-05
0: Size 2048: 3.055988e-05
0: Size 4096: 3.166045e-05
0: Size 8192: 3.979042e-05
0: Size 16384: 3.830242e-05
0: Size 32768: 3.736280e-05
0: Size 65536: 4.219975e-05
0: Size 131072: 4.581991e-05
0: Size 262144: 5.315182e-05
0: Size 524288: 6.642363e-05
0: Size 1048576: 9.199556e-05
0: Size 2097152: 1.396257e-04
0: Size 4194304: 2.304766e-04
0: Size 8388608: 4.202239e-04
0: Size 16777216: 7.945912e-04
0: Size 33554432: 1.538251e-03
0: Size 67108864: 3.036133e-03
0: Size 134217728: 6.023520e-03
0: Size 268435456: 1.204152e-02
0: Size 536870912: 2.399518e-02
0: 
