0: CCL Microbenchmarks - 1 Cores per Rank:
0: Inter-GPU Microbenchmarks will be run with the following:
0: # Processes per NUMA: 1
0: # Processes per socket: 1
0: # Processes per node: 4
0: # of nodes: 2
0: # GPUs per NUMA: 1
0: # GPUs per socket: 1
0: # GPUs per node: 4
0: # Processes per GPU: 1
0: If these are incorrect, edit the defines at the top of benchmarks/microbenchmarks.cpp
0: RCCL version : 2.22.3-HEAD:271856d
0: HIP version  : 6.4.43482-0f2d60242
0: ROCm version : 6.4.0.0-47-73dae9c
0: Hostname     : tuolumne1046
0: Librccl path : /usr/tce/packages/rocmcc/rocmcc-6.4.0-magic/lib/librccl.so.1
0: GPU-Aware intra-NUMA tests will not be run because GPNUMA is set to 1.
0: intra-socket tests will not be run because GPS is set to 1.
0: Running standard GPU-Aware benchmarks
0: Not measuring GPU-Aware intra-NUMA, because GPNUMA is set to 1
0: Not measuring GPU-Aware intra-socket, because GPS is set to 1
0: GPU-Aware On-Node, Off-Socket Ping-Pong:
0: Size 1: 2.022214e-05
0: Size 2: 2.031449e-05
0: Size 4: 2.013677e-05
0: Size 8: 1.986548e-05
0: Size 16: 1.970232e-05
0: Size 32: 1.973048e-05
0: Size 64: 1.974657e-05
0: Size 128: 1.971529e-05
0: Size 256: 1.973799e-05
0: Size 512: 1.978929e-05
0: Size 1024: 2.002012e-05
0: Size 2048: 2.084368e-05
0: Size 4096: 2.281272e-05
0: Size 8192: 2.660027e-05
0: Size 16384: 3.425372e-05
0: Size 32768: 3.474462e-05
0: Size 65536: 2.877069e-05
0: Size 131072: 2.888466e-05
0: Size 262144: 3.641837e-05
0: Size 524288: 4.890040e-05
0: Size 1048576: 7.335070e-05
0: Size 2097152: 1.218008e-04
0: Size 4194304: 2.159267e-04
0: Size 8388608: 4.030668e-04
0: Size 16777216: 7.787156e-04
0: Size 33554432: 1.527316e-03
0: Size 67108864: 3.024250e-03
0: Size 134217728: 6.038926e-03
0: Size 268435456: 1.202853e-02
0: Size 536870912: 2.404018e-02
0: 
0: GPU-Aware Off-Node Ping-Pong:
0: Size 1: 3.089505e-05
0: Size 2: 3.096326e-05
0: Size 4: 3.085256e-05
0: Size 8: 3.085843e-05
0: Size 16: 2.994336e-05
0: Size 32: 2.997129e-05
0: Size 64: 2.990034e-05
0: Size 128: 3.031616e-05
0: Size 256: 3.030007e-05
0: Size 512: 3.035919e-05
0: Size 1024: 3.047469e-05
0: Size 2048: 3.075430e-05
0: Size 4096: 3.166015e-05
0: Size 8192: 4.374790e-05
0: Size 16384: 4.670892e-05
0: Size 32768: 3.755804e-05
0: Size 65536: 4.230526e-05
0: Size 131072: 4.589294e-05
0: Size 262144: 5.295754e-05
0: Size 524288: 6.643789e-05
0: Size 1048576: 9.190933e-05
0: Size 2097152: 1.404790e-04
0: Size 4194304: 2.304416e-04
0: Size 8388608: 4.206873e-04
0: Size 16777216: 7.935612e-04
0: Size 33554432: 1.540989e-03
0: Size 67108864: 3.037263e-03
0: Size 134217728: 6.016479e-03
0: Size 268435456: 1.202366e-02
0: Size 536870912: 2.398624e-02
0: 
