0: CPU Microbenchmarks:
0: Inter-CPU Microbenchmarks will be run with the following:
0: # Processes per NUMA: 18
0: # Processes per socket: 18
0: # Processes per node: 72
0: # of nodes: 2
0: If these are incorrect, edit the defines at the top of benchmarks/microbenchmarks.cpp
0: intra-socket tests will not be run because there is only one NUMA per socket.  The timings will be gathered in inter-NUMA tests.
0: 
0: 
0: Running standard ping-pongs
0: 
0: On-NUMA Ping-Pong:
0: Size 1: 1.541300e-06
0: Size 2: 1.540011e-06
0: Size 4: 1.554893e-06
0: Size 8: 1.537540e-06
0: Size 16: 1.494391e-06
0: Size 32: 1.598594e-06
0: Size 64: 1.618423e-06
0: Size 128: 1.573667e-06
0: Size 256: 2.520017e-06
0: Size 512: 2.704615e-06
0: Size 1024: 2.650257e-06
0: Size 2048: 2.696419e-06
0: Size 4096: 2.730105e-06
0: Size 8192: 2.809077e-06
0: Size 16384: 3.367033e-06
0: Size 32768: 3.385857e-06
0: Size 65536: 4.561128e-06
0: Size 131072: 6.831899e-06
0: Size 262144: 1.144894e-05
0: Size 524288: 2.467303e-05
0: Size 1048576: 5.835294e-05
0: Size 2097152: 1.129104e-04
0: Size 4194304: 2.209298e-04
0: Size 8388608: 4.405982e-04
0: Size 16777216: 7.766182e-04
0: Size 33554432: 2.529689e-03
0: Size 67108864: 4.471159e-03
0: Size 134217728: 8.684237e-03
0: Size 268435456: 1.690768e-02
0: Size 536870912: 3.271189e-02
0: 
0: Not measuring intra-socket because same as intra-NUMA
0: On-Node, Off-Socket Ping-Pong:
0: Size 1: 3.956413e-06
0: Size 2: 3.961049e-06
0: Size 4: 3.943515e-06
0: Size 8: 3.946784e-06
0: Size 16: 3.973550e-06
0: Size 32: 4.120499e-06
0: Size 64: 4.275828e-06
0: Size 128: 4.216994e-06
0: Size 256: 5.788991e-06
0: Size 512: 6.534912e-06
0: Size 1024: 6.530460e-06
0: Size 2048: 6.527401e-06
0: Size 4096: 6.515730e-06
0: Size 8192: 6.307262e-06
0: Size 16384: 7.264166e-06
0: Size 32768: 6.702650e-06
0: Size 65536: 7.900666e-06
0: Size 131072: 1.012729e-05
0: Size 262144: 1.470506e-05
0: Size 524288: 2.834029e-05
0: Size 1048576: 6.155194e-05
0: Size 2097152: 1.160373e-04
0: Size 4194304: 2.241199e-04
0: Size 8388608: 4.434026e-04
0: Size 16777216: 8.479703e-04
0: Size 33554432: 4.191790e-03
0: Size 67108864: 8.348431e-03
0: Size 134217728: 1.608992e-02
0: Size 268435456: 3.298360e-02
0: Size 536870912: 6.570168e-02
0: 
0: Off-Node Ping-Pong:
0: Size 1: 4.409961e-06
0: Size 2: 4.383287e-06
0: Size 4: 4.382762e-06
0: Size 8: 4.386711e-06
0: Size 16: 4.392758e-06
0: Size 32: 4.394896e-06
0: Size 64: 4.394798e-06
0: Size 128: 5.507942e-06
0: Size 256: 5.749850e-06
0: Size 512: 5.801517e-06
0: Size 1024: 5.884317e-06
0: Size 2048: 6.072397e-06
0: Size 4096: 6.303616e-06
0: Size 8192: 7.068788e-06
0: Size 16384: 8.337860e-06
0: Size 32768: 1.513331e-05
0: Size 65536: 1.812407e-05
0: Size 131072: 2.388384e-05
0: Size 262144: 3.465976e-05
0: Size 524288: 5.565069e-05
0: Size 1048576: 9.917417e-05
0: Size 2097152: 1.856285e-04
0: Size 4194304: 3.585129e-04
0: Size 8388608: 7.040458e-04
0: Size 16777216: 1.395193e-03
0: Size 33554432: 2.778463e-03
0: Size 67108864: 5.541431e-03
0: Size 134217728: 1.106720e-02
0: Size 268435456: 2.211801e-02
0: Size 536870912: 4.427287e-02
0: 
0: Running multi-proc ping pongs
0: 
0: On-NUMA MultiProc Ping-Pong:
0: Active Procs: 1
0: Rank 0 sending to 9
0: Size 1: 1.462040e-06
0: Size 2: 1.457589e-06
0: Size 4: 1.448920e-06
0: Size 8: 1.462047e-06
0: Size 16: 1.434383e-06
0: Size 32: 1.535313e-06
0: Size 64: 1.628618e-06
0: Size 128: 1.590550e-06
0: Size 256: 2.488162e-06
0: Size 512: 2.663908e-06
0: Size 1024: 2.424792e-06
0: Size 2048: 2.458685e-06
0: Size 4096: 2.570140e-06
0: Size 8192: 2.711191e-06
0: Size 16384: 3.215722e-06
0: Size 32768: 3.714681e-06
0: Size 65536: 4.895067e-06
0: Size 131072: 7.186200e-06
0: Size 262144: 1.174637e-05
0: Size 524288: 2.438742e-05
0: Size 1048576: 5.822551e-05
0: Size 2097152: 1.128383e-04
0: Size 4194304: 2.220694e-04
0: Size 8388608: 4.407373e-04
0: Size 16777216: 7.768258e-04
0: Size 33554432: 2.150191e-03
0: Size 67108864: 3.877628e-03
0: Size 134217728: 7.637542e-03
0: Size 268435456: 1.514924e-02
0: Size 536870912: 3.014024e-02
0: 
0: Active Procs: 2
0: Rank 0 sending to 9
0: Size 1: 1.566688e-06
0: Size 2: 1.566409e-06
0: Size 4: 1.565159e-06
0: Size 8: 1.559574e-06
0: Size 16: 1.510848e-06
0: Size 32: 1.635644e-06
0: Size 64: 1.752008e-06
0: Size 128: 1.713199e-06
0: Size 256: 2.488015e-06
0: Size 512: 2.796774e-06
0: Size 1024: 2.743563e-06
0: Size 2048: 2.748652e-06
0: Size 4096: 2.777522e-06
0: Size 8192: 2.882995e-06
0: Size 16384: 3.554954e-06
0: Size 32768: 3.851970e-06
0: Size 65536: 4.987262e-06
0: Size 131072: 7.290947e-06
0: Size 262144: 1.156518e-05
0: Size 524288: 2.518901e-05
0: Size 1048576: 5.841727e-05
0: Size 2097152: 1.130911e-04
0: Size 4194304: 2.221106e-04
0: Size 8388608: 6.055598e-04
0: Size 16777216: 1.352767e-03
0: Size 33554432: 2.309527e-03
0: Size 67108864: 4.582635e-03
0: Size 134217728: 9.169667e-03
0: Size 268435456: 1.845983e-02
0: Size 536870912: 3.959559e-02
0: 
0: Active Procs: 4
0: Rank 0 sending to 9
0: Size 1: 1.573579e-06
0: Size 2: 1.587136e-06
0: Size 4: 1.590487e-06
0: Size 8: 1.588914e-06
0: Size 16: 1.580088e-06
0: Size 32: 1.651415e-06
0: Size 64: 1.768882e-06
0: Size 128: 1.751715e-06
0: Size 256: 2.678638e-06
0: Size 512: 2.904115e-06
0: Size 1024: 2.920206e-06
0: Size 2048: 2.899556e-06
0: Size 4096: 2.991181e-06
0: Size 8192: 3.165979e-06
0: Size 16384: 4.081259e-06
0: Size 32768: 4.220019e-06
0: Size 65536: 5.315519e-06
0: Size 131072: 7.603298e-06
0: Size 262144: 1.208486e-05
0: Size 524288: 2.538589e-05
0: Size 1048576: 5.877756e-05
0: Size 2097152: 1.129767e-04
0: Size 4194304: 2.654831e-04
0: Size 8388608: 9.634675e-04
0: Size 16777216: 1.813566e-03
0: Size 33554432: 3.294834e-03
0: Size 67108864: 6.398515e-03
0: Size 134217728: 1.258982e-02
0: Size 268435456: 2.513980e-02
0: Size 536870912: 5.219789e-02
0: 
0: Active Procs: 8
0: Rank 0 sending to 9
0: Size 1: 1.706163e-06
0: Size 2: 1.693231e-06
0: Size 4: 1.640480e-06
0: Size 8: 1.591431e-06
0: Size 16: 1.585693e-06
0: Size 32: 1.655604e-06
0: Size 64: 1.768878e-06
0: Size 128: 1.720175e-06
0: Size 256: 2.723728e-06
0: Size 512: 2.884677e-06
0: Size 1024: 2.866648e-06
0: Size 2048: 2.938359e-06
0: Size 4096: 2.987876e-06
0: Size 8192: 3.193803e-06
0: Size 16384: 4.307320e-06
0: Size 32768: 4.174093e-06
0: Size 65536: 5.281517e-06
0: Size 131072: 7.561569e-06
0: Size 262144: 1.251592e-05
0: Size 524288: 2.588887e-05
0: Size 1048576: 5.904252e-05
0: Size 2097152: 1.137391e-04
0: Size 4194304: 4.953531e-04
0: Size 8388608: 1.493493e-03
0: Size 16777216: 2.500278e-03
0: Size 33554432: 4.234666e-03
0: Size 67108864: 8.205193e-03
0: Size 134217728: 1.616254e-02
0: Size 268435456: 3.499389e-02
0: Size 536870912: 7.355425e-02
0: 
0: Active Procs: 9
0: Rank 0 sending to 9
0: Size 1: 1.680645e-06
0: Size 2: 1.682635e-06
0: Size 4: 1.676566e-06
0: Size 8: 1.685372e-06
0: Size 16: 1.657345e-06
0: Size 32: 1.773772e-06
0: Size 64: 1.906355e-06
0: Size 128: 1.859939e-06
0: Size 256: 2.697431e-06
0: Size 512: 2.905392e-06
0: Size 1024: 2.888548e-06
0: Size 2048: 2.969406e-06
0: Size 4096: 3.014004e-06
0: Size 8192: 3.191522e-06
0: Size 16384: 4.314232e-06
0: Size 32768: 4.200465e-06
0: Size 65536: 5.300731e-06
0: Size 131072: 7.577905e-06
0: Size 262144: 1.229027e-05
0: Size 524288: 2.582859e-05
0: Size 1048576: 5.911520e-05
0: Size 2097152: 1.156787e-04
0: Size 4194304: 6.012543e-04
0: Size 8388608: 1.718221e-03
0: Size 16777216: 2.696729e-03
0: Size 33554432: 4.994543e-03
0: Size 67108864: 9.716939e-03
0: Size 134217728: 1.917602e-02
0: Size 268435456: 4.403680e-02
0: Size 536870912: 9.125774e-02
0: 
0: Not measuring multi-proc intra-socket because same as intra-NUMA
0: On-Node, Off-Socket MultiProc Ping-Pong:
0: Active Procs: 1
0: Rank 0 sending to 36
0: Size 1: 3.727955e-06
0: Size 2: 3.714910e-06
0: Size 4: 3.709591e-06
0: Size 8: 3.694409e-06
0: Size 16: 3.527360e-06
0: Size 32: 3.937575e-06
0: Size 64: 4.072347e-06
0: Size 128: 4.108008e-06
0: Size 256: 5.745241e-06
0: Size 512: 6.212551e-06
0: Size 1024: 6.086593e-06
0: Size 2048: 6.018041e-06
0: Size 4096: 6.065415e-06
0: Size 8192: 5.967827e-06
0: Size 16384: 6.642802e-06
0: Size 32768: 6.690264e-06
0: Size 65536: 7.891572e-06
0: Size 131072: 1.016250e-05
0: Size 262144: 1.472249e-05
0: Size 524288: 2.805096e-05
0: Size 1048576: 6.201729e-05
0: Size 2097152: 1.160381e-04
0: Size 4194304: 2.240792e-04
0: Size 8388608: 4.442219e-04
0: Size 16777216: 8.518702e-04
0: Size 33554432: 4.382393e-03
0: Size 67108864: 8.244577e-03
0: Size 134217728: 1.608190e-02
0: Size 268435456: 3.170702e-02
0: Size 536870912: 6.382510e-02
0: 
0: Active Procs: 2
0: Rank 0 sending to 36
0: Size 1: 4.055920e-06
0: Size 2: 4.061823e-06
0: Size 4: 4.061609e-06
0: Size 8: 4.049677e-06
0: Size 16: 4.051338e-06
0: Size 32: 4.237465e-06
0: Size 64: 4.374165e-06
0: Size 128: 4.414084e-06
0: Size 256: 5.924524e-06
0: Size 512: 6.815132e-06
0: Size 1024: 6.898449e-06
0: Size 2048: 6.929204e-06
0: Size 4096: 6.821269e-06
0: Size 8192: 6.792367e-06
0: Size 16384: 8.460973e-06
0: Size 32768: 7.585985e-06
0: Size 65536: 8.762759e-06
0: Size 131072: 1.101038e-05
0: Size 262144: 1.528650e-05
0: Size 524288: 2.813474e-05
0: Size 1048576: 6.137714e-05
0: Size 2097152: 1.161309e-04
0: Size 4194304: 2.256714e-04
0: Size 8388608: 7.204666e-04
0: Size 16777216: 2.605061e-03
0: Size 33554432: 5.221995e-03
0: Size 67108864: 1.121210e-02
0: Size 134217728: 2.299835e-02
0: Size 268435456: 5.250368e-02
0: Size 536870912: 1.046161e-01
0: 
0: Active Procs: 4
0: Rank 0 sending to 36
0: Size 1: 3.982462e-06
0: Size 2: 3.829525e-06
0: Size 4: 3.815448e-06
0: Size 8: 3.806967e-06
0: Size 16: 3.585269e-06
0: Size 32: 4.050118e-06
0: Size 64: 4.194097e-06
0: Size 128: 4.190408e-06
0: Size 256: 6.097726e-06
0: Size 512: 6.555140e-06
0: Size 1024: 6.389883e-06
0: Size 2048: 6.465534e-06
0: Size 4096: 6.581496e-06
0: Size 8192: 6.632985e-06
0: Size 16384: 8.479631e-06
0: Size 32768: 6.437861e-06
0: Size 65536: 7.630929e-06
0: Size 131072: 9.861196e-06
0: Size 262144: 1.459823e-05
0: Size 524288: 2.881540e-05
0: Size 1048576: 6.186971e-05
0: Size 2097152: 1.167609e-04
0: Size 4194304: 3.860052e-04
0: Size 8388608: 1.909847e-03
0: Size 16777216: 4.753657e-03
0: Size 33554432: 1.042148e-02
0: Size 67108864: 2.187320e-02
0: Size 134217728: 4.303310e-02
0: Size 268435456: 1.001645e-01
0: Size 536870912: 1.996073e-01
0: 
0: Active Procs: 8
0: Rank 0 sending to 36
0: Size 1: 4.037006e-06
0: Size 2: 4.092360e-06
0: Size 4: 4.087641e-06
0: Size 8: 4.090610e-06
0: Size 16: 4.098706e-06
0: Size 32: 4.294527e-06
0: Size 64: 4.503728e-06
0: Size 128: 4.484550e-06
0: Size 256: 5.859100e-06
0: Size 512: 6.470317e-06
0: Size 1024: 6.447989e-06
0: Size 2048: 6.385274e-06
0: Size 4096: 6.332829e-06
0: Size 8192: 6.367409e-06
0: Size 16384: 8.279186e-06
0: Size 32768: 8.980234e-06
0: Size 65536: 1.011002e-05
0: Size 131072: 1.222336e-05
0: Size 262144: 1.659594e-05
0: Size 524288: 2.956816e-05
0: Size 1048576: 6.230298e-05
0: Size 2097152: 1.176453e-04
0: Size 4194304: 3.906013e-04
0: Size 8388608: 1.976869e-03
0: Size 16777216: 5.664345e-03
0: Size 33554432: 1.227077e-02
0: Size 67108864: 2.693885e-02
0: Size 134217728: 5.382158e-02
0: Size 268435456: 1.668293e-01
0: Size 536870912: 3.334572e-01
0: 
0: Active Procs: 16
0: Rank 0 sending to 36
0: Size 1: 3.787730e-06
0: Size 2: 3.785619e-06
0: Size 4: 3.783288e-06
0: Size 8: 3.784091e-06
0: Size 16: 3.782244e-06
0: Size 32: 4.043820e-06
0: Size 64: 4.470514e-06
0: Size 128: 4.691946e-06
0: Size 256: 5.773655e-06
0: Size 512: 6.674825e-06
0: Size 1024: 6.349079e-06
0: Size 2048: 6.312103e-06
0: Size 4096: 6.259776e-06
0: Size 8192: 6.341846e-06
0: Size 16384: 8.493222e-06
0: Size 32768: 8.493058e-06
0: Size 65536: 9.564053e-06
0: Size 131072: 1.176822e-05
0: Size 262144: 1.639615e-05
0: Size 524288: 2.911769e-05
0: Size 1048576: 6.229412e-05
0: Size 2097152: 1.209596e-04
0: Size 4194304: 1.115891e-03
0: Size 8388608: 4.977654e-03
0: Size 16777216: 1.057877e-02
0: Size 33554432: 2.368866e-02
0: Size 67108864: 4.948846e-02
0: Size 134217728: 1.077560e-01
0: Size 268435456: 3.268142e-01
0: Size 536870912: 6.532929e-01
0: 
0: Active Procs: 32
0: Rank 0 sending to 36
0: Size 1: 3.803544e-06
0: Size 2: 3.805529e-06
0: Size 4: 3.813476e-06
0: Size 8: 3.808899e-06
0: Size 16: 3.771363e-06
0: Size 32: 4.017024e-06
0: Size 64: 4.414677e-06
0: Size 128: 4.314030e-06
0: Size 256: 5.976010e-06
0: Size 512: 6.528228e-06
0: Size 1024: 6.062218e-06
0: Size 2048: 6.186331e-06
0: Size 4096: 6.284363e-06
0: Size 8192: 6.285115e-06
0: Size 16384: 8.413551e-06
0: Size 32768: 8.620064e-06
0: Size 65536: 9.737805e-06
0: Size 131072: 1.125959e-05
0: Size 262144: 1.595700e-05
0: Size 524288: 2.915821e-05
0: Size 1048576: 6.280534e-05
0: Size 2097152: 1.211568e-04
0: Size 4194304: 1.231923e-03
0: Size 8388608: 5.559050e-03
0: Size 16777216: 1.215809e-02
0: Size 33554432: 2.578223e-02
0: Size 67108864: 5.654821e-02
0: Size 134217728: 1.193461e-01
0: Size 268435456: 3.474100e-01
0: Size 536870912: 6.959358e-01
0: 
0: Active Procs: 36
0: Rank 0 sending to 36
0: Size 1: 4.073412e-06
0: Size 2: 4.077686e-06
0: Size 4: 4.064765e-06
0: Size 8: 4.068636e-06
0: Size 16: 4.096862e-06
0: Size 32: 4.131900e-06
0: Size 64: 4.431724e-06
0: Size 128: 4.593031e-06
0: Size 256: 6.016330e-06
0: Size 512: 6.660462e-06
0: Size 1024: 6.820017e-06
0: Size 2048: 6.886003e-06
0: Size 4096: 6.819304e-06
0: Size 8192: 6.707824e-06
0: Size 16384: 8.822151e-06
0: Size 32768: 9.183246e-06
0: Size 65536: 1.033639e-05
0: Size 131072: 1.234610e-05
0: Size 262144: 1.679579e-05
0: Size 524288: 2.923736e-05
0: Size 1048576: 6.336349e-05
0: Size 2097152: 1.218752e-04
0: Size 4194304: 1.238452e-03
0: Size 8388608: 5.760385e-03
0: Size 16777216: 1.203645e-02
0: Size 33554432: 2.683198e-02
0: Size 67108864: 5.639729e-02
0: Size 134217728: 1.194361e-01
0: Size 268435456: 3.469411e-01
0: Size 536870912: 6.930701e-01
0: 
0: Off-Node MultiProc Ping-Pong:
0: Active Procs: 1
0: Rank 0 sending to 72
0: Size 1: 4.359134e-06
0: Size 2: 4.363921e-06
0: Size 4: 4.361571e-06
0: Size 8: 4.363041e-06
0: Size 16: 4.366381e-06
0: Size 32: 4.370255e-06
0: Size 64: 4.368809e-06
0: Size 128: 5.479007e-06
0: Size 256: 5.717991e-06
0: Size 512: 5.767236e-06
0: Size 1024: 5.863586e-06
0: Size 2048: 6.055713e-06
0: Size 4096: 6.272955e-06
0: Size 8192: 7.027898e-06
0: Size 16384: 8.273907e-06
0: Size 32768: 1.514154e-05
0: Size 65536: 1.823236e-05
0: Size 131072: 2.403515e-05
0: Size 262144: 3.465765e-05
0: Size 524288: 5.567907e-05
0: Size 1048576: 9.920219e-05
0: Size 2097152: 1.856617e-04
0: Size 4194304: 3.585069e-04
0: Size 8388608: 7.040587e-04
0: Size 16777216: 1.395293e-03
0: Size 33554432: 2.778168e-03
0: Size 67108864: 5.541259e-03
0: Size 134217728: 1.106709e-02
0: Size 268435456: 2.211802e-02
0: Size 536870912: 4.421897e-02
0: 
0: Active Procs: 2
0: Rank 0 sending to 72
0: Size 1: 4.373446e-06
0: Size 2: 4.369977e-06
0: Size 4: 4.364367e-06
0: Size 8: 4.365400e-06
0: Size 16: 4.371725e-06
0: Size 32: 4.371646e-06
0: Size 64: 4.371786e-06
0: Size 128: 5.476632e-06
0: Size 256: 5.699654e-06
0: Size 512: 5.748571e-06
0: Size 1024: 5.852595e-06
0: Size 2048: 6.062567e-06
0: Size 4096: 6.316553e-06
0: Size 8192: 7.087266e-06
0: Size 16384: 8.321252e-06
0: Size 32768: 1.572136e-05
0: Size 65536: 1.996154e-05
0: Size 131072: 2.617991e-05
0: Size 262144: 3.805041e-05
0: Size 524288: 5.843866e-05
0: Size 1048576: 1.044228e-04
0: Size 2097152: 1.932608e-04
0: Size 4194304: 3.732265e-04
0: Size 8388608: 7.329389e-04
0: Size 16777216: 1.453604e-03
0: Size 33554432: 2.905027e-03
0: Size 67108864: 5.798675e-03
0: Size 134217728: 1.163616e-02
0: Size 268435456: 2.338459e-02
0: Size 536870912: 4.751899e-02
0: 
0: Active Procs: 4
0: Rank 0 sending to 72
0: Size 1: 4.410757e-06
0: Size 2: 4.394265e-06
0: Size 4: 4.393860e-06
0: Size 8: 4.396023e-06
0: Size 16: 4.401272e-06
0: Size 32: 4.401182e-06
0: Size 64: 4.398646e-06
0: Size 128: 5.500215e-06
0: Size 256: 5.717495e-06
0: Size 512: 5.766670e-06
0: Size 1024: 5.878237e-06
0: Size 2048: 6.112026e-06
0: Size 4096: 6.408041e-06
0: Size 8192: 7.187967e-06
0: Size 16384: 8.509576e-06
0: Size 32768: 1.638343e-05
0: Size 65536: 2.068320e-05
0: Size 131072: 2.732038e-05
0: Size 262144: 4.503126e-05
0: Size 524288: 9.009323e-05
0: Size 1048576: 1.797144e-04
0: Size 2097152: 3.593615e-04
0: Size 4194304: 7.186496e-04
0: Size 8388608: 1.437604e-03
0: Size 16777216: 2.876057e-03
0: Size 33554432: 5.797353e-03
0: Size 67108864: 1.161989e-02
0: Size 134217728: 2.327410e-02
0: Size 268435456: 4.681350e-02
0: Size 536870912: 9.455357e-02
0: 
0: Active Procs: 8
0: Rank 0 sending to 72
0: Size 1: 4.528166e-06
0: Size 2: 4.517324e-06
0: Size 4: 4.520430e-06
0: Size 8: 4.519178e-06
0: Size 16: 4.529819e-06
0: Size 32: 4.526796e-06
0: Size 64: 4.534941e-06
0: Size 128: 5.587743e-06
0: Size 256: 5.813972e-06
0: Size 512: 5.884179e-06
0: Size 1024: 5.991694e-06
0: Size 2048: 6.242565e-06
0: Size 4096: 6.634101e-06
0: Size 8192: 7.497336e-06
0: Size 16384: 9.346939e-06
0: Size 32768: 1.955069e-05
0: Size 65536: 2.546192e-05
0: Size 131072: 4.547857e-05
0: Size 262144: 9.010156e-05
0: Size 524288: 1.798853e-04
0: Size 1048576: 3.594109e-04
0: Size 2097152: 7.190133e-04
0: Size 4194304: 1.437252e-03
0: Size 8388608: 2.874601e-03
0: Size 16777216: 5.781488e-03
0: Size 33554432: 1.158168e-02
0: Size 67108864: 2.319315e-02
0: Size 134217728: 4.651080e-02
0: Size 268435456: 9.346388e-02
0: Size 536870912: 1.885468e-01
0: 
0: Active Procs: 16
0: Rank 0 sending to 72
0: Size 1: 4.825625e-06
0: Size 2: 4.810993e-06
0: Size 4: 4.805187e-06
0: Size 8: 4.811224e-06
0: Size 16: 4.812674e-06
0: Size 32: 4.822990e-06
0: Size 64: 4.840730e-06
0: Size 128: 5.887917e-06
0: Size 256: 6.068929e-06
0: Size 512: 6.126058e-06
0: Size 1024: 6.273525e-06
0: Size 2048: 6.522606e-06
0: Size 4096: 7.039320e-06
0: Size 8192: 8.594020e-06
0: Size 16384: 1.130627e-05
0: Size 32768: 2.445005e-05
0: Size 65536: 4.564462e-05
0: Size 131072: 9.060248e-05
0: Size 262144: 1.802431e-04
0: Size 524288: 3.604741e-04
0: Size 1048576: 7.194825e-04
0: Size 2097152: 1.437430e-03
0: Size 4194304: 2.881125e-03
0: Size 8388608: 5.775592e-03
0: Size 16777216: 1.157052e-02
0: Size 33554432: 2.315697e-02
0: Size 67108864: 4.636521e-02
0: Size 134217728: 9.299474e-02
0: Size 268435456: 1.868254e-01
0: Size 536870912: 3.770163e-01
0: 
0: Active Procs: 32
0: Rank 0 sending to 72
0: Size 1: 4.942208e-06
0: Size 2: 4.938859e-06
0: Size 4: 4.942308e-06
0: Size 8: 4.938994e-06
0: Size 16: 4.954646e-06
0: Size 32: 4.946238e-06
0: Size 64: 4.952212e-06
0: Size 128: 6.041802e-06
0: Size 256: 6.194759e-06
0: Size 512: 6.264921e-06
0: Size 1024: 6.397659e-06
0: Size 2048: 6.675392e-06
0: Size 4096: 7.318969e-06
0: Size 8192: 8.691316e-06
0: Size 16384: 1.270258e-05
0: Size 32768: 2.644878e-05
0: Size 65536: 5.135772e-05
0: Size 131072: 1.019084e-04
0: Size 262144: 2.027339e-04
0: Size 524288: 4.060941e-04
0: Size 1048576: 8.092545e-04
0: Size 2097152: 1.618706e-03
0: Size 4194304: 3.257631e-03
0: Size 8388608: 6.511092e-03
0: Size 16777216: 1.303756e-02
0: Size 33554432: 2.608451e-02
0: Size 67108864: 5.224138e-02
0: Size 134217728: 1.047994e-01
0: Size 268435456: 2.105802e-01
0: Size 536870912: 4.246545e-01
0: 
0: Active Procs: 64
0: Rank 0 sending to 72
0: Size 1: 4.947792e-06
0: Size 2: 4.949094e-06
0: Size 4: 4.945372e-06
0: Size 8: 4.950846e-06
0: Size 16: 4.952247e-06
0: Size 32: 4.956678e-06
0: Size 64: 4.965595e-06
0: Size 128: 6.056319e-06
0: Size 256: 6.224384e-06
0: Size 512: 6.291515e-06
0: Size 1024: 6.424824e-06
0: Size 2048: 6.794906e-06
0: Size 4096: 7.351952e-06
0: Size 8192: 9.017761e-06
0: Size 16384: 1.276573e-05
0: Size 32768: 2.659231e-05
0: Size 65536: 5.136277e-05
0: Size 131072: 1.019209e-04
0: Size 262144: 2.027158e-04
0: Size 524288: 4.054444e-04
0: Size 1048576: 8.118193e-04
0: Size 2097152: 1.619098e-03
0: Size 4194304: 3.258726e-03
0: Size 8388608: 6.531768e-03
0: Size 16777216: 1.304220e-02
0: Size 33554432: 2.610643e-02
0: Size 67108864: 5.226439e-02
0: Size 134217728: 1.048226e-01
0: Size 268435456: 2.106908e-01
0: Size 536870912: 4.242179e-01
0: 
0: Active Procs: 72
0: Rank 0 sending to 72
0: Size 1: 4.956775e-06
0: Size 2: 4.949281e-06
0: Size 4: 4.944188e-06
0: Size 8: 4.950249e-06
0: Size 16: 4.950351e-06
0: Size 32: 4.954553e-06
0: Size 64: 4.955507e-06
0: Size 128: 6.049970e-06
0: Size 256: 6.232251e-06
0: Size 512: 6.291133e-06
0: Size 1024: 6.432896e-06
0: Size 2048: 6.704719e-06
0: Size 4096: 7.341369e-06
0: Size 8192: 8.668803e-06
0: Size 16384: 1.270951e-05
0: Size 32768: 2.657953e-05
0: Size 65536: 5.137408e-05
0: Size 131072: 1.019248e-04
0: Size 262144: 2.027121e-04
0: Size 524288: 4.057500e-04
0: Size 1048576: 8.117275e-04
0: Size 2097152: 1.619080e-03
0: Size 4194304: 3.259507e-03
0: Size 8388608: 6.529262e-03
0: Size 16777216: 1.304126e-02
0: Size 33554432: 2.610852e-02
0: Size 67108864: 5.228896e-02
0: Size 134217728: 1.048084e-01
0: Size 268435456: 2.107714e-01
0: Size 536870912: 4.243655e-01
0: 
0: On-NUMA MultiProc Ping-Pong, All NUMAs Active:
0: Active Procs: 1
0: Rank 0 sending to 9
0: Size 1: 2.397903e-06
0: Size 2: 2.402586e-06
0: Size 4: 2.401002e-06
0: Size 8: 2.402072e-06
0: Size 16: 2.400351e-06
0: Size 32: 2.435223e-06
0: Size 64: 2.596047e-06
0: Size 128: 2.443413e-06
0: Size 256: 3.330687e-06
0: Size 512: 3.369326e-06
0: Size 1024: 3.141389e-06
0: Size 2048: 3.226049e-06
0: Size 4096: 3.228819e-06
0: Size 8192: 3.366367e-06
0: Size 16384: 4.035777e-06
0: Size 32768: 4.307881e-06
0: Size 65536: 5.499727e-06
0: Size 131072: 7.756695e-06
0: Size 262144: 1.232867e-05
0: Size 524288: 2.557218e-05
0: Size 1048576: 5.901284e-05
0: Size 2097152: 1.137138e-04
0: Size 4194304: 2.223092e-04
0: Size 8388608: 4.410791e-04
0: Size 16777216: 7.803241e-04
0: Size 33554432: 2.279334e-03
0: Size 67108864: 4.312976e-03
0: Size 134217728: 8.295280e-03
0: Size 268435456: 1.619132e-02
0: Size 536870912: 3.187233e-02
0: 
0: Active Procs: 2
0: Rank 0 sending to 9
0: Size 1: 2.480878e-06
0: Size 2: 2.479153e-06
0: Size 4: 2.476919e-06
0: Size 8: 2.475760e-06
0: Size 16: 2.474277e-06
0: Size 32: 2.487439e-06
0: Size 64: 2.611224e-06
0: Size 128: 2.442414e-06
0: Size 256: 3.358516e-06
0: Size 512: 3.575281e-06
0: Size 1024: 3.318268e-06
0: Size 2048: 3.377041e-06
0: Size 4096: 3.377243e-06
0: Size 8192: 3.585392e-06
0: Size 16384: 4.664849e-06
0: Size 32768: 5.217773e-06
0: Size 65536: 6.372185e-06
0: Size 131072: 8.664899e-06
0: Size 262144: 1.327198e-05
0: Size 524288: 2.639527e-05
0: Size 1048576: 5.924323e-05
0: Size 2097152: 1.139241e-04
0: Size 4194304: 2.234212e-04
0: Size 8388608: 6.291115e-04
0: Size 16777216: 1.421448e-03
0: Size 33554432: 2.340117e-03
0: Size 67108864: 4.682001e-03
0: Size 134217728: 9.567921e-03
0: Size 268435456: 2.033471e-02
0: Size 536870912: 4.215683e-02
0: 
0: Active Procs: 4
0: Rank 0 sending to 9
0: Size 1: 2.692565e-06
0: Size 2: 2.693124e-06
0: Size 4: 2.694300e-06
0: Size 8: 2.694114e-06
0: Size 16: 2.691238e-06
0: Size 32: 2.694870e-06
0: Size 64: 2.871398e-06
0: Size 128: 2.723210e-06
0: Size 256: 3.726427e-06
0: Size 512: 3.866444e-06
0: Size 1024: 3.287042e-06
0: Size 2048: 3.318773e-06
0: Size 4096: 3.375852e-06
0: Size 8192: 3.592974e-06
0: Size 16384: 5.285506e-06
0: Size 32768: 5.914168e-06
0: Size 65536: 6.805239e-06
0: Size 131072: 9.045589e-06
0: Size 262144: 1.396409e-05
0: Size 524288: 2.660154e-05
0: Size 1048576: 5.945046e-05
0: Size 2097152: 1.141324e-04
0: Size 4194304: 2.831505e-04
0: Size 8388608: 9.839473e-04
0: Size 16777216: 1.797385e-03
0: Size 33554432: 3.422243e-03
0: Size 67108864: 6.602974e-03
0: Size 134217728: 1.278299e-02
0: Size 268435456: 2.523832e-02
0: Size 536870912: 6.064020e-02
0: 
0: Active Procs: 8
0: Rank 0 sending to 9
0: Size 1: 2.844052e-06
0: Size 2: 2.845857e-06
0: Size 4: 2.845747e-06
0: Size 8: 2.850531e-06
0: Size 16: 2.845815e-06
0: Size 32: 2.841267e-06
0: Size 64: 3.007519e-06
0: Size 128: 2.829916e-06
0: Size 256: 3.801137e-06
0: Size 512: 3.932281e-06
0: Size 1024: 3.425930e-06
0: Size 2048: 3.527947e-06
0: Size 4096: 3.535857e-06
0: Size 8192: 3.788307e-06
0: Size 16384: 5.157240e-06
0: Size 32768: 5.811223e-06
0: Size 65536: 6.922505e-06
0: Size 131072: 9.128736e-06
0: Size 262144: 1.419289e-05
0: Size 524288: 2.669021e-05
0: Size 1048576: 5.974856e-05
0: Size 2097152: 1.143772e-04
0: Size 4194304: 5.096310e-04
0: Size 8388608: 1.505123e-03
0: Size 16777216: 2.523091e-03
0: Size 33554432: 4.338898e-03
0: Size 67108864: 8.415372e-03
0: Size 134217728: 1.703802e-02
0: Size 268435456: 3.791713e-02
0: Size 536870912: 9.689933e-02
0: 
0: Active Procs: 9
0: Rank 0 sending to 9
0: Size 1: 2.760183e-06
0: Size 2: 2.760696e-06
0: Size 4: 2.762977e-06
0: Size 8: 2.761377e-06
0: Size 16: 2.765748e-06
0: Size 32: 2.758909e-06
0: Size 64: 3.036567e-06
0: Size 128: 2.880348e-06
0: Size 256: 3.834910e-06
0: Size 512: 4.009117e-06
0: Size 1024: 3.471833e-06
0: Size 2048: 3.548214e-06
0: Size 4096: 3.585927e-06
0: Size 8192: 3.807550e-06
0: Size 16384: 5.703182e-06
0: Size 32768: 6.309107e-06
0: Size 65536: 7.414044e-06
0: Size 131072: 9.610267e-06
0: Size 262144: 1.400281e-05
0: Size 524288: 2.666394e-05
0: Size 1048576: 6.006104e-05
0: Size 2097152: 1.161688e-04
0: Size 4194304: 6.139828e-04
0: Size 8388608: 1.846362e-03
0: Size 16777216: 2.765339e-03
0: Size 33554432: 5.129957e-03
0: Size 67108864: 9.874199e-03
0: Size 134217728: 2.075708e-02
0: Size 268435456: 4.211542e-02
0: Size 536870912: 1.156088e-01
0: 
0: Not measuring multi-proc intra-socket with all numas active, because same as intra-NUMA
0: Off-Node MultiProc Ping-Pong, Even NUMA Regions:
0: Active Procs: 1
0: Rank 0 sending to 72
0: Size 1: 4.374140e-06
0: Size 2: 4.370359e-06
0: Size 4: 4.368416e-06
0: Size 8: 4.370306e-06
0: Size 16: 4.373712e-06
0: Size 32: 4.373956e-06
0: Size 64: 4.372870e-06
0: Size 128: 5.483493e-06
0: Size 256: 5.757018e-06
0: Size 512: 5.805978e-06
0: Size 1024: 5.909482e-06
0: Size 2048: 6.127389e-06
0: Size 4096: 6.390136e-06
0: Size 8192: 7.153943e-06
0: Size 16384: 8.404974e-06
0: Size 32768: 1.533929e-05
0: Size 65536: 1.835313e-05
0: Size 131072: 2.413834e-05
0: Size 262144: 3.483121e-05
0: Size 524288: 5.634143e-05
0: Size 1048576: 9.986149e-05
0: Size 2097152: 1.861746e-04
0: Size 4194304: 3.590245e-04
0: Size 8388608: 7.044332e-04
0: Size 16777216: 1.395570e-03
0: Size 33554432: 2.778534e-03
0: Size 67108864: 5.541709e-03
0: Size 134217728: 1.106729e-02
0: Size 268435456: 2.211842e-02
0: Size 536870912: 4.421899e-02
0: 
0: Active Procs: 2
0: Rank 0 sending to 72
0: Size 1: 4.380711e-06
0: Size 2: 4.380397e-06
0: Size 4: 4.378417e-06
0: Size 8: 4.379667e-06
0: Size 16: 4.384920e-06
0: Size 32: 4.387488e-06
0: Size 64: 4.384470e-06
0: Size 128: 5.486682e-06
0: Size 256: 5.751782e-06
0: Size 512: 5.793528e-06
0: Size 1024: 5.894503e-06
0: Size 2048: 6.140858e-06
0: Size 4096: 6.435683e-06
0: Size 8192: 7.201994e-06
0: Size 16384: 8.481635e-06
0: Size 32768: 1.643265e-05
0: Size 65536: 2.133380e-05
0: Size 131072: 2.739077e-05
0: Size 262144: 3.932137e-05
0: Size 524288: 5.921709e-05
0: Size 1048576: 1.054741e-04
0: Size 2097152: 1.941065e-04
0: Size 4194304: 3.739041e-04
0: Size 8388608: 7.328539e-04
0: Size 16777216: 1.454870e-03
0: Size 33554432: 2.918429e-03
0: Size 67108864: 5.818965e-03
0: Size 134217728: 1.167685e-02
0: Size 268435456: 2.347010e-02
0: Size 536870912: 4.756467e-02
0: 
0: Active Procs: 4
0: Rank 0 sending to 72
0: Size 1: 4.449590e-06
0: Size 2: 4.448220e-06
0: Size 4: 4.446411e-06
0: Size 8: 4.445878e-06
0: Size 16: 4.453249e-06
0: Size 32: 4.452306e-06
0: Size 64: 4.450212e-06
0: Size 128: 5.529096e-06
0: Size 256: 5.771039e-06
0: Size 512: 5.817081e-06
0: Size 1024: 5.937099e-06
0: Size 2048: 6.191075e-06
0: Size 4096: 6.524270e-06
0: Size 8192: 7.355418e-06
0: Size 16384: 8.767584e-06
0: Size 32768: 1.706375e-05
0: Size 65536: 2.357681e-05
0: Size 131072: 2.813393e-05
0: Size 262144: 4.500361e-05
0: Size 524288: 9.015002e-05
0: Size 1048576: 1.798292e-04
0: Size 2097152: 3.594030e-04
0: Size 4194304: 7.188374e-04
0: Size 8388608: 1.440451e-03
0: Size 16777216: 2.887562e-03
0: Size 33554432: 5.810595e-03
0: Size 67108864: 1.162428e-02
0: Size 134217728: 2.340158e-02
0: Size 268435456: 4.706579e-02
0: Size 536870912: 9.484435e-02
0: 
0: Active Procs: 8
0: Rank 0 sending to 72
0: Size 1: 4.658345e-06
0: Size 2: 4.653966e-06
0: Size 4: 4.653692e-06
0: Size 8: 4.655861e-06
0: Size 16: 4.660858e-06
0: Size 32: 4.666844e-06
0: Size 64: 4.665052e-06
0: Size 128: 5.690333e-06
0: Size 256: 5.922950e-06
0: Size 512: 5.976167e-06
0: Size 1024: 6.097384e-06
0: Size 2048: 6.366147e-06
0: Size 4096: 6.785210e-06
0: Size 8192: 7.796683e-06
0: Size 16384: 1.090626e-05
0: Size 32768: 2.052662e-05
0: Size 65536: 2.650981e-05
0: Size 131072: 4.560954e-05
0: Size 262144: 9.014417e-05
0: Size 524288: 1.800135e-04
0: Size 1048576: 3.599857e-04
0: Size 2097152: 7.192479e-04
0: Size 4194304: 1.438963e-03
0: Size 8388608: 2.892101e-03
0: Size 16777216: 5.795123e-03
0: Size 33554432: 1.161476e-02
0: Size 67108864: 2.323243e-02
0: Size 134217728: 4.659404e-02
0: Size 268435456: 9.369170e-02
0: Size 536870912: 1.888962e-01
0: 
0: Active Procs: 16
0: Rank 0 sending to 72
0: Size 1: 4.908971e-06
0: Size 2: 4.910950e-06
0: Size 4: 4.920724e-06
0: Size 8: 4.910227e-06
0: Size 16: 4.920076e-06
0: Size 32: 4.920244e-06
0: Size 64: 4.927871e-06
0: Size 128: 6.001504e-06
0: Size 256: 6.181603e-06
0: Size 512: 6.244992e-06
0: Size 1024: 6.373101e-06
0: Size 2048: 6.646124e-06
0: Size 4096: 7.231853e-06
0: Size 8192: 1.081978e-05
0: Size 16384: 1.132215e-05
0: Size 32768: 2.531967e-05
0: Size 65536: 4.578922e-05
0: Size 131072: 9.062950e-05
0: Size 262144: 1.803023e-04
0: Size 524288: 3.605474e-04
0: Size 1048576: 7.219215e-04
0: Size 2097152: 1.438972e-03
0: Size 4194304: 2.884196e-03
0: Size 8388608: 5.807370e-03
0: Size 16777216: 1.159431e-02
0: Size 33554432: 2.319931e-02
0: Size 67108864: 4.646828e-02
0: Size 134217728: 9.320330e-02
0: Size 268435456: 1.871359e-01
0: Size 536870912: 3.779276e-01
0: 
0: Active Procs: 18
0: Rank 0 sending to 72
0: Size 1: 4.950744e-06
0: Size 2: 4.945212e-06
0: Size 4: 4.944172e-06
0: Size 8: 4.939738e-06
0: Size 16: 4.957481e-06
0: Size 32: 4.954872e-06
0: Size 64: 4.953023e-06
0: Size 128: 6.048547e-06
0: Size 256: 6.221799e-06
0: Size 512: 6.290864e-06
0: Size 1024: 6.421830e-06
0: Size 2048: 6.695218e-06
0: Size 4096: 7.332025e-06
0: Size 8192: 8.700830e-06
0: Size 16384: 1.270699e-05
0: Size 32768: 2.657582e-05
0: Size 65536: 5.137359e-05
0: Size 131072: 1.019202e-04
0: Size 262144: 2.028561e-04
0: Size 524288: 4.058441e-04
0: Size 1048576: 8.120306e-04
0: Size 2097152: 1.618811e-03
0: Size 4194304: 3.258192e-03
0: Size 8388608: 6.528409e-03
0: Size 16777216: 1.304307e-02
0: Size 33554432: 2.609815e-02
0: Size 67108864: 5.227979e-02
0: Size 134217728: 1.048125e-01
0: Size 268435456: 2.106931e-01
0: Size 536870912: 4.240994e-01
0: 
0: Not measuring off-node multiproc with even sockets, because same as even NUMAs
0: Not running any matching (queue search) benchmarks.  To run these, edit the #define MATCHING to a nonzero number
