0: CPU Microbenchmarks:
0: Inter-CPU Microbenchmarks will be run with the following:
0: # Processes per NUMA: 16
0: # Processes per socket: 16
0: # Processes per node: 64
0: # of nodes: 2
0: If these are incorrect, edit the defines at the top of benchmarks/microbenchmarks.cpp
0: intra-socket tests will not be run because there is only one NUMA per socket.  The timings will be gathered in inter-NUMA tests.
0: 
0: 
0: Running standard ping-pongs
0: 
0: On-NUMA Ping-Pong:
0: Size 1: 4.640758e-07
0: Size 2: 4.632705e-07
0: Size 4: 4.642244e-07
0: Size 8: 4.621172e-07
0: Size 16: 4.546545e-07
0: Size 32: 4.798078e-07
0: Size 64: 4.998275e-07
0: Size 128: 5.159923e-07
0: Size 256: 1.202503e-06
0: Size 512: 1.256364e-06
0: Size 1024: 1.008062e-06
0: Size 2048: 1.042639e-06
0: Size 4096: 1.108880e-06
0: Size 8192: 1.355801e-06
0: Size 16384: 1.793728e-06
0: Size 32768: 2.408551e-06
0: Size 65536: 3.602262e-06
0: Size 131072: 5.991724e-06
0: Size 262144: 1.076946e-05
0: Size 524288: 2.329104e-05
0: Size 1048576: 5.646638e-05
0: Size 2097152: 1.108821e-04
0: Size 4194304: 2.192885e-04
0: Size 8388608: 5.645334e-04
0: Size 16777216: 1.794719e-03
0: Size 33554432: 2.732970e-03
0: Size 67108864: 4.518212e-03
0: Size 134217728: 8.925345e-03
0: Size 268435456: 1.759691e-02
0: Size 536870912: 3.665187e-02
0: 
0: Not measuring intra-socket because same as intra-NUMA
0: On-Node, Off-Socket Ping-Pong:
0: Size 1: 2.923082e-06
0: Size 2: 2.913938e-06
0: Size 4: 2.917199e-06
0: Size 8: 2.917571e-06
0: Size 16: 2.652221e-06
0: Size 32: 3.232215e-06
0: Size 64: 3.412491e-06
0: Size 128: 3.565349e-06
0: Size 256: 4.670113e-06
0: Size 512: 5.462459e-06
0: Size 1024: 4.752796e-06
0: Size 2048: 4.860399e-06
0: Size 4096: 4.802658e-06
0: Size 8192: 4.793231e-06
0: Size 16384: 5.036447e-06
0: Size 32768: 5.622023e-06
0: Size 65536: 6.839209e-06
0: Size 131072: 9.223438e-06
0: Size 262144: 1.404675e-05
0: Size 524288: 2.770065e-05
0: Size 1048576: 6.062753e-05
0: Size 2097152: 1.147784e-04
0: Size 4194304: 2.233199e-04
0: Size 8388608: 4.406220e-04
0: Size 16777216: 8.388214e-04
0: Size 33554432: 3.740039e-03
0: Size 67108864: 6.990608e-03
0: Size 134217728: 1.305585e-02
0: Size 268435456: 2.714235e-02
0: Size 536870912: 5.286936e-02
0: 
0: Off-Node Ping-Pong:
0: Size 1: 4.036093e-06
0: Size 2: 4.057934e-06
0: Size 4: 4.030965e-06
0: Size 8: 3.978151e-06
0: Size 16: 3.695763e-06
0: Size 32: 4.391118e-06
0: Size 64: 4.791428e-06
0: Size 128: 5.072208e-06
0: Size 256: 6.154557e-06
0: Size 512: 7.272689e-06
0: Size 1024: 6.004407e-06
0: Size 2048: 5.910608e-06
0: Size 4096: 5.875449e-06
0: Size 8192: 6.060595e-06
0: Size 16384: 5.690401e-06
0: Size 32768: 6.290517e-06
0: Size 65536: 7.490369e-06
0: Size 131072: 9.886507e-06
0: Size 262144: 1.463874e-05
0: Size 524288: 2.928958e-05
0: Size 1048576: 6.278790e-05
0: Size 2097152: 1.175054e-04
0: Size 4194304: 2.282038e-04
0: Size 8388608: 4.438714e-04
0: Size 16777216: 8.667762e-04
0: Size 33554432: 4.332593e-03
0: Size 67108864: 8.756096e-03
0: Size 134217728: 1.602864e-02
0: Size 268435456: 3.297676e-02
0: Size 536870912: 6.688360e-02
0: 
0: Running multi-proc ping pongs
0: 
0: On-NUMA MultiProc Ping-Pong:
0: Active Procs: 1
0: Rank 0 sending to 8
0: Size 1: 4.832936e-07
0: Size 2: 4.845945e-07
0: Size 4: 4.799241e-07
0: Size 8: 4.780067e-07
0: Size 16: 4.773161e-07
0: Size 32: 4.987684e-07
0: Size 64: 5.162026e-07
0: Size 128: 5.320188e-07
0: Size 256: 1.207595e-06
0: Size 512: 1.295339e-06
0: Size 1024: 1.025541e-06
0: Size 2048: 1.061738e-06
0: Size 4096: 1.120325e-06
0: Size 8192: 1.358368e-06
0: Size 16384: 1.819701e-06
0: Size 32768: 2.432852e-06
0: Size 65536: 3.624774e-06
0: Size 131072: 6.015915e-06
0: Size 262144: 1.080766e-05
0: Size 524288: 2.350008e-05
0: Size 1048576: 5.649214e-05
0: Size 2097152: 1.108870e-04
0: Size 4194304: 2.193727e-04
0: Size 8388608: 5.886386e-04
0: Size 16777216: 1.887304e-03
0: Size 33554432: 2.767711e-03
0: Size 67108864: 5.190861e-03
0: Size 134217728: 9.575889e-03
0: Size 268435456: 1.765733e-02
0: Size 536870912: 3.535204e-02
0: 
0: Active Procs: 2
0: Rank 0 sending to 8
0: Size 1: 4.951966e-07
0: Size 2: 4.967132e-07
0: Size 4: 4.958939e-07
0: Size 8: 4.962432e-07
0: Size 16: 4.951776e-07
0: Size 32: 5.072589e-07
0: Size 64: 5.198233e-07
0: Size 128: 5.360445e-07
0: Size 256: 1.197312e-06
0: Size 512: 1.237748e-06
0: Size 1024: 1.008774e-06
0: Size 2048: 1.062465e-06
0: Size 4096: 1.179596e-06
0: Size 8192: 1.541388e-06
0: Size 16384: 2.074254e-06
0: Size 32768: 2.867274e-06
0: Size 65536: 3.752353e-06
0: Size 131072: 6.295994e-06
0: Size 262144: 1.222402e-05
0: Size 524288: 2.989050e-05
0: Size 1048576: 5.747002e-05
0: Size 2097152: 1.160130e-04
0: Size 4194304: 3.397688e-04
0: Size 8388608: 1.356351e-03
0: Size 16777216: 1.970863e-03
0: Size 33554432: 3.338055e-03
0: Size 67108864: 6.091327e-03
0: Size 134217728: 1.174170e-02
0: Size 268435456: 2.319334e-02
0: Size 536870912: 5.166209e-02
0: 
0: Active Procs: 4
0: Rank 0 sending to 8
0: Size 1: 1.552393e-06
0: Size 2: 1.556270e-06
0: Size 4: 1.554729e-06
0: Size 8: 1.551459e-06
0: Size 16: 1.506545e-06
0: Size 32: 1.634421e-06
0: Size 64: 1.743000e-06
0: Size 128: 1.824281e-06
0: Size 256: 2.694485e-06
0: Size 512: 2.930125e-06
0: Size 1024: 2.764867e-06
0: Size 2048: 2.817316e-06
0: Size 4096: 2.956028e-06
0: Size 8192: 3.337198e-06
0: Size 16384: 3.616524e-06
0: Size 32768: 4.189387e-06
0: Size 65536: 5.377310e-06
0: Size 131072: 7.745586e-06
0: Size 262144: 1.377573e-05
0: Size 524288: 2.978717e-05
0: Size 1048576: 5.962962e-05
0: Size 2097152: 1.279205e-04
0: Size 4194304: 5.263880e-04
0: Size 8388608: 1.518911e-03
0: Size 16777216: 2.404913e-03
0: Size 33554432: 4.359509e-03
0: Size 67108864: 8.330269e-03
0: Size 134217728: 1.644289e-02
0: Size 268435456: 3.242722e-02
0: Size 536870912: 6.432160e-02
0: 
0: Active Procs: 8
0: Rank 0 sending to 8
0: Size 1: 1.581748e-06
0: Size 2: 1.591506e-06
0: Size 4: 1.592676e-06
0: Size 8: 1.593602e-06
0: Size 16: 1.597115e-06
0: Size 32: 1.665310e-06
0: Size 64: 1.754279e-06
0: Size 128: 1.830271e-06
0: Size 256: 2.609908e-06
0: Size 512: 2.985293e-06
0: Size 1024: 2.957210e-06
0: Size 2048: 3.037086e-06
0: Size 4096: 3.167066e-06
0: Size 8192: 3.333842e-06
0: Size 16384: 3.698552e-06
0: Size 32768: 4.345503e-06
0: Size 65536: 5.623027e-06
0: Size 131072: 8.445486e-06
0: Size 262144: 1.523925e-05
0: Size 524288: 3.044390e-05
0: Size 1048576: 1.072490e-04
0: Size 2097152: 2.176515e-04
0: Size 4194304: 8.152898e-04
0: Size 8388608: 2.526461e-03
0: Size 16777216: 4.216773e-03
0: Size 33554432: 7.530372e-03
0: Size 67108864: 1.414024e-02
0: Size 134217728: 2.743138e-02
0: Size 268435456: 5.568489e-02
0: Size 536870912: 1.256638e-01
0: 
0: Not measuring multi-proc intra-socket because same as intra-NUMA
0: On-Node, Off-Socket MultiProc Ping-Pong:
0: Active Procs: 1
0: Rank 0 sending to 32
0: Size 1: 2.898891e-06
0: Size 2: 2.880516e-06
0: Size 4: 2.843955e-06
0: Size 8: 2.832601e-06
0: Size 16: 2.618649e-06
0: Size 32: 3.172042e-06
0: Size 64: 3.390090e-06
0: Size 128: 3.550177e-06
0: Size 256: 4.665553e-06
0: Size 512: 5.410790e-06
0: Size 1024: 4.491335e-06
0: Size 2048: 4.451848e-06
0: Size 4096: 4.487640e-06
0: Size 8192: 4.572047e-06
0: Size 16384: 5.066640e-06
0: Size 32768: 5.698098e-06
0: Size 65536: 6.958898e-06
0: Size 131072: 9.369695e-06
0: Size 262144: 1.414852e-05
0: Size 524288: 2.768919e-05
0: Size 1048576: 6.069354e-05
0: Size 2097152: 1.151205e-04
0: Size 4194304: 2.228955e-04
0: Size 8388608: 4.418911e-04
0: Size 16777216: 8.393177e-04
0: Size 33554432: 3.753291e-03
0: Size 67108864: 6.915065e-03
0: Size 134217728: 1.308910e-02
0: Size 268435456: 2.565840e-02
0: Size 536870912: 5.114705e-02
0: 
0: Active Procs: 2
0: Rank 0 sending to 32
0: Size 1: 3.085758e-06
0: Size 2: 3.113733e-06
0: Size 4: 3.098468e-06
0: Size 8: 3.096961e-06
0: Size 16: 3.076989e-06
0: Size 32: 3.272988e-06
0: Size 64: 3.532335e-06
0: Size 128: 3.595349e-06
0: Size 256: 4.805863e-06
0: Size 512: 5.562536e-06
0: Size 1024: 4.631713e-06
0: Size 2048: 4.660708e-06
0: Size 4096: 4.746912e-06
0: Size 8192: 5.140969e-06
0: Size 16384: 6.096183e-06
0: Size 32768: 6.969455e-06
0: Size 65536: 8.349263e-06
0: Size 131072: 1.122001e-05
0: Size 262144: 1.700034e-05
0: Size 524288: 3.120140e-05
0: Size 1048576: 6.171208e-05
0: Size 2097152: 1.265287e-04
0: Size 4194304: 2.270975e-04
0: Size 8388608: 7.674372e-04
0: Size 16777216: 2.357182e-03
0: Size 33554432: 4.294500e-03
0: Size 67108864: 7.783340e-03
0: Size 134217728: 1.931341e-02
0: Size 268435456: 4.778440e-02
0: Size 536870912: 9.501437e-02
0: 
0: Active Procs: 4
0: Rank 0 sending to 32
0: Size 1: 3.083088e-06
0: Size 2: 3.107107e-06
0: Size 4: 3.100898e-06
0: Size 8: 3.094648e-06
0: Size 16: 3.082043e-06
0: Size 32: 3.276408e-06
0: Size 64: 3.555989e-06
0: Size 128: 3.634923e-06
0: Size 256: 4.800102e-06
0: Size 512: 5.561694e-06
0: Size 1024: 4.853318e-06
0: Size 2048: 4.876673e-06
0: Size 4096: 4.891357e-06
0: Size 8192: 5.501960e-06
0: Size 16384: 6.783525e-06
0: Size 32768: 7.610825e-06
0: Size 65536: 8.943445e-06
0: Size 131072: 1.166928e-05
0: Size 262144: 1.765262e-05
0: Size 524288: 3.144662e-05
0: Size 1048576: 6.212196e-05
0: Size 2097152: 1.177481e-04
0: Size 4194304: 3.479871e-04
0: Size 8388608: 1.388853e-03
0: Size 16777216: 3.274854e-03
0: Size 33554432: 6.634734e-03
0: Size 67108864: 1.469783e-02
0: Size 134217728: 2.980611e-02
0: Size 268435456: 8.223890e-02
0: Size 536870912: 1.660221e-01
0: 
0: Active Procs: 8
0: Rank 0 sending to 32
0: Size 1: 2.777117e-06
0: Size 2: 2.797772e-06
0: Size 4: 2.788640e-06
0: Size 8: 2.786057e-06
0: Size 16: 2.791674e-06
0: Size 32: 2.939672e-06
0: Size 64: 3.157572e-06
0: Size 128: 3.238578e-06
0: Size 256: 4.424283e-06
0: Size 512: 5.162760e-06
0: Size 1024: 4.620720e-06
0: Size 2048: 4.795090e-06
0: Size 4096: 4.833929e-06
0: Size 8192: 5.297110e-06
0: Size 16384: 6.539177e-06
0: Size 32768: 7.386903e-06
0: Size 65536: 8.749725e-06
0: Size 131072: 1.139416e-05
0: Size 262144: 1.652347e-05
0: Size 524288: 3.140469e-05
0: Size 1048576: 8.406924e-05
0: Size 2097152: 1.812210e-04
0: Size 4194304: 8.676697e-04
0: Size 8388608: 2.842298e-03
0: Size 16777216: 5.874211e-03
0: Size 33554432: 1.265158e-02
0: Size 67108864: 2.472099e-02
0: Size 134217728: 5.357028e-02
0: Size 268435456: 1.485454e-01
0: Size 536870912: 2.970511e-01
0: 
0: Active Procs: 16
0: Rank 0 sending to 32
0: Size 1: 2.968767e-06
0: Size 2: 2.929977e-06
0: Size 4: 2.928009e-06
0: Size 8: 2.943151e-06
0: Size 16: 2.778393e-06
0: Size 32: 2.923601e-06
0: Size 64: 3.177236e-06
0: Size 128: 3.253521e-06
0: Size 256: 4.672806e-06
0: Size 512: 5.190949e-06
0: Size 1024: 4.597623e-06
0: Size 2048: 4.689550e-06
0: Size 4096: 4.776021e-06
0: Size 8192: 5.511255e-06
0: Size 16384: 6.512567e-06
0: Size 32768: 7.324414e-06
0: Size 65536: 8.677104e-06
0: Size 131072: 9.773500e-06
0: Size 262144: 1.628512e-05
0: Size 524288: 3.142476e-05
0: Size 1048576: 1.089124e-04
0: Size 2097152: 2.171447e-04
0: Size 4194304: 1.471500e-03
0: Size 8388608: 5.122200e-03
0: Size 16777216: 1.064887e-02
0: Size 33554432: 2.234960e-02
0: Size 67108864: 4.742474e-02
0: Size 134217728: 1.050117e-01
0: Size 268435456: 3.158610e-01
0: Size 536870912: 6.256607e-01
0: 
0: Active Procs: 32
0: Rank 0 sending to 32
0: Size 1: 3.876025e-06
0: Size 2: 3.822567e-06
0: Size 4: 3.794192e-06
0: Size 8: 3.790528e-06
0: Size 16: 3.606351e-06
0: Size 32: 4.005372e-06
0: Size 64: 4.237674e-06
0: Size 128: 4.288337e-06
0: Size 256: 6.251537e-06
0: Size 512: 6.439238e-06
0: Size 1024: 5.730206e-06
0: Size 2048: 5.788117e-06
0: Size 4096: 5.792844e-06
0: Size 8192: 5.927103e-06
0: Size 16384: 7.302427e-06
0: Size 32768: 8.084504e-06
0: Size 65536: 9.425580e-06
0: Size 131072: 1.212384e-05
0: Size 262144: 1.910235e-05
0: Size 524288: 3.674034e-05
0: Size 1048576: 1.318141e-04
0: Size 2097152: 2.668475e-04
0: Size 4194304: 1.467186e-03
0: Size 8388608: 5.547126e-03
0: Size 16777216: 1.098958e-02
0: Size 33554432: 2.288102e-02
0: Size 67108864: 4.922052e-02
0: Size 134217728: 1.023918e-01
0: Size 268435456: 3.136915e-01
0: Size 536870912: 6.272961e-01
0: 
0: Off-Node MultiProc Ping-Pong:
0: Active Procs: 1
0: Rank 0 sending to 64
0: Size 1: 4.433159e-06
0: Size 2: 4.419990e-06
0: Size 4: 4.501914e-06
0: Size 8: 4.475876e-06
0: Size 16: 4.069625e-06
0: Size 32: 4.628141e-06
0: Size 64: 4.899412e-06
0: Size 128: 5.239778e-06
0: Size 256: 6.046344e-06
0: Size 512: 7.647363e-06
0: Size 1024: 5.997676e-06
0: Size 2048: 5.962981e-06
0: Size 4096: 5.957561e-06
0: Size 8192: 6.074809e-06
0: Size 16384: 6.363926e-06
0: Size 32768: 7.066133e-06
0: Size 65536: 8.327682e-06
0: Size 131072: 1.067883e-05
0: Size 262144: 1.541484e-05
0: Size 524288: 2.866149e-05
0: Size 1048576: 6.246952e-05
0: Size 2097152: 1.174278e-04
0: Size 4194304: 2.263788e-04
0: Size 8388608: 4.449233e-04
0: Size 16777216: 8.663790e-04
0: Size 33554432: 4.175921e-03
0: Size 67108864: 8.597464e-03
0: Size 134217728: 1.587399e-02
0: Size 268435456: 3.199288e-02
0: Size 536870912: 6.443299e-02
0: 
0: Active Procs: 2
0: Rank 0 sending to 64
0: Size 1: 4.313933e-06
0: Size 2: 4.326999e-06
0: Size 4: 4.319406e-06
0: Size 8: 4.327108e-06
0: Size 16: 4.252434e-06
0: Size 32: 4.487770e-06
0: Size 64: 4.734375e-06
0: Size 128: 4.911208e-06
0: Size 256: 6.209118e-06
0: Size 512: 7.202590e-06
0: Size 1024: 6.087166e-06
0: Size 2048: 6.093130e-06
0: Size 4096: 6.110947e-06
0: Size 8192: 6.599981e-06
0: Size 16384: 8.092688e-06
0: Size 32768: 8.917711e-06
0: Size 65536: 1.033267e-05
0: Size 131072: 1.311573e-05
0: Size 262144: 2.059703e-05
0: Size 524288: 3.640063e-05
0: Size 1048576: 6.358052e-05
0: Size 2097152: 1.189185e-04
0: Size 4194304: 3.115116e-04
0: Size 8388608: 7.010698e-04
0: Size 16777216: 1.689091e-03
0: Size 33554432: 4.921071e-03
0: Size 67108864: 9.429223e-03
0: Size 134217728: 1.891123e-02
0: Size 268435456: 5.304405e-02
0: Size 536870912: 1.053948e-01
0: 
0: Active Procs: 4
0: Rank 0 sending to 64
0: Size 1: 4.267875e-06
0: Size 2: 4.289396e-06
0: Size 4: 4.285328e-06
0: Size 8: 4.303387e-06
0: Size 16: 4.207616e-06
0: Size 32: 4.432051e-06
0: Size 64: 4.687400e-06
0: Size 128: 4.826282e-06
0: Size 256: 6.156256e-06
0: Size 512: 7.135899e-06
0: Size 1024: 6.182338e-06
0: Size 2048: 6.260203e-06
0: Size 4096: 6.360330e-06
0: Size 8192: 6.905264e-06
0: Size 16384: 8.102469e-06
0: Size 32768: 8.925281e-06
0: Size 65536: 1.025726e-05
0: Size 131072: 1.316801e-05
0: Size 262144: 2.075762e-05
0: Size 524288: 3.709983e-05
0: Size 1048576: 6.595982e-05
0: Size 2097152: 1.215331e-04
0: Size 4194304: 3.779232e-04
0: Size 8388608: 1.873500e-03
0: Size 16777216: 3.455076e-03
0: Size 33554432: 7.321072e-03
0: Size 67108864: 1.627462e-02
0: Size 134217728: 3.351886e-02
0: Size 268435456: 8.854130e-02
0: Size 536870912: 1.749514e-01
0: 
0: Active Procs: 8
0: Rank 0 sending to 64
0: Size 1: 4.313470e-06
0: Size 2: 4.331115e-06
0: Size 4: 4.332321e-06
0: Size 8: 4.334775e-06
0: Size 16: 4.245361e-06
0: Size 32: 4.491957e-06
0: Size 64: 4.734391e-06
0: Size 128: 4.646439e-06
0: Size 256: 5.793250e-06
0: Size 512: 6.701317e-06
0: Size 1024: 6.078749e-06
0: Size 2048: 6.113429e-06
0: Size 4096: 6.064538e-06
0: Size 8192: 6.669863e-06
0: Size 16384: 7.885901e-06
0: Size 32768: 8.933020e-06
0: Size 65536: 1.028490e-05
0: Size 131072: 1.313384e-05
0: Size 262144: 1.986162e-05
0: Size 524288: 3.615429e-05
0: Size 1048576: 8.704744e-05
0: Size 2097152: 1.909473e-04
0: Size 4194304: 1.038087e-03
0: Size 8388608: 3.422466e-03
0: Size 16777216: 7.362201e-03
0: Size 33554432: 1.459160e-02
0: Size 67108864: 2.980219e-02
0: Size 134217728: 6.158759e-02
0: Size 268435456: 1.755228e-01
0: Size 536870912: 3.562956e-01
0: 
0: Active Procs: 16
0: Rank 0 sending to 64
0: Size 1: 4.090718e-06
0: Size 2: 4.090768e-06
0: Size 4: 4.084313e-06
0: Size 8: 4.093147e-06
0: Size 16: 4.002146e-06
0: Size 32: 4.192454e-06
0: Size 64: 4.435124e-06
0: Size 128: 4.519943e-06
0: Size 256: 6.025190e-06
0: Size 512: 6.753917e-06
0: Size 1024: 5.919488e-06
0: Size 2048: 6.046120e-06
0: Size 4096: 6.223539e-06
0: Size 8192: 6.745965e-06
0: Size 16384: 8.007950e-06
0: Size 32768: 8.850920e-06
0: Size 65536: 1.049903e-05
0: Size 131072: 1.316860e-05
0: Size 262144: 2.006931e-05
0: Size 524288: 3.739699e-05
0: Size 1048576: 1.287148e-04
0: Size 2097152: 2.587375e-04
0: Size 4194304: 1.363331e-03
0: Size 8388608: 4.793544e-03
0: Size 16777216: 9.041446e-03
0: Size 33554432: 1.739108e-02
0: Size 67108864: 3.470775e-02
0: Size 134217728: 7.088957e-02
0: Size 268435456: 2.030096e-01
0: Size 536870912: 4.044778e-01
0: 
0: Active Procs: 32
0: Rank 0 sending to 64
0: Size 1: 4.072203e-06
0: Size 2: 4.050696e-06
0: Size 4: 4.061660e-06
0: Size 8: 4.055500e-06
0: Size 16: 3.982624e-06
0: Size 32: 4.185585e-06
0: Size 64: 4.430900e-06
0: Size 128: 4.545692e-06
0: Size 256: 5.932998e-06
0: Size 512: 6.889502e-06
0: Size 1024: 6.647977e-06
0: Size 2048: 6.650778e-06
0: Size 4096: 6.542756e-06
0: Size 8192: 7.044769e-06
0: Size 16384: 7.977609e-06
0: Size 32768: 8.856184e-06
0: Size 65536: 1.020902e-05
0: Size 131072: 1.315180e-05
0: Size 262144: 2.006853e-05
0: Size 524288: 3.769645e-05
0: Size 1048576: 1.324967e-04
0: Size 2097152: 2.562034e-04
0: Size 4194304: 1.513495e-03
0: Size 8388608: 5.718412e-03
0: Size 16777216: 1.115878e-02
0: Size 33554432: 2.278267e-02
0: Size 67108864: 4.989020e-02
0: Size 134217728: 1.025111e-01
0: Size 268435456: 3.070387e-01
0: Size 536870912: 6.101421e-01
0: 
0: Active Procs: 64
0: Rank 0 sending to 64
0: Size 1: 5.055091e-06
0: Size 2: 5.030071e-06
0: Size 4: 5.026202e-06
0: Size 8: 4.997796e-06
0: Size 16: 5.033575e-06
0: Size 32: 5.038097e-06
0: Size 64: 5.053891e-06
0: Size 128: 6.115968e-06
0: Size 256: 6.441312e-06
0: Size 512: 6.868190e-06
0: Size 1024: 6.631669e-06
0: Size 2048: 6.865668e-06
0: Size 4096: 7.567026e-06
0: Size 8192: 9.609556e-06
0: Size 16384: 1.730119e-05
0: Size 32768: 3.408389e-05
0: Size 65536: 6.782706e-05
0: Size 131072: 1.422996e-04
0: Size 262144: 2.724156e-04
0: Size 524288: 5.439985e-04
0: Size 1048576: 1.086137e-03
0: Size 2097152: 2.187144e-03
0: Size 4194304: 4.556178e-03
0: Size 8388608: 8.973776e-03
0: Size 16777216: 1.746424e-02
0: Size 33554432: 3.466832e-02
0: Size 67108864: 6.945563e-02
0: Size 134217728: 1.397461e-01
0: Size 268435456: 2.817428e-01
0: Size 536870912: 5.740081e-01
0: 
0: On-NUMA MultiProc Ping-Pong, All NUMAs Active:
0: Active Procs: 1
0: Rank 0 sending to 8
0: Size 1: 2.779960e-06
0: Size 2: 2.767726e-06
0: Size 4: 2.730547e-06
0: Size 8: 2.741762e-06
0: Size 16: 2.640883e-06
0: Size 32: 3.031481e-06
0: Size 64: 3.278001e-06
0: Size 128: 3.442282e-06
0: Size 256: 4.760739e-06
0: Size 512: 5.524422e-06
0: Size 1024: 4.832111e-06
0: Size 2048: 4.821187e-06
0: Size 4096: 4.769627e-06
0: Size 8192: 4.982215e-06
0: Size 16384: 5.399103e-06
0: Size 32768: 6.322601e-06
0: Size 65536: 7.579057e-06
0: Size 131072: 9.970739e-06
0: Size 262144: 1.473876e-05
0: Size 524288: 2.736787e-05
0: Size 1048576: 6.103961e-05
0: Size 2097152: 1.158035e-04
0: Size 4194304: 2.268135e-04
0: Size 8388608: 5.992742e-04
0: Size 16777216: 1.774846e-03
0: Size 33554432: 3.886724e-03
0: Size 67108864: 7.366617e-03
0: Size 134217728: 1.374306e-02
0: Size 268435456: 2.709904e-02
0: Size 536870912: 5.602387e-02
0: 
0: Active Procs: 2
0: Rank 0 sending to 8
0: Size 1: 3.049339e-06
0: Size 2: 3.052058e-06
0: Size 4: 3.045060e-06
0: Size 8: 3.044224e-06
0: Size 16: 2.933329e-06
0: Size 32: 3.234769e-06
0: Size 64: 3.433511e-06
0: Size 128: 3.633914e-06
0: Size 256: 4.880464e-06
0: Size 512: 5.439304e-06
0: Size 1024: 5.194130e-06
0: Size 2048: 5.308092e-06
0: Size 4096: 5.193830e-06
0: Size 8192: 5.746492e-06
0: Size 16384: 7.044355e-06
0: Size 32768: 7.821493e-06
0: Size 65536: 9.127723e-06
0: Size 131072: 1.198305e-05
0: Size 262144: 1.843598e-05
0: Size 524288: 3.159782e-05
0: Size 1048576: 6.184460e-05
0: Size 2097152: 1.247672e-04
0: Size 4194304: 3.586740e-04
0: Size 8388608: 1.351111e-03
0: Size 16777216: 2.134504e-03
0: Size 33554432: 4.838671e-03
0: Size 67108864: 8.729756e-03
0: Size 134217728: 1.755368e-02
0: Size 268435456: 3.807255e-02
0: Size 536870912: 1.066556e-01
0: 
0: Active Procs: 4
0: Rank 0 sending to 8
0: Size 1: 3.072159e-06
0: Size 2: 3.095899e-06
0: Size 4: 3.091342e-06
0: Size 8: 3.084438e-06
0: Size 16: 3.042016e-06
0: Size 32: 3.222936e-06
0: Size 64: 3.443995e-06
0: Size 128: 3.552394e-06
0: Size 256: 4.871444e-06
0: Size 512: 5.529420e-06
0: Size 1024: 5.116131e-06
0: Size 2048: 5.217592e-06
0: Size 4096: 5.199498e-06
0: Size 8192: 5.751973e-06
0: Size 16384: 7.025770e-06
0: Size 32768: 7.858709e-06
0: Size 65536: 9.181569e-06
0: Size 131072: 1.183537e-05
0: Size 262144: 1.762676e-05
0: Size 524288: 3.203493e-05
0: Size 1048576: 6.243324e-05
0: Size 2097152: 1.205597e-04
0: Size 4194304: 5.259400e-04
0: Size 8388608: 1.927102e-03
0: Size 16777216: 3.415957e-03
0: Size 33554432: 7.352284e-03
0: Size 67108864: 1.565967e-02
0: Size 134217728: 3.443831e-02
0: Size 268435456: 6.669070e-02
0: Size 536870912: 1.781706e-01
0: 
0: Active Procs: 8
0: Rank 0 sending to 8
0: Size 1: 2.814663e-06
0: Size 2: 2.816398e-06
0: Size 4: 2.817534e-06
0: Size 8: 2.816170e-06
0: Size 16: 2.803631e-06
0: Size 32: 2.942978e-06
0: Size 64: 3.177961e-06
0: Size 128: 3.281885e-06
0: Size 256: 4.374851e-06
0: Size 512: 5.204864e-06
0: Size 1024: 4.994299e-06
0: Size 2048: 5.100442e-06
0: Size 4096: 5.077179e-06
0: Size 8192: 5.821387e-06
0: Size 16384: 6.764213e-06
0: Size 32768: 7.523200e-06
0: Size 65536: 8.859685e-06
0: Size 131072: 1.205460e-05
0: Size 262144: 1.729790e-05
0: Size 524288: 3.225165e-05
0: Size 1048576: 1.069356e-04
0: Size 2097152: 2.197277e-04
0: Size 4194304: 1.164648e-03
0: Size 8388608: 3.528433e-03
0: Size 16777216: 6.447614e-03
0: Size 33554432: 1.257710e-02
0: Size 67108864: 2.418717e-02
0: Size 134217728: 5.322405e-02
0: Size 268435456: 1.086904e-01
0: Size 536870912: 2.990435e-01
0: 
0: Not measuring multi-proc intra-socket with all numas active, because same as intra-NUMA
0: Off-Node MultiProc Ping-Pong, Even NUMA Regions:
0: Active Procs: 1
0: Rank 0 sending to 64
0: Size 1: 4.662027e-06
0: Size 2: 4.616148e-06
0: Size 4: 4.650320e-06
0: Size 8: 4.655202e-06
0: Size 16: 4.655610e-06
0: Size 32: 4.666632e-06
0: Size 64: 4.925728e-06
0: Size 128: 5.770981e-06
0: Size 256: 6.121941e-06
0: Size 512: 7.656842e-06
0: Size 1024: 6.759561e-06
0: Size 2048: 6.585123e-06
0: Size 4096: 6.702702e-06
0: Size 8192: 7.523100e-06
0: Size 16384: 8.890893e-06
0: Size 32768: 1.588075e-05
0: Size 65536: 1.938527e-05
0: Size 131072: 2.578455e-05
0: Size 262144: 4.092552e-05
0: Size 524288: 6.683749e-05
0: Size 1048576: 1.205724e-04
0: Size 2097152: 3.284501e-04
0: Size 4194304: 6.950506e-04
0: Size 8388608: 1.383913e-03
0: Size 16777216: 2.769806e-03
0: Size 33554432: 5.911030e-03
0: Size 67108864: 1.090897e-02
0: Size 134217728: 1.870205e-02
0: Size 268435456: 4.039946e-02
0: Size 536870912: 8.421624e-02
0: 
0: Active Procs: 2
0: Rank 0 sending to 64
0: Size 1: 4.689629e-06
0: Size 2: 4.653270e-06
0: Size 4: 4.677224e-06
0: Size 8: 4.683762e-06
0: Size 16: 4.697371e-06
0: Size 32: 4.683328e-06
0: Size 64: 4.721697e-06
0: Size 128: 5.791983e-06
0: Size 256: 6.189155e-06
0: Size 512: 7.199930e-06
0: Size 1024: 6.660191e-06
0: Size 2048: 6.751017e-06
0: Size 4096: 6.826414e-06
0: Size 8192: 7.662944e-06
0: Size 16384: 8.934731e-06
0: Size 32768: 1.659509e-05
0: Size 65536: 2.132431e-05
0: Size 131072: 3.071114e-05
0: Size 262144: 5.374124e-05
0: Size 524288: 9.790515e-05
0: Size 1048576: 1.947168e-04
0: Size 2097152: 3.795296e-04
0: Size 4194304: 7.621998e-04
0: Size 8388608: 1.541053e-03
0: Size 16777216: 3.230348e-03
0: Size 33554432: 6.802812e-03
0: Size 67108864: 1.200923e-02
0: Size 134217728: 2.329871e-02
0: Size 268435456: 4.714058e-02
0: Size 536870912: 9.704561e-02
0: 
0: Active Procs: 4
0: Rank 0 sending to 64
0: Size 1: 4.710588e-06
0: Size 2: 4.691510e-06
0: Size 4: 4.696981e-06
0: Size 8: 4.711810e-06
0: Size 16: 4.720562e-06
0: Size 32: 4.724741e-06
0: Size 64: 4.711009e-06
0: Size 128: 5.825181e-06
0: Size 256: 6.320989e-06
0: Size 512: 6.569335e-06
0: Size 1024: 6.490301e-06
0: Size 2048: 6.638580e-06
0: Size 4096: 6.962090e-06
0: Size 8192: 7.828422e-06
0: Size 16384: 9.328905e-06
0: Size 32768: 1.836845e-05
0: Size 65536: 2.645927e-05
0: Size 131072: 4.635371e-05
0: Size 262144: 9.423837e-05
0: Size 524288: 1.887644e-04
0: Size 1048576: 3.719781e-04
0: Size 2097152: 7.500715e-04
0: Size 4194304: 1.520374e-03
0: Size 8388608: 3.324527e-03
0: Size 16777216: 6.245272e-03
0: Size 33554432: 1.252388e-02
0: Size 67108864: 2.324690e-02
0: Size 134217728: 4.667357e-02
0: Size 268435456: 9.451596e-02
0: Size 536870912: 1.932291e-01
0: 
0: Active Procs: 8
0: Rank 0 sending to 64
0: Size 1: 4.797385e-06
0: Size 2: 4.758047e-06
0: Size 4: 4.794285e-06
0: Size 8: 4.794315e-06
0: Size 16: 4.796085e-06
0: Size 32: 4.795271e-06
0: Size 64: 4.826362e-06
0: Size 128: 5.897444e-06
0: Size 256: 6.285301e-06
0: Size 512: 6.681196e-06
0: Size 1024: 6.448937e-06
0: Size 2048: 6.743352e-06
0: Size 4096: 7.212475e-06
0: Size 8192: 8.512969e-06
0: Size 16384: 1.195852e-05
0: Size 32768: 2.438348e-05
0: Size 65536: 4.563354e-05
0: Size 131072: 9.447533e-05
0: Size 262144: 1.876153e-04
0: Size 524288: 3.793707e-04
0: Size 1048576: 7.550439e-04
0: Size 2097152: 1.551669e-03
0: Size 4194304: 3.496582e-03
0: Size 8388608: 7.308292e-03
0: Size 16777216: 1.253843e-02
0: Size 33554432: 2.315384e-02
0: Size 67108864: 4.641501e-02
0: Size 134217728: 9.334023e-02
0: Size 268435456: 1.881557e-01
0: Size 536870912: 3.836372e-01
0: 
0: Active Procs: 16
0: Rank 0 sending to 64
0: Size 1: 5.032920e-06
0: Size 2: 5.033939e-06
0: Size 4: 5.035061e-06
0: Size 8: 5.032116e-06
0: Size 16: 5.039872e-06
0: Size 32: 5.040020e-06
0: Size 64: 5.057259e-06
0: Size 128: 6.100415e-06
0: Size 256: 6.405154e-06
0: Size 512: 6.710862e-06
0: Size 1024: 6.625749e-06
0: Size 2048: 6.916326e-06
0: Size 4096: 7.571881e-06
0: Size 8192: 9.636075e-06
0: Size 16384: 1.731239e-05
0: Size 32768: 3.406964e-05
0: Size 65536: 6.785274e-05
0: Size 131072: 1.369874e-04
0: Size 262144: 2.726153e-04
0: Size 524288: 5.419886e-04
0: Size 1048576: 1.090982e-03
0: Size 2097152: 2.204806e-03
0: Size 4194304: 4.492115e-03
0: Size 8388608: 8.954133e-03
0: Size 16777216: 1.748379e-02
0: Size 33554432: 3.467095e-02
0: Size 67108864: 6.947342e-02
0: Size 134217728: 1.397771e-01
0: Size 268435456: 2.818411e-01
0: Size 536870912: 5.743348e-01
0: 
0: Not measuring off-node multiproc with even sockets, because same as even NUMAs
0: Not running any matching (queue search) benchmarks.  To run these, edit the #define MATCHING to a nonzero number
0: GPU Microbenchmarks:
