0: CPU Microbenchmarks:
0: Inter-CPU Microbenchmarks will be run with the following:
0: # Processes per NUMA: 18
0: # Processes per socket: 18
0: # Processes per node: 72
0: # of nodes: 2
0: If these are incorrect, edit the defines at the top of benchmarks/microbenchmarks.cpp
0: intra-socket tests will not be run because there is only one NUMA per socket.  The timings will be gathered in inter-NUMA tests.
0: 
0: 
0: Running standard ping-pongs
0: 
0: On-NUMA Ping-Pong:
0: Size 1: 1.349835e-06
0: Size 2: 1.302431e-06
0: Size 4: 1.330762e-06
0: Size 8: 1.336546e-06
0: Size 16: 1.188468e-06
0: Size 32: 1.451769e-06
0: Size 64: 1.464748e-06
0: Size 128: 1.479346e-06
0: Size 256: 2.283135e-06
0: Size 512: 2.517261e-06
0: Size 1024: 2.671796e-06
0: Size 2048: 2.758182e-06
0: Size 4096: 2.789688e-06
0: Size 8192: 2.921374e-06
0: Size 16384: 3.475255e-06
0: Size 32768: 3.753774e-06
0: Size 65536: 4.890360e-06
0: Size 131072: 7.144853e-06
0: Size 262144: 1.164000e-05
0: Size 524288: 2.433740e-05
0: Size 1048576: 5.807431e-05
0: Size 2097152: 1.124324e-04
0: Size 4194304: 2.208683e-04
0: Size 8388608: 4.402625e-04
0: Size 16777216: 7.759629e-04
0: Size 33554432: 2.129638e-03
0: Size 67108864: 4.307970e-03
0: Size 134217728: 8.486552e-03
0: Size 268435456: 1.661767e-02
0: Size 536870912: 3.207718e-02
0: 
0: Not measuring intra-socket because same as intra-NUMA
0: On-Node, Off-Socket Ping-Pong:
0: Size 1: 4.244262e-06
0: Size 2: 4.239910e-06
0: Size 4: 4.235900e-06
0: Size 8: 4.289373e-06
0: Size 16: 4.159558e-06
0: Size 32: 4.327093e-06
0: Size 64: 4.421201e-06
0: Size 128: 4.446849e-06
0: Size 256: 5.839665e-06
0: Size 512: 6.926723e-06
0: Size 1024: 6.834958e-06
0: Size 2048: 6.853928e-06
0: Size 4096: 6.687647e-06
0: Size 8192: 5.824889e-06
0: Size 16384: 6.726496e-06
0: Size 32768: 7.368990e-06
0: Size 65536: 8.438716e-06
0: Size 131072: 1.085352e-05
0: Size 262144: 1.528971e-05
0: Size 524288: 2.837738e-05
0: Size 1048576: 6.122935e-05
0: Size 2097152: 1.155815e-04
0: Size 4194304: 2.253991e-04
0: Size 8388608: 4.440069e-04
0: Size 16777216: 8.481720e-04
0: Size 33554432: 4.239317e-03
0: Size 67108864: 8.531340e-03
0: Size 134217728: 1.587087e-02
0: Size 268435456: 3.275516e-02
0: Size 536870912: 6.663707e-02
0: 
0: Off-Node Ping-Pong:
0: Size 1: 3.788525e-06
0: Size 2: 3.773157e-06
0: Size 4: 3.770639e-06
0: Size 8: 3.773689e-06
0: Size 16: 3.776174e-06
0: Size 32: 3.778102e-06
0: Size 64: 3.778848e-06
0: Size 128: 4.877792e-06
0: Size 256: 5.110201e-06
0: Size 512: 5.156199e-06
0: Size 1024: 5.232685e-06
0: Size 2048: 5.449423e-06
0: Size 4096: 5.688098e-06
0: Size 8192: 6.251322e-06
0: Size 16384: 7.050978e-06
0: Size 32768: 1.340017e-05
0: Size 65536: 1.730743e-05
0: Size 131072: 2.490781e-05
0: Size 262144: 3.639876e-05
0: Size 524288: 5.426847e-05
0: Size 1048576: 9.635142e-05
0: Size 2097152: 1.832056e-04
0: Size 4194304: 3.562295e-04
0: Size 8388608: 7.019939e-04
0: Size 16777216: 1.392972e-03
0: Size 33554432: 2.775859e-03
0: Size 67108864: 5.538747e-03
0: Size 134217728: 1.106448e-02
0: Size 268435456: 2.211522e-02
0: Size 536870912: 4.421614e-02
0: 
0: Running multi-proc ping pongs
0: 
0: On-NUMA MultiProc Ping-Pong:
0: Active Procs: 1
0: Rank 0 sending to 9
0: Size 1: 1.144341e-06
0: Size 2: 1.141431e-06
0: Size 4: 1.140131e-06
0: Size 8: 1.192704e-06
0: Size 16: 1.115889e-06
0: Size 32: 1.289845e-06
0: Size 64: 1.302326e-06
0: Size 128: 1.283727e-06
0: Size 256: 2.229152e-06
0: Size 512: 2.440815e-06
0: Size 1024: 2.590779e-06
0: Size 2048: 2.628258e-06
0: Size 4096: 2.711558e-06
0: Size 8192: 2.784263e-06
0: Size 16384: 3.251750e-06
0: Size 32768: 3.869875e-06
0: Size 65536: 5.026095e-06
0: Size 131072: 7.293076e-06
0: Size 262144: 1.170438e-05
0: Size 524288: 2.485180e-05
0: Size 1048576: 5.822308e-05
0: Size 2097152: 1.126254e-04
0: Size 4194304: 2.221775e-04
0: Size 8388608: 4.406996e-04
0: Size 16777216: 7.740896e-04
0: Size 33554432: 2.550745e-03
0: Size 67108864: 4.311156e-03
0: Size 134217728: 8.242282e-03
0: Size 268435456: 1.556446e-02
0: Size 536870912: 3.035574e-02
0: 
0: Active Procs: 2
0: Rank 0 sending to 9
0: Size 1: 1.361498e-06
0: Size 2: 1.345188e-06
0: Size 4: 1.341498e-06
0: Size 8: 1.351981e-06
0: Size 16: 1.300151e-06
0: Size 32: 1.468919e-06
0: Size 64: 1.562963e-06
0: Size 128: 1.510163e-06
0: Size 256: 2.276711e-06
0: Size 512: 2.602451e-06
0: Size 1024: 2.943436e-06
0: Size 2048: 2.958876e-06
0: Size 4096: 2.989811e-06
0: Size 8192: 3.119874e-06
0: Size 16384: 3.854621e-06
0: Size 32768: 4.455315e-06
0: Size 65536: 5.582676e-06
0: Size 131072: 7.943411e-06
0: Size 262144: 1.228042e-05
0: Size 524288: 2.509741e-05
0: Size 1048576: 5.842026e-05
0: Size 2097152: 1.126852e-04
0: Size 4194304: 2.204230e-04
0: Size 8388608: 6.245360e-04
0: Size 16777216: 1.248347e-03
0: Size 33554432: 2.291488e-03
0: Size 67108864: 4.592158e-03
0: Size 134217728: 9.170110e-03
0: Size 268435456: 1.837369e-02
0: Size 536870912: 3.946433e-02
0: 
0: Active Procs: 4
0: Rank 0 sending to 9
0: Size 1: 1.329238e-06
0: Size 2: 1.348920e-06
0: Size 4: 1.332427e-06
0: Size 8: 1.330488e-06
0: Size 16: 1.278243e-06
0: Size 32: 1.441152e-06
0: Size 64: 1.459767e-06
0: Size 128: 1.470349e-06
0: Size 256: 2.550086e-06
0: Size 512: 2.620354e-06
0: Size 1024: 2.838954e-06
0: Size 2048: 2.915692e-06
0: Size 4096: 2.987083e-06
0: Size 8192: 3.181694e-06
0: Size 16384: 4.082935e-06
0: Size 32768: 4.550081e-06
0: Size 65536: 5.707559e-06
0: Size 131072: 8.003139e-06
0: Size 262144: 1.249050e-05
0: Size 524288: 2.513434e-05
0: Size 1048576: 5.861472e-05
0: Size 2097152: 1.128549e-04
0: Size 4194304: 2.782492e-04
0: Size 8388608: 9.660132e-04
0: Size 16777216: 1.723854e-03
0: Size 33554432: 3.318866e-03
0: Size 67108864: 6.374981e-03
0: Size 134217728: 1.209340e-02
0: Size 268435456: 2.467950e-02
0: Size 536870912: 4.783913e-02
0: 
0: Active Procs: 8
0: Rank 0 sending to 9
0: Size 1: 1.491107e-06
0: Size 2: 1.506986e-06
0: Size 4: 1.510148e-06
0: Size 8: 1.511104e-06
0: Size 16: 1.430822e-06
0: Size 32: 1.586168e-06
0: Size 64: 1.664582e-06
0: Size 128: 1.619873e-06
0: Size 256: 2.508755e-06
0: Size 512: 2.826349e-06
0: Size 1024: 3.004722e-06
0: Size 2048: 3.052865e-06
0: Size 4096: 3.120075e-06
0: Size 8192: 3.217153e-06
0: Size 16384: 4.147681e-06
0: Size 32768: 4.533127e-06
0: Size 65536: 5.684320e-06
0: Size 131072: 8.063781e-06
0: Size 262144: 1.257403e-05
0: Size 524288: 2.512941e-05
0: Size 1048576: 5.881939e-05
0: Size 2097152: 1.136088e-04
0: Size 4194304: 4.999856e-04
0: Size 8388608: 1.472153e-03
0: Size 16777216: 2.487576e-03
0: Size 33554432: 4.289114e-03
0: Size 67108864: 8.161623e-03
0: Size 134217728: 1.641182e-02
0: Size 268435456: 3.435334e-02
0: Size 536870912: 7.337585e-02
0: 
0: Active Procs: 9
0: Rank 0 sending to 9
0: Size 1: 1.505045e-06
0: Size 2: 1.509637e-06
0: Size 4: 1.482280e-06
0: Size 8: 1.501372e-06
0: Size 16: 1.463528e-06
0: Size 32: 1.595939e-06
0: Size 64: 1.672996e-06
0: Size 128: 1.632978e-06
0: Size 256: 2.468941e-06
0: Size 512: 2.724753e-06
0: Size 1024: 2.960481e-06
0: Size 2048: 3.040671e-06
0: Size 4096: 3.091889e-06
0: Size 8192: 3.222267e-06
0: Size 16384: 4.159143e-06
0: Size 32768: 4.564931e-06
0: Size 65536: 5.695678e-06
0: Size 131072: 8.096800e-06
0: Size 262144: 1.256079e-05
0: Size 524288: 2.508496e-05
0: Size 1048576: 5.886143e-05
0: Size 2097152: 1.153610e-04
0: Size 4194304: 6.012546e-04
0: Size 8388608: 1.663994e-03
0: Size 16777216: 2.703955e-03
0: Size 33554432: 4.980750e-03
0: Size 67108864: 9.611314e-03
0: Size 134217728: 1.916924e-02
0: Size 268435456: 4.102171e-02
0: Size 536870912: 8.346577e-02
0: 
0: Not measuring multi-proc intra-socket because same as intra-NUMA
0: On-Node, Off-Socket MultiProc Ping-Pong:
0: Active Procs: 1
0: Rank 0 sending to 36
0: Size 1: 3.880114e-06
0: Size 2: 3.884602e-06
0: Size 4: 3.859383e-06
0: Size 8: 3.826751e-06
0: Size 16: 3.623460e-06
0: Size 32: 3.996026e-06
0: Size 64: 4.079194e-06
0: Size 128: 4.212276e-06
0: Size 256: 6.224113e-06
0: Size 512: 6.463847e-06
0: Size 1024: 6.103025e-06
0: Size 2048: 6.116877e-06
0: Size 4096: 5.957655e-06
0: Size 8192: 5.522542e-06
0: Size 16384: 5.846166e-06
0: Size 32768: 6.575118e-06
0: Size 65536: 7.734657e-06
0: Size 131072: 1.029247e-05
0: Size 262144: 1.483181e-05
0: Size 524288: 2.913215e-05
0: Size 1048576: 6.177020e-05
0: Size 2097152: 1.161803e-04
0: Size 4194304: 2.249694e-04
0: Size 8388608: 4.451512e-04
0: Size 16777216: 8.485769e-04
0: Size 33554432: 4.219489e-03
0: Size 67108864: 8.258866e-03
0: Size 134217728: 1.567640e-02
0: Size 268435456: 3.147077e-02
0: Size 536870912: 6.343113e-02
0: 
0: Active Procs: 2
0: Rank 0 sending to 36
0: Size 1: 4.284959e-06
0: Size 2: 4.284264e-06
0: Size 4: 4.287463e-06
0: Size 8: 4.278203e-06
0: Size 16: 4.195516e-06
0: Size 32: 4.296955e-06
0: Size 64: 4.473516e-06
0: Size 128: 4.498154e-06
0: Size 256: 6.351784e-06
0: Size 512: 7.045889e-06
0: Size 1024: 7.209794e-06
0: Size 2048: 7.233891e-06
0: Size 4096: 7.189397e-06
0: Size 8192: 6.822270e-06
0: Size 16384: 7.830356e-06
0: Size 32768: 7.588355e-06
0: Size 65536: 8.715815e-06
0: Size 131072: 1.099281e-05
0: Size 262144: 1.526577e-05
0: Size 524288: 2.971406e-05
0: Size 1048576: 6.253183e-05
0: Size 2097152: 1.178230e-04
0: Size 4194304: 2.268760e-04
0: Size 8388608: 7.715397e-04
0: Size 16777216: 3.246924e-03
0: Size 33554432: 5.066716e-03
0: Size 67108864: 1.193635e-02
0: Size 134217728: 2.329618e-02
0: Size 268435456: 5.237342e-02
0: Size 536870912: 1.046349e-01
0: 
0: Active Procs: 4
0: Rank 0 sending to 36
0: Size 1: 3.969464e-06
0: Size 2: 3.983977e-06
0: Size 4: 3.957712e-06
0: Size 8: 3.970926e-06
0: Size 16: 3.828556e-06
0: Size 32: 4.154878e-06
0: Size 64: 4.322203e-06
0: Size 128: 4.418632e-06
0: Size 256: 6.353751e-06
0: Size 512: 6.785408e-06
0: Size 1024: 6.946030e-06
0: Size 2048: 6.912109e-06
0: Size 4096: 6.776865e-06
0: Size 8192: 6.338081e-06
0: Size 16384: 6.940903e-06
0: Size 32768: 8.127942e-06
0: Size 65536: 9.240236e-06
0: Size 131072: 1.212252e-05
0: Size 262144: 1.582022e-05
0: Size 524288: 3.001637e-05
0: Size 1048576: 6.249793e-05
0: Size 2097152: 1.175052e-04
0: Size 4194304: 4.026767e-04
0: Size 8388608: 1.909707e-03
0: Size 16777216: 4.929898e-03
0: Size 33554432: 9.652016e-03
0: Size 67108864: 2.111068e-02
0: Size 134217728: 4.141945e-02
0: Size 268435456: 1.004127e-01
0: Size 536870912: 1.997128e-01
0: 
0: Active Procs: 8
0: Rank 0 sending to 36
0: Size 1: 4.283789e-06
0: Size 2: 4.292204e-06
0: Size 4: 4.301129e-06
0: Size 8: 4.307708e-06
0: Size 16: 4.252193e-06
0: Size 32: 4.386867e-06
0: Size 64: 4.570455e-06
0: Size 128: 4.572792e-06
0: Size 256: 6.552303e-06
0: Size 512: 6.623991e-06
0: Size 1024: 6.792941e-06
0: Size 2048: 6.948348e-06
0: Size 4096: 6.883251e-06
0: Size 8192: 6.742872e-06
0: Size 16384: 8.708538e-06
0: Size 32768: 9.234328e-06
0: Size 65536: 1.032687e-05
0: Size 131072: 1.256276e-05
0: Size 262144: 1.704408e-05
0: Size 524288: 2.963852e-05
0: Size 1048576: 6.270910e-05
0: Size 2097152: 1.174672e-04
0: Size 4194304: 3.900244e-04
0: Size 8388608: 1.962322e-03
0: Size 16777216: 5.506603e-03
0: Size 33554432: 1.201348e-02
0: Size 67108864: 2.899107e-02
0: Size 134217728: 5.656907e-02
0: Size 268435456: 1.666932e-01
0: Size 536870912: 3.335936e-01
0: 
0: Active Procs: 16
0: Rank 0 sending to 36
0: Size 1: 3.985181e-06
0: Size 2: 3.978622e-06
0: Size 4: 3.949803e-06
0: Size 8: 3.951634e-06
0: Size 16: 4.007727e-06
0: Size 32: 4.026863e-06
0: Size 64: 4.176121e-06
0: Size 128: 4.294922e-06
0: Size 256: 5.890304e-06
0: Size 512: 6.663536e-06
0: Size 1024: 6.746390e-06
0: Size 2048: 7.021992e-06
0: Size 4096: 7.008587e-06
0: Size 8192: 6.747675e-06
0: Size 16384: 7.826869e-06
0: Size 32768: 8.452236e-06
0: Size 65536: 9.542466e-06
0: Size 131072: 1.193293e-05
0: Size 262144: 1.675295e-05
0: Size 524288: 2.933656e-05
0: Size 1048576: 6.256412e-05
0: Size 2097152: 1.226043e-04
0: Size 4194304: 1.098799e-03
0: Size 8388608: 4.778200e-03
0: Size 16777216: 1.034005e-02
0: Size 33554432: 2.363746e-02
0: Size 67108864: 5.242377e-02
0: Size 134217728: 1.083177e-01
0: Size 268435456: 3.266350e-01
0: Size 536870912: 6.539676e-01
0: 
0: Active Procs: 32
0: Rank 0 sending to 36
0: Size 1: 4.002578e-06
0: Size 2: 3.975716e-06
0: Size 4: 3.968287e-06
0: Size 8: 3.976270e-06
0: Size 16: 4.004493e-06
0: Size 32: 4.038078e-06
0: Size 64: 4.199531e-06
0: Size 128: 4.272956e-06
0: Size 256: 6.201581e-06
0: Size 512: 6.685925e-06
0: Size 1024: 6.801056e-06
0: Size 2048: 6.874408e-06
0: Size 4096: 6.756097e-06
0: Size 8192: 6.417352e-06
0: Size 16384: 7.856200e-06
0: Size 32768: 8.632868e-06
0: Size 65536: 9.676071e-06
0: Size 131072: 1.235189e-05
0: Size 262144: 1.651047e-05
0: Size 524288: 2.943795e-05
0: Size 1048576: 6.270292e-05
0: Size 2097152: 1.228504e-04
0: Size 4194304: 1.230437e-03
0: Size 8388608: 5.676757e-03
0: Size 16777216: 1.218453e-02
0: Size 33554432: 2.554460e-02
0: Size 67108864: 5.477570e-02
0: Size 134217728: 1.180003e-01
0: Size 268435456: 3.483515e-01
0: Size 536870912: 6.953633e-01
0: 
0: Active Procs: 36
0: Rank 0 sending to 36
0: Size 1: 4.003022e-06
0: Size 2: 3.987547e-06
0: Size 4: 3.986731e-06
0: Size 8: 3.985575e-06
0: Size 16: 4.016772e-06
0: Size 32: 4.034439e-06
0: Size 64: 4.190413e-06
0: Size 128: 4.261899e-06
0: Size 256: 6.235045e-06
0: Size 512: 6.522083e-06
0: Size 1024: 6.774225e-06
0: Size 2048: 7.056168e-06
0: Size 4096: 7.024437e-06
0: Size 8192: 6.645123e-06
0: Size 16384: 7.858098e-06
0: Size 32768: 8.650200e-06
0: Size 65536: 9.741875e-06
0: Size 131072: 1.230410e-05
0: Size 262144: 1.628321e-05
0: Size 524288: 2.951986e-05
0: Size 1048576: 6.273520e-05
0: Size 2097152: 1.229166e-04
0: Size 4194304: 1.244020e-03
0: Size 8388608: 5.783142e-03
0: Size 16777216: 1.204914e-02
0: Size 33554432: 2.711889e-02
0: Size 67108864: 5.616705e-02
0: Size 134217728: 1.180238e-01
0: Size 268435456: 3.491184e-01
0: Size 536870912: 6.961401e-01
0: 
0: Off-Node MultiProc Ping-Pong:
0: Active Procs: 1
0: Rank 0 sending to 72
0: Size 1: 3.768370e-06
0: Size 2: 3.770490e-06
0: Size 4: 3.769842e-06
0: Size 8: 3.767811e-06
0: Size 16: 3.773435e-06
0: Size 32: 3.775624e-06
0: Size 64: 3.771284e-06
0: Size 128: 4.878474e-06
0: Size 256: 5.090468e-06
0: Size 512: 5.139435e-06
0: Size 1024: 5.240436e-06
0: Size 2048: 5.446719e-06
0: Size 4096: 5.700834e-06
0: Size 8192: 6.257715e-06
0: Size 16384: 6.959304e-06
0: Size 32768: 1.332942e-05
0: Size 65536: 1.719323e-05
0: Size 131072: 2.444135e-05
0: Size 262144: 3.591505e-05
0: Size 524288: 5.384797e-05
0: Size 1048576: 9.632998e-05
0: Size 2097152: 1.831758e-04
0: Size 4194304: 3.561534e-04
0: Size 8388608: 7.017917e-04
0: Size 16777216: 1.392883e-03
0: Size 33554432: 2.775697e-03
0: Size 67108864: 5.538582e-03
0: Size 134217728: 1.106416e-02
0: Size 268435456: 2.211544e-02
0: Size 536870912: 4.421607e-02
0: 
0: Active Procs: 2
0: Rank 0 sending to 72
0: Size 1: 3.788726e-06
0: Size 2: 3.773543e-06
0: Size 4: 3.774344e-06
0: Size 8: 3.774853e-06
0: Size 16: 3.780335e-06
0: Size 32: 3.782983e-06
0: Size 64: 3.778701e-06
0: Size 128: 4.889181e-06
0: Size 256: 5.135852e-06
0: Size 512: 5.209721e-06
0: Size 1024: 5.266028e-06
0: Size 2048: 5.510184e-06
0: Size 4096: 5.768807e-06
0: Size 8192: 6.354281e-06
0: Size 16384: 7.101741e-06
0: Size 32768: 1.392547e-05
0: Size 65536: 1.883757e-05
0: Size 131072: 2.515665e-05
0: Size 262144: 3.635658e-05
0: Size 524288: 5.891648e-05
0: Size 1048576: 1.036817e-04
0: Size 2097152: 1.936046e-04
0: Size 4194304: 3.734084e-04
0: Size 8388608: 7.331089e-04
0: Size 16777216: 1.452610e-03
0: Size 33554432: 2.894883e-03
0: Size 67108864: 5.777899e-03
0: Size 134217728: 1.157147e-02
0: Size 268435456: 2.325601e-02
0: Size 536870912: 4.717251e-02
0: 
0: Active Procs: 4
0: Rank 0 sending to 72
0: Size 1: 3.797291e-06
0: Size 2: 3.782327e-06
0: Size 4: 3.777992e-06
0: Size 8: 3.780878e-06
0: Size 16: 3.786000e-06
0: Size 32: 3.788094e-06
0: Size 64: 3.782856e-06
0: Size 128: 4.900938e-06
0: Size 256: 5.142496e-06
0: Size 512: 5.211557e-06
0: Size 1024: 5.289674e-06
0: Size 2048: 5.538795e-06
0: Size 4096: 5.832683e-06
0: Size 8192: 6.458400e-06
0: Size 16384: 7.292928e-06
0: Size 32768: 1.545586e-05
0: Size 65536: 1.976832e-05
0: Size 131072: 2.721092e-05
0: Size 262144: 4.861109e-05
0: Size 524288: 9.660214e-05
0: Size 1048576: 2.163163e-04
0: Size 2097152: 3.958814e-04
0: Size 4194304: 7.541026e-04
0: Size 8388608: 1.437447e-03
0: Size 16777216: 2.875606e-03
0: Size 33554432: 5.754144e-03
0: Size 67108864: 1.152331e-02
0: Size 134217728: 2.310845e-02
0: Size 268435456: 4.645383e-02
0: Size 536870912: 9.406273e-02
0: 
0: Active Procs: 8
0: Rank 0 sending to 72
0: Size 1: 3.824971e-06
0: Size 2: 3.793683e-06
0: Size 4: 3.790874e-06
0: Size 8: 3.793910e-06
0: Size 16: 3.796350e-06
0: Size 32: 3.798947e-06
0: Size 64: 3.797492e-06
0: Size 128: 4.935408e-06
0: Size 256: 5.179973e-06
0: Size 512: 5.275676e-06
0: Size 1024: 5.356510e-06
0: Size 2048: 5.621510e-06
0: Size 4096: 5.963780e-06
0: Size 8192: 6.729923e-06
0: Size 16384: 8.088464e-06
0: Size 32768: 1.781783e-05
0: Size 65536: 2.655925e-05
0: Size 131072: 5.039467e-05
0: Size 262144: 9.310333e-05
0: Size 524288: 1.925510e-04
0: Size 1048576: 3.740165e-04
0: Size 2097152: 7.272437e-04
0: Size 4194304: 1.440919e-03
0: Size 8388608: 2.891313e-03
0: Size 16777216: 5.757914e-03
0: Size 33554432: 1.151744e-02
0: Size 67108864: 2.307634e-02
0: Size 134217728: 4.625683e-02
0: Size 268435456: 9.298357e-02
0: Size 536870912: 1.877060e-01
0: 
0: Active Procs: 16
0: Rank 0 sending to 72
0: Size 1: 3.831709e-06
0: Size 2: 3.811260e-06
0: Size 4: 3.810260e-06
0: Size 8: 3.806907e-06
0: Size 16: 3.810020e-06
0: Size 32: 3.812043e-06
0: Size 64: 3.813342e-06
0: Size 128: 4.981258e-06
0: Size 256: 5.215463e-06
0: Size 512: 5.294884e-06
0: Size 1024: 5.422694e-06
0: Size 2048: 5.727303e-06
0: Size 4096: 6.284438e-06
0: Size 8192: 7.414307e-06
0: Size 16384: 1.129075e-05
0: Size 32768: 2.516664e-05
0: Size 65536: 5.220553e-05
0: Size 131072: 1.116899e-04
0: Size 262144: 1.853807e-04
0: Size 524288: 3.660565e-04
0: Size 1048576: 8.105734e-04
0: Size 2097152: 1.473598e-03
0: Size 4194304: 2.899574e-03
0: Size 8388608: 5.756417e-03
0: Size 16777216: 1.151861e-02
0: Size 33554432: 2.304367e-02
0: Size 67108864: 4.612795e-02
0: Size 134217728: 9.247876e-02
0: Size 268435456: 1.857758e-01
0: Size 536870912: 3.752181e-01
0: 
0: Active Procs: 32
0: Rank 0 sending to 72
0: Size 1: 3.856730e-06
0: Size 2: 3.824259e-06
0: Size 4: 3.823681e-06
0: Size 8: 3.824522e-06
0: Size 16: 3.827389e-06
0: Size 32: 3.828340e-06
0: Size 64: 3.830781e-06
0: Size 128: 4.991867e-06
0: Size 256: 5.222386e-06
0: Size 512: 5.298812e-06
0: Size 1024: 5.441743e-06
0: Size 2048: 5.752414e-06
0: Size 4096: 6.421688e-06
0: Size 8192: 7.608300e-06
0: Size 16384: 1.269878e-05
0: Size 32768: 2.811652e-05
0: Size 65536: 5.894056e-05
0: Size 131072: 1.242828e-04
0: Size 262144: 2.094459e-04
0: Size 524288: 4.344187e-04
0: Size 1048576: 8.446446e-04
0: Size 2097152: 1.618432e-03
0: Size 4194304: 3.234327e-03
0: Size 8388608: 6.473900e-03
0: Size 16777216: 1.295888e-02
0: Size 33554432: 2.592680e-02
0: Size 67108864: 5.187696e-02
0: Size 134217728: 1.040163e-01
0: Size 268435456: 2.090636e-01
0: Size 536870912: 4.217790e-01
0: 
0: Active Procs: 64
0: Rank 0 sending to 72
0: Size 1: 3.855199e-06
0: Size 2: 3.828789e-06
0: Size 4: 3.827030e-06
0: Size 8: 3.827523e-06
0: Size 16: 3.833188e-06
0: Size 32: 3.834788e-06
0: Size 64: 3.837747e-06
0: Size 128: 5.017169e-06
0: Size 256: 5.236090e-06
0: Size 512: 5.323768e-06
0: Size 1024: 5.452581e-06
0: Size 2048: 5.760939e-06
0: Size 4096: 6.440309e-06
0: Size 8192: 7.608373e-06
0: Size 16384: 1.269900e-05
0: Size 32768: 2.833409e-05
0: Size 65536: 5.940968e-05
0: Size 131072: 1.264836e-04
0: Size 262144: 2.086253e-04
0: Size 524288: 4.377320e-04
0: Size 1048576: 9.744272e-04
0: Size 2097152: 1.684730e-03
0: Size 4194304: 3.247844e-03
0: Size 8388608: 6.483343e-03
0: Size 16777216: 1.296152e-02
0: Size 33554432: 2.592718e-02
0: Size 67108864: 5.192724e-02
0: Size 134217728: 1.040715e-01
0: Size 268435456: 2.091360e-01
0: Size 536870912: 4.213096e-01
0: 
0: Active Procs: 72
0: Rank 0 sending to 72
0: Size 1: 3.847486e-06
0: Size 2: 3.831191e-06
0: Size 4: 3.829881e-06
0: Size 8: 3.829998e-06
0: Size 16: 3.836728e-06
0: Size 32: 3.837251e-06
0: Size 64: 3.837903e-06
0: Size 128: 5.012923e-06
0: Size 256: 5.237654e-06
0: Size 512: 5.323552e-06
0: Size 1024: 5.456079e-06
0: Size 2048: 5.767547e-06
0: Size 4096: 6.441901e-06
0: Size 8192: 7.608717e-06
0: Size 16384: 1.269909e-05
0: Size 32768: 2.844928e-05
0: Size 65536: 6.033968e-05
0: Size 131072: 1.276617e-04
0: Size 262144: 2.093132e-04
0: Size 524288: 4.392659e-04
0: Size 1048576: 9.081369e-04
0: Size 2097152: 1.749593e-03
0: Size 4194304: 3.243393e-03
0: Size 8388608: 6.480119e-03
0: Size 16777216: 1.296120e-02
0: Size 33554432: 2.592919e-02
0: Size 67108864: 5.190661e-02
0: Size 134217728: 1.040369e-01
0: Size 268435456: 2.091187e-01
0: Size 536870912: 4.210008e-01
0: 
0: On-NUMA MultiProc Ping-Pong, All NUMAs Active:
0: Active Procs: 1
0: Rank 0 sending to 9
0: Size 1: 2.129363e-06
0: Size 2: 2.119931e-06
0: Size 4: 2.124969e-06
0: Size 8: 2.119538e-06
0: Size 16: 2.106746e-06
0: Size 32: 2.148839e-06
0: Size 64: 2.239434e-06
0: Size 128: 2.191827e-06
0: Size 256: 3.168495e-06
0: Size 512: 3.206770e-06
0: Size 1024: 3.072122e-06
0: Size 2048: 3.122996e-06
0: Size 4096: 3.074772e-06
0: Size 8192: 3.018126e-06
0: Size 16384: 3.602100e-06
0: Size 32768: 4.272683e-06
0: Size 65536: 5.389546e-06
0: Size 131072: 7.690016e-06
0: Size 262144: 1.218121e-05
0: Size 524288: 2.656146e-05
0: Size 1048576: 5.900795e-05
0: Size 2097152: 1.138086e-04
0: Size 4194304: 2.225734e-04
0: Size 8388608: 4.414175e-04
0: Size 16777216: 7.799168e-04
0: Size 33554432: 2.407184e-03
0: Size 67108864: 4.625974e-03
0: Size 134217728: 8.822595e-03
0: Size 268435456: 1.646935e-02
0: Size 536870912: 3.213753e-02
0: 
0: Active Procs: 2
0: Rank 0 sending to 9
0: Size 1: 2.244491e-06
0: Size 2: 2.244404e-06
0: Size 4: 2.242876e-06
0: Size 8: 2.244030e-06
0: Size 16: 2.230163e-06
0: Size 32: 2.245933e-06
0: Size 64: 2.298693e-06
0: Size 128: 2.250221e-06
0: Size 256: 3.088222e-06
0: Size 512: 3.298809e-06
0: Size 1024: 3.251217e-06
0: Size 2048: 3.278478e-06
0: Size 4096: 3.288984e-06
0: Size 8192: 3.341860e-06
0: Size 16384: 4.304865e-06
0: Size 32768: 5.102975e-06
0: Size 65536: 6.174684e-06
0: Size 131072: 8.546025e-06
0: Size 262144: 1.292698e-05
0: Size 524288: 2.646640e-05
0: Size 1048576: 5.947477e-05
0: Size 2097152: 1.139761e-04
0: Size 4194304: 2.227882e-04
0: Size 8388608: 6.153660e-04
0: Size 16777216: 1.242448e-03
0: Size 33554432: 2.384303e-03
0: Size 67108864: 4.879487e-03
0: Size 134217728: 9.281792e-03
0: Size 268435456: 1.930540e-02
0: Size 536870912: 4.233413e-02
0: 
0: Active Procs: 4
0: Rank 0 sending to 9
0: Size 1: 2.386176e-06
0: Size 2: 2.387041e-06
0: Size 4: 2.386302e-06
0: Size 8: 2.375073e-06
0: Size 16: 2.382973e-06
0: Size 32: 2.389756e-06
0: Size 64: 2.525409e-06
0: Size 128: 2.454083e-06
0: Size 256: 3.450220e-06
0: Size 512: 3.575917e-06
0: Size 1024: 3.356713e-06
0: Size 2048: 3.432548e-06
0: Size 4096: 3.483253e-06
0: Size 8192: 3.534735e-06
0: Size 16384: 4.783379e-06
0: Size 32768: 5.438215e-06
0: Size 65536: 6.499874e-06
0: Size 131072: 8.740419e-06
0: Size 262144: 1.321194e-05
0: Size 524288: 2.661825e-05
0: Size 1048576: 5.949321e-05
0: Size 2097152: 1.142412e-04
0: Size 4194304: 2.749290e-04
0: Size 8388608: 9.843197e-04
0: Size 16777216: 1.802322e-03
0: Size 33554432: 3.453614e-03
0: Size 67108864: 6.501173e-03
0: Size 134217728: 1.270594e-02
0: Size 268435456: 2.571365e-02
0: Size 536870912: 6.127226e-02
0: 
0: Active Procs: 8
0: Rank 0 sending to 9
0: Size 1: 2.389106e-06
0: Size 2: 2.389371e-06
0: Size 4: 2.385314e-06
0: Size 8: 2.391045e-06
0: Size 16: 2.401382e-06
0: Size 32: 2.404262e-06
0: Size 64: 2.502655e-06
0: Size 128: 2.431202e-06
0: Size 256: 3.297286e-06
0: Size 512: 3.509291e-06
0: Size 1024: 3.396376e-06
0: Size 2048: 3.442960e-06
0: Size 4096: 3.503643e-06
0: Size 8192: 3.539424e-06
0: Size 16384: 5.259243e-06
0: Size 32768: 6.020723e-06
0: Size 65536: 7.076381e-06
0: Size 131072: 9.294507e-06
0: Size 262144: 1.367410e-05
0: Size 524288: 2.644613e-05
0: Size 1048576: 5.963646e-05
0: Size 2097152: 1.139287e-04
0: Size 4194304: 5.064642e-04
0: Size 8388608: 1.503495e-03
0: Size 16777216: 2.552377e-03
0: Size 33554432: 4.380489e-03
0: Size 67108864: 8.512546e-03
0: Size 134217728: 1.792461e-02
0: Size 268435456: 3.878373e-02
0: Size 536870912: 9.705719e-02
0: 
0: Active Procs: 9
0: Rank 0 sending to 9
0: Size 1: 2.391064e-06
0: Size 2: 2.392987e-06
0: Size 4: 2.389801e-06
0: Size 8: 2.395137e-06
0: Size 16: 2.400964e-06
0: Size 32: 2.408210e-06
0: Size 64: 2.520447e-06
0: Size 128: 2.433852e-06
0: Size 256: 3.293569e-06
0: Size 512: 3.519855e-06
0: Size 1024: 3.413820e-06
0: Size 2048: 3.443744e-06
0: Size 4096: 3.487235e-06
0: Size 8192: 3.528706e-06
0: Size 16384: 5.258166e-06
0: Size 32768: 5.982503e-06
0: Size 65536: 7.066989e-06
0: Size 131072: 9.282663e-06
0: Size 262144: 1.367149e-05
0: Size 524288: 2.663354e-05
0: Size 1048576: 5.968735e-05
0: Size 2097152: 1.160419e-04
0: Size 4194304: 6.161437e-04
0: Size 8388608: 1.698004e-03
0: Size 16777216: 2.765387e-03
0: Size 33554432: 5.074076e-03
0: Size 67108864: 9.755831e-03
0: Size 134217728: 1.971214e-02
0: Size 268435456: 4.308917e-02
0: Size 536870912: 1.158599e-01
0: 
0: Not measuring multi-proc intra-socket with all numas active, because same as intra-NUMA
0: Off-Node MultiProc Ping-Pong, Even NUMA Regions:
0: Active Procs: 1
0: Rank 0 sending to 72
0: Size 1: 3.789094e-06
0: Size 2: 3.783983e-06
0: Size 4: 3.783123e-06
0: Size 8: 3.785430e-06
0: Size 16: 3.790557e-06
0: Size 32: 3.793348e-06
0: Size 64: 3.790300e-06
0: Size 128: 4.902148e-06
0: Size 256: 5.157541e-06
0: Size 512: 5.204849e-06
0: Size 1024: 5.300626e-06
0: Size 2048: 5.541706e-06
0: Size 4096: 5.780948e-06
0: Size 8192: 6.362868e-06
0: Size 16384: 7.032107e-06
0: Size 32768: 1.332463e-05
0: Size 65536: 1.744152e-05
0: Size 131072: 2.531054e-05
0: Size 262144: 3.903196e-05
0: Size 524288: 5.836676e-05
0: Size 1048576: 9.643658e-05
0: Size 2097152: 1.832722e-04
0: Size 4194304: 3.562687e-04
0: Size 8388608: 7.018705e-04
0: Size 16777216: 1.393043e-03
0: Size 33554432: 2.776230e-03
0: Size 67108864: 5.539609e-03
0: Size 134217728: 1.106538e-02
0: Size 268435456: 2.211620e-02
0: Size 536870912: 4.421727e-02
0: 
0: Active Procs: 2
0: Rank 0 sending to 72
0: Size 1: 3.794730e-06
0: Size 2: 3.795374e-06
0: Size 4: 3.794982e-06
0: Size 8: 3.794720e-06
0: Size 16: 3.798551e-06
0: Size 32: 3.799996e-06
0: Size 64: 3.795365e-06
0: Size 128: 4.903894e-06
0: Size 256: 5.157392e-06
0: Size 512: 5.199959e-06
0: Size 1024: 5.301806e-06
0: Size 2048: 5.550562e-06
0: Size 4096: 5.809366e-06
0: Size 8192: 6.398654e-06
0: Size 16384: 7.116682e-06
0: Size 32768: 1.505087e-05
0: Size 65536: 1.924949e-05
0: Size 131072: 2.716494e-05
0: Size 262144: 3.795345e-05
0: Size 524288: 5.965721e-05
0: Size 1048576: 1.041443e-04
0: Size 2097152: 1.939746e-04
0: Size 4194304: 3.738479e-04
0: Size 8388608: 7.338085e-04
0: Size 16777216: 1.454318e-03
0: Size 33554432: 2.896741e-03
0: Size 67108864: 5.780809e-03
0: Size 134217728: 1.157309e-02
0: Size 268435456: 2.325658e-02
0: Size 536870912: 4.700441e-02
0: 
0: Active Procs: 4
0: Rank 0 sending to 72
0: Size 1: 3.801403e-06
0: Size 2: 3.801064e-06
0: Size 4: 3.800810e-06
0: Size 8: 3.800319e-06
0: Size 16: 3.805651e-06
0: Size 32: 3.808278e-06
0: Size 64: 3.802224e-06
0: Size 128: 4.918699e-06
0: Size 256: 5.161898e-06
0: Size 512: 5.210858e-06
0: Size 1024: 5.318232e-06
0: Size 2048: 5.575960e-06
0: Size 4096: 5.857423e-06
0: Size 8192: 6.468415e-06
0: Size 16384: 7.297628e-06
0: Size 32768: 1.710536e-05
0: Size 65536: 2.062801e-05
0: Size 131072: 2.791451e-05
0: Size 262144: 4.892621e-05
0: Size 524288: 9.895591e-05
0: Size 1048576: 2.162997e-04
0: Size 2097152: 3.966900e-04
0: Size 4194304: 7.648755e-04
0: Size 8388608: 1.469758e-03
0: Size 16777216: 2.900108e-03
0: Size 33554432: 5.754681e-03
0: Size 67108864: 1.152669e-02
0: Size 134217728: 2.311544e-02
0: Size 268435456: 4.646610e-02
0: Size 536870912: 9.408504e-02
0: 
0: Active Procs: 8
0: Rank 0 sending to 72
0: Size 1: 3.817397e-06
0: Size 2: 3.814597e-06
0: Size 4: 3.811245e-06
0: Size 8: 3.812624e-06
0: Size 16: 3.816194e-06
0: Size 32: 3.817318e-06
0: Size 64: 3.817138e-06
0: Size 128: 4.951364e-06
0: Size 256: 5.190538e-06
0: Size 512: 5.249022e-06
0: Size 1024: 5.369319e-06
0: Size 2048: 5.642885e-06
0: Size 4096: 5.983991e-06
0: Size 8192: 6.740105e-06
0: Size 16384: 8.092887e-06
0: Size 32768: 1.802344e-05
0: Size 65536: 2.681574e-05
0: Size 131072: 5.093551e-05
0: Size 262144: 9.303742e-05
0: Size 524288: 1.919690e-04
0: Size 1048576: 4.342338e-04
0: Size 2097152: 8.015534e-04
0: Size 4194304: 1.554867e-03
0: Size 8388608: 2.898707e-03
0: Size 16777216: 5.754398e-03
0: Size 33554432: 1.151926e-02
0: Size 67108864: 2.307197e-02
0: Size 134217728: 4.625510e-02
0: Size 268435456: 9.295760e-02
0: Size 536870912: 1.875082e-01
0: 
0: Active Procs: 16
0: Rank 0 sending to 72
0: Size 1: 3.825443e-06
0: Size 2: 3.824814e-06
0: Size 4: 3.824189e-06
0: Size 8: 3.824223e-06
0: Size 16: 3.829431e-06
0: Size 32: 3.830065e-06
0: Size 64: 3.830062e-06
0: Size 128: 4.997692e-06
0: Size 256: 5.240496e-06
0: Size 512: 5.297923e-06
0: Size 1024: 5.439286e-06
0: Size 2048: 5.737699e-06
0: Size 4096: 6.301394e-06
0: Size 8192: 7.420127e-06
0: Size 16384: 1.129166e-05
0: Size 32768: 2.546279e-05
0: Size 65536: 5.284671e-05
0: Size 131072: 1.126975e-04
0: Size 262144: 1.855893e-04
0: Size 524288: 3.886844e-04
0: Size 1048576: 8.344963e-04
0: Size 2097152: 1.475708e-03
0: Size 4194304: 2.886011e-03
0: Size 8388608: 5.757615e-03
0: Size 16777216: 1.151795e-02
0: Size 33554432: 2.304668e-02
0: Size 67108864: 4.613172e-02
0: Size 134217728: 9.250973e-02
0: Size 268435456: 1.857400e-01
0: Size 536870912: 3.749913e-01
0: 
0: Active Procs: 18
0: Rank 0 sending to 72
0: Size 1: 3.830140e-06
0: Size 2: 3.828404e-06
0: Size 4: 3.827242e-06
0: Size 8: 3.828481e-06
0: Size 16: 3.832354e-06
0: Size 32: 3.834135e-06
0: Size 64: 3.835556e-06
0: Size 128: 5.010416e-06
0: Size 256: 5.239900e-06
0: Size 512: 5.304288e-06
0: Size 1024: 5.453016e-06
0: Size 2048: 5.764060e-06
0: Size 4096: 6.444779e-06
0: Size 8192: 7.613583e-06
0: Size 16384: 1.269938e-05
0: Size 32768: 2.845037e-05
0: Size 65536: 5.912751e-05
0: Size 131072: 1.261434e-04
0: Size 262144: 2.078894e-04
0: Size 524288: 4.373276e-04
0: Size 1048576: 9.414247e-04
0: Size 2097152: 1.668523e-03
0: Size 4194304: 3.248585e-03
0: Size 8388608: 6.477361e-03
0: Size 16777216: 1.296015e-02
0: Size 33554432: 2.591980e-02
0: Size 67108864: 5.190541e-02
0: Size 134217728: 1.040358e-01
0: Size 268435456: 2.091084e-01
0: Size 536870912: 4.209880e-01
0: 
0: Not measuring off-node multiproc with even sockets, because same as even NUMAs
0: Not running any matching (queue search) benchmarks.  To run these, edit the #define MATCHING to a nonzero number
