0: CPU Microbenchmarks:
0: Inter-CPU Microbenchmarks will be run with the following:
0: # Processes per NUMA: 18
0: # Processes per socket: 18
0: # Processes per node: 72
0: # of nodes: 2
0: If these are incorrect, edit the defines at the top of benchmarks/microbenchmarks.cpp
0: intra-socket tests will not be run because there is only one NUMA per socket.  The timings will be gathered in inter-NUMA tests.
0: 
0: 
0: Running standard ping-pongs
0: 
0: On-NUMA Ping-Pong:
0: Size 1: 2.067858e-06
0: Size 2: 2.071422e-06
0: Size 4: 2.060855e-06
0: Size 8: 2.052578e-06
0: Size 16: 2.046815e-06
0: Size 32: 2.056582e-06
0: Size 64: 2.170562e-06
0: Size 128: 2.074001e-06
0: Size 256: 3.049022e-06
0: Size 512: 3.173536e-06
0: Size 1024: 2.932837e-06
0: Size 2048: 2.938182e-06
0: Size 4096: 2.934737e-06
0: Size 8192: 2.823189e-06
0: Size 16384: 3.437471e-06
0: Size 32768: 3.612641e-06
0: Size 65536: 4.775436e-06
0: Size 131072: 7.059604e-06
0: Size 262144: 1.165323e-05
0: Size 524288: 2.502458e-05
0: Size 1048576: 5.870887e-05
0: Size 2097152: 1.132634e-04
0: Size 4194304: 2.211435e-04
0: Size 8388608: 4.405636e-04
0: Size 16777216: 7.742397e-04
0: Size 33554432: 2.238112e-03
0: Size 67108864: 4.237846e-03
0: Size 134217728: 8.439649e-03
0: Size 268435456: 1.673814e-02
0: Size 536870912: 3.311310e-02
0: 
0: Not measuring intra-socket because same as intra-NUMA
0: On-Node, Off-Socket Ping-Pong:
0: Size 1: 4.199943e-06
0: Size 2: 4.164339e-06
0: Size 4: 4.144605e-06
0: Size 8: 4.176141e-06
0: Size 16: 4.106446e-06
0: Size 32: 4.319936e-06
0: Size 64: 4.482147e-06
0: Size 128: 4.402360e-06
0: Size 256: 5.732608e-06
0: Size 512: 7.018061e-06
0: Size 1024: 6.502656e-06
0: Size 2048: 6.427610e-06
0: Size 4096: 6.219781e-06
0: Size 8192: 5.852803e-06
0: Size 16384: 6.670178e-06
0: Size 32768: 7.233379e-06
0: Size 65536: 8.357576e-06
0: Size 131072: 1.070996e-05
0: Size 262144: 1.436598e-05
0: Size 524288: 2.853296e-05
0: Size 1048576: 6.144849e-05
0: Size 2097152: 1.161279e-04
0: Size 4194304: 2.249301e-04
0: Size 8388608: 4.434728e-04
0: Size 16777216: 8.415573e-04
0: Size 33554432: 4.315733e-03
0: Size 67108864: 8.376249e-03
0: Size 134217728: 1.627040e-02
0: Size 268435456: 3.271956e-02
0: Size 536870912: 6.583254e-02
0: 
0: Off-Node Ping-Pong:
0: Size 1: 4.412184e-06
0: Size 2: 4.367531e-06
0: Size 4: 4.372341e-06
0: Size 8: 4.370697e-06
0: Size 16: 4.375670e-06
0: Size 32: 4.377785e-06
0: Size 64: 4.372714e-06
0: Size 128: 5.480376e-06
0: Size 256: 5.839018e-06
0: Size 512: 5.806530e-06
0: Size 1024: 5.882336e-06
0: Size 2048: 6.080155e-06
0: Size 4096: 6.577472e-06
0: Size 8192: 7.269944e-06
0: Size 16384: 8.361552e-06
0: Size 32768: 1.524900e-05
0: Size 65536: 1.797682e-05
0: Size 131072: 2.350584e-05
0: Size 262144: 3.434006e-05
0: Size 524288: 5.587065e-05
0: Size 1048576: 9.943185e-05
0: Size 2097152: 1.858477e-04
0: Size 4194304: 3.585879e-04
0: Size 8388608: 7.041431e-04
0: Size 16777216: 1.395375e-03
0: Size 33554432: 2.778337e-03
0: Size 67108864: 5.541253e-03
0: Size 134217728: 1.106761e-02
0: Size 268435456: 2.211907e-02
0: Size 536870912: 4.422529e-02
0: 
0: Running multi-proc ping pongs
0: 
0: On-NUMA MultiProc Ping-Pong:
0: Active Procs: 1
0: Rank 0 sending to 9
0: Size 1: 2.026351e-06
0: Size 2: 2.026094e-06
0: Size 4: 2.024836e-06
0: Size 8: 2.023177e-06
0: Size 16: 2.023771e-06
0: Size 32: 2.046314e-06
0: Size 64: 2.191600e-06
0: Size 128: 2.067570e-06
0: Size 256: 3.055382e-06
0: Size 512: 3.195497e-06
0: Size 1024: 2.805941e-06
0: Size 2048: 2.824291e-06
0: Size 4096: 2.831995e-06
0: Size 8192: 2.928947e-06
0: Size 16384: 3.224127e-06
0: Size 32768: 3.813791e-06
0: Size 65536: 4.950506e-06
0: Size 131072: 7.222559e-06
0: Size 262144: 1.184302e-05
0: Size 524288: 2.519599e-05
0: Size 1048576: 5.881548e-05
0: Size 2097152: 1.134985e-04
0: Size 4194304: 2.226273e-04
0: Size 8388608: 4.408104e-04
0: Size 16777216: 7.743316e-04
0: Size 33554432: 2.155073e-03
0: Size 67108864: 4.296981e-03
0: Size 134217728: 8.214491e-03
0: Size 268435456: 1.524745e-02
0: Size 536870912: 3.036300e-02
0: 
0: Active Procs: 2
0: Rank 0 sending to 9
0: Size 1: 2.059489e-06
0: Size 2: 2.060488e-06
0: Size 4: 2.061953e-06
0: Size 8: 2.059565e-06
0: Size 16: 2.061992e-06
0: Size 32: 2.077391e-06
0: Size 64: 2.189061e-06
0: Size 128: 2.072462e-06
0: Size 256: 2.944839e-06
0: Size 512: 3.153187e-06
0: Size 1024: 3.139991e-06
0: Size 2048: 3.182011e-06
0: Size 4096: 3.257079e-06
0: Size 8192: 3.319589e-06
0: Size 16384: 3.802470e-06
0: Size 32768: 4.211405e-06
0: Size 65536: 5.295433e-06
0: Size 131072: 7.563769e-06
0: Size 262144: 1.217581e-05
0: Size 524288: 2.606020e-05
0: Size 1048576: 5.887273e-05
0: Size 2097152: 1.136327e-04
0: Size 4194304: 2.226516e-04
0: Size 8388608: 6.118241e-04
0: Size 16777216: 1.359397e-03
0: Size 33554432: 2.337167e-03
0: Size 67108864: 4.634821e-03
0: Size 134217728: 9.570852e-03
0: Size 268435456: 1.926896e-02
0: Size 536870912: 4.006793e-02
0: 
0: Active Procs: 4
0: Rank 0 sending to 9
0: Size 1: 2.156133e-06
0: Size 2: 2.153726e-06
0: Size 4: 2.152976e-06
0: Size 8: 2.153745e-06
0: Size 16: 2.157873e-06
0: Size 32: 2.172130e-06
0: Size 64: 2.291517e-06
0: Size 128: 2.203871e-06
0: Size 256: 3.364122e-06
0: Size 512: 3.386518e-06
0: Size 1024: 3.297680e-06
0: Size 2048: 3.324685e-06
0: Size 4096: 3.372616e-06
0: Size 8192: 3.352901e-06
0: Size 16384: 3.980311e-06
0: Size 32768: 4.238417e-06
0: Size 65536: 5.360662e-06
0: Size 131072: 7.569198e-06
0: Size 262144: 1.210780e-05
0: Size 524288: 2.666760e-05
0: Size 1048576: 5.930211e-05
0: Size 2097152: 1.135943e-04
0: Size 4194304: 2.736378e-04
0: Size 8388608: 9.767815e-04
0: Size 16777216: 1.764885e-03
0: Size 33554432: 3.315229e-03
0: Size 67108864: 6.561757e-03
0: Size 134217728: 1.261481e-02
0: Size 268435456: 2.467585e-02
0: Size 536870912: 4.854571e-02
0: 
0: Active Procs: 8
0: Rank 0 sending to 9
0: Size 1: 2.028096e-06
0: Size 2: 2.029068e-06
0: Size 4: 2.021276e-06
0: Size 8: 2.005427e-06
0: Size 16: 2.007184e-06
0: Size 32: 2.029605e-06
0: Size 64: 2.188724e-06
0: Size 128: 2.066809e-06
0: Size 256: 3.250063e-06
0: Size 512: 3.442594e-06
0: Size 1024: 3.131717e-06
0: Size 2048: 3.204106e-06
0: Size 4096: 3.209846e-06
0: Size 8192: 3.278060e-06
0: Size 16384: 3.621273e-06
0: Size 32768: 3.981541e-06
0: Size 65536: 5.119134e-06
0: Size 131072: 7.384166e-06
0: Size 262144: 1.200122e-05
0: Size 524288: 2.684053e-05
0: Size 1048576: 5.953633e-05
0: Size 2097152: 1.139778e-04
0: Size 4194304: 4.956033e-04
0: Size 8388608: 1.521795e-03
0: Size 16777216: 2.481856e-03
0: Size 33554432: 4.277116e-03
0: Size 67108864: 8.213537e-03
0: Size 134217728: 1.663458e-02
0: Size 268435456: 3.375844e-02
0: Size 536870912: 7.917817e-02
0: 
0: Active Procs: 9
0: Rank 0 sending to 9
0: Size 1: 2.031151e-06
0: Size 2: 2.031855e-06
0: Size 4: 2.022112e-06
0: Size 8: 2.022643e-06
0: Size 16: 2.024384e-06
0: Size 32: 2.056949e-06
0: Size 64: 2.165900e-06
0: Size 128: 2.092097e-06
0: Size 256: 3.212602e-06
0: Size 512: 3.342569e-06
0: Size 1024: 3.161142e-06
0: Size 2048: 3.226256e-06
0: Size 4096: 3.268775e-06
0: Size 8192: 3.480143e-06
0: Size 16384: 3.983141e-06
0: Size 32768: 3.987137e-06
0: Size 65536: 5.109575e-06
0: Size 131072: 7.372625e-06
0: Size 262144: 1.223977e-05
0: Size 524288: 2.681937e-05
0: Size 1048576: 5.956379e-05
0: Size 2097152: 1.162812e-04
0: Size 4194304: 6.026523e-04
0: Size 8388608: 1.715820e-03
0: Size 16777216: 2.731351e-03
0: Size 33554432: 5.018116e-03
0: Size 67108864: 9.760052e-03
0: Size 134217728: 2.050837e-02
0: Size 268435456: 4.280005e-02
0: Size 536870912: 8.903115e-02
0: 
0: Not measuring multi-proc intra-socket because same as intra-NUMA
0: On-Node, Off-Socket MultiProc Ping-Pong:
0: Active Procs: 1
0: Rank 0 sending to 36
0: Size 1: 3.847228e-06
0: Size 2: 3.877431e-06
0: Size 4: 3.864012e-06
0: Size 8: 3.886441e-06
0: Size 16: 3.722095e-06
0: Size 32: 4.067064e-06
0: Size 64: 4.274362e-06
0: Size 128: 4.272524e-06
0: Size 256: 5.939091e-06
0: Size 512: 6.483258e-06
0: Size 1024: 6.076661e-06
0: Size 2048: 5.931208e-06
0: Size 4096: 5.847183e-06
0: Size 8192: 5.453265e-06
0: Size 16384: 5.877809e-06
0: Size 32768: 6.434608e-06
0: Size 65536: 7.549469e-06
0: Size 131072: 9.959775e-06
0: Size 262144: 1.451260e-05
0: Size 524288: 2.814913e-05
0: Size 1048576: 6.172811e-05
0: Size 2097152: 1.157211e-04
0: Size 4194304: 2.235332e-04
0: Size 8388608: 4.443119e-04
0: Size 16777216: 8.487702e-04
0: Size 33554432: 4.470005e-03
0: Size 67108864: 8.438284e-03
0: Size 134217728: 1.567360e-02
0: Size 268435456: 3.121285e-02
0: Size 536870912: 6.313929e-02
0: 
0: Active Procs: 2
0: Rank 0 sending to 36
0: Size 1: 4.003882e-06
0: Size 2: 4.018074e-06
0: Size 4: 3.920361e-06
0: Size 8: 3.972466e-06
0: Size 16: 3.808431e-06
0: Size 32: 4.145181e-06
0: Size 64: 4.364958e-06
0: Size 128: 4.415630e-06
0: Size 256: 6.246699e-06
0: Size 512: 6.595320e-06
0: Size 1024: 6.450942e-06
0: Size 2048: 6.468937e-06
0: Size 4096: 6.718103e-06
0: Size 8192: 6.789371e-06
0: Size 16384: 7.140540e-06
0: Size 32768: 7.835012e-06
0: Size 65536: 9.044067e-06
0: Size 131072: 1.126248e-05
0: Size 262144: 1.562203e-05
0: Size 524288: 2.846736e-05
0: Size 1048576: 6.207045e-05
0: Size 2097152: 1.168277e-04
0: Size 4194304: 2.251893e-04
0: Size 8388608: 7.367753e-04
0: Size 16777216: 2.622225e-03
0: Size 33554432: 5.131811e-03
0: Size 67108864: 1.041166e-02
0: Size 134217728: 2.436032e-02
0: Size 268435456: 5.210924e-02
0: Size 536870912: 1.040913e-01
0: 
0: Active Procs: 4
0: Rank 0 sending to 36
0: Size 1: 4.214216e-06
0: Size 2: 4.228519e-06
0: Size 4: 4.209255e-06
0: Size 8: 4.216279e-06
0: Size 16: 4.234367e-06
0: Size 32: 4.342781e-06
0: Size 64: 4.494702e-06
0: Size 128: 4.530575e-06
0: Size 256: 6.214060e-06
0: Size 512: 6.991485e-06
0: Size 1024: 6.917662e-06
0: Size 2048: 6.868753e-06
0: Size 4096: 6.677555e-06
0: Size 8192: 6.613346e-06
0: Size 16384: 7.775451e-06
0: Size 32768: 8.025734e-06
0: Size 65536: 8.724696e-06
0: Size 131072: 1.118514e-05
0: Size 262144: 1.568183e-05
0: Size 524288: 2.923364e-05
0: Size 1048576: 6.205713e-05
0: Size 2097152: 1.166134e-04
0: Size 4194304: 3.970281e-04
0: Size 8388608: 1.904687e-03
0: Size 16777216: 4.804674e-03
0: Size 33554432: 1.081685e-02
0: Size 67108864: 2.165959e-02
0: Size 134217728: 4.434392e-02
0: Size 268435456: 9.970578e-02
0: Size 536870912: 1.996731e-01
0: 
0: Active Procs: 8
0: Rank 0 sending to 36
0: Size 1: 4.200612e-06
0: Size 2: 4.255555e-06
0: Size 4: 4.258051e-06
0: Size 8: 4.269975e-06
0: Size 16: 4.286343e-06
0: Size 32: 4.385839e-06
0: Size 64: 4.499581e-06
0: Size 128: 4.675801e-06
0: Size 256: 6.485660e-06
0: Size 512: 6.751835e-06
0: Size 1024: 7.223017e-06
0: Size 2048: 7.193537e-06
0: Size 4096: 6.704274e-06
0: Size 8192: 6.836941e-06
0: Size 16384: 8.649850e-06
0: Size 32768: 9.454835e-06
0: Size 65536: 1.034381e-05
0: Size 131072: 1.250586e-05
0: Size 262144: 1.689637e-05
0: Size 524288: 2.975192e-05
0: Size 1048576: 6.234313e-05
0: Size 2097152: 1.174048e-04
0: Size 4194304: 3.928573e-04
0: Size 8388608: 1.959313e-03
0: Size 16777216: 5.365277e-03
0: Size 33554432: 1.215146e-02
0: Size 67108864: 2.525097e-02
0: Size 134217728: 5.474538e-02
0: Size 268435456: 1.659533e-01
0: Size 536870912: 3.316994e-01
0: 
0: Active Procs: 16
0: Rank 0 sending to 36
0: Size 1: 4.003260e-06
0: Size 2: 3.981667e-06
0: Size 4: 3.941912e-06
0: Size 8: 3.986726e-06
0: Size 16: 3.958681e-06
0: Size 32: 4.142167e-06
0: Size 64: 4.328045e-06
0: Size 128: 4.488426e-06
0: Size 256: 5.648079e-06
0: Size 512: 6.778189e-06
0: Size 1024: 6.684825e-06
0: Size 2048: 6.709077e-06
0: Size 4096: 6.672106e-06
0: Size 8192: 6.718666e-06
0: Size 16384: 8.072584e-06
0: Size 32768: 8.682960e-06
0: Size 65536: 9.768112e-06
0: Size 131072: 1.195046e-05
0: Size 262144: 1.669435e-05
0: Size 524288: 2.958014e-05
0: Size 1048576: 6.252790e-05
0: Size 2097152: 1.210323e-04
0: Size 4194304: 1.106355e-03
0: Size 8388608: 4.713961e-03
0: Size 16777216: 1.000457e-02
0: Size 33554432: 2.311697e-02
0: Size 67108864: 4.822117e-02
0: Size 134217728: 1.120222e-01
0: Size 268435456: 3.246745e-01
0: Size 536870912: 6.471745e-01
0: 
0: Active Procs: 32
0: Rank 0 sending to 36
0: Size 1: 3.924392e-06
0: Size 2: 3.969715e-06
0: Size 4: 3.931425e-06
0: Size 8: 3.943966e-06
0: Size 16: 3.905573e-06
0: Size 32: 4.085632e-06
0: Size 64: 4.319383e-06
0: Size 128: 4.467481e-06
0: Size 256: 5.860643e-06
0: Size 512: 6.615589e-06
0: Size 1024: 6.416772e-06
0: Size 2048: 6.560410e-06
0: Size 4096: 6.477559e-06
0: Size 8192: 6.414947e-06
0: Size 16384: 7.757760e-06
0: Size 32768: 8.469581e-06
0: Size 65536: 9.477064e-06
0: Size 131072: 1.163750e-05
0: Size 262144: 1.616173e-05
0: Size 524288: 2.914618e-05
0: Size 1048576: 6.263238e-05
0: Size 2097152: 1.220934e-04
0: Size 4194304: 1.225756e-03
0: Size 8388608: 5.814825e-03
0: Size 16777216: 1.161990e-02
0: Size 33554432: 2.560042e-02
0: Size 67108864: 5.410826e-02
0: Size 134217728: 1.196870e-01
0: Size 268435456: 3.470502e-01
0: Size 536870912: 6.946026e-01
0: 
0: Active Procs: 36
0: Rank 0 sending to 36
0: Size 1: 3.670254e-06
0: Size 2: 3.692951e-06
0: Size 4: 3.717525e-06
0: Size 8: 3.768035e-06
0: Size 16: 3.761571e-06
0: Size 32: 3.850260e-06
0: Size 64: 4.083998e-06
0: Size 128: 4.400244e-06
0: Size 256: 5.826771e-06
0: Size 512: 6.757962e-06
0: Size 1024: 6.527786e-06
0: Size 2048: 6.605601e-06
0: Size 4096: 6.487355e-06
0: Size 8192: 6.500027e-06
0: Size 16384: 8.027228e-06
0: Size 32768: 8.851039e-06
0: Size 65536: 9.964167e-06
0: Size 131072: 1.207203e-05
0: Size 262144: 1.624758e-05
0: Size 524288: 2.948026e-05
0: Size 1048576: 6.267686e-05
0: Size 2097152: 1.220642e-04
0: Size 4194304: 1.245376e-03
0: Size 8388608: 5.845379e-03
0: Size 16777216: 1.196999e-02
0: Size 33554432: 2.648886e-02
0: Size 67108864: 5.681202e-02
0: Size 134217728: 1.164132e-01
0: Size 268435456: 3.484834e-01
0: Size 536870912: 6.982150e-01
0: 
0: Off-Node MultiProc Ping-Pong:
0: Active Procs: 1
0: Rank 0 sending to 72
0: Size 1: 4.373722e-06
0: Size 2: 4.363847e-06
0: Size 4: 4.365271e-06
0: Size 8: 4.366835e-06
0: Size 16: 4.372579e-06
0: Size 32: 4.369835e-06
0: Size 64: 4.369641e-06
0: Size 128: 5.476099e-06
0: Size 256: 5.744066e-06
0: Size 512: 5.799343e-06
0: Size 1024: 5.894363e-06
0: Size 2048: 6.090459e-06
0: Size 4096: 6.351708e-06
0: Size 8192: 7.114040e-06
0: Size 16384: 8.316192e-06
0: Size 32768: 1.534017e-05
0: Size 65536: 1.835970e-05
0: Size 131072: 2.414504e-05
0: Size 262144: 3.462132e-05
0: Size 524288: 5.580701e-05
0: Size 1048576: 9.935192e-05
0: Size 2097152: 1.857126e-04
0: Size 4194304: 3.585080e-04
0: Size 8388608: 7.040312e-04
0: Size 16777216: 1.395195e-03
0: Size 33554432: 2.778072e-03
0: Size 67108864: 5.541144e-03
0: Size 134217728: 1.106934e-02
0: Size 268435456: 2.211808e-02
0: Size 536870912: 4.424681e-02
0: 
0: Active Procs: 2
0: Rank 0 sending to 72
0: Size 1: 4.395676e-06
0: Size 2: 4.374452e-06
0: Size 4: 4.375111e-06
0: Size 8: 4.373765e-06
0: Size 16: 4.378263e-06
0: Size 32: 4.384220e-06
0: Size 64: 4.373828e-06
0: Size 128: 5.482099e-06
0: Size 256: 5.730456e-06
0: Size 512: 5.787599e-06
0: Size 1024: 5.884966e-06
0: Size 2048: 6.098537e-06
0: Size 4096: 6.380717e-06
0: Size 8192: 7.147172e-06
0: Size 16384: 8.308359e-06
0: Size 32768: 1.583753e-05
0: Size 65536: 1.980730e-05
0: Size 131072: 2.578644e-05
0: Size 262144: 3.732893e-05
0: Size 524288: 5.799564e-05
0: Size 1048576: 1.038197e-04
0: Size 2097152: 1.925488e-04
0: Size 4194304: 3.724884e-04
0: Size 8388608: 7.318929e-04
0: Size 16777216: 1.452811e-03
0: Size 33554432: 2.905948e-03
0: Size 67108864: 5.795622e-03
0: Size 134217728: 1.165483e-02
0: Size 268435456: 2.342993e-02
0: Size 536870912: 4.754139e-02
0: 
0: Active Procs: 4
0: Rank 0 sending to 72
0: Size 1: 4.434566e-06
0: Size 2: 4.405593e-06
0: Size 4: 4.420384e-06
0: Size 8: 4.419300e-06
0: Size 16: 4.438370e-06
0: Size 32: 4.418658e-06
0: Size 64: 4.418254e-06
0: Size 128: 5.523207e-06
0: Size 256: 5.754468e-06
0: Size 512: 5.830328e-06
0: Size 1024: 5.914674e-06
0: Size 2048: 6.145260e-06
0: Size 4096: 6.467054e-06
0: Size 8192: 7.237702e-06
0: Size 16384: 8.547680e-06
0: Size 32768: 1.643072e-05
0: Size 65536: 2.088948e-05
0: Size 131072: 2.734719e-05
0: Size 262144: 4.502946e-05
0: Size 524288: 9.007581e-05
0: Size 1048576: 1.797526e-04
0: Size 2097152: 3.593399e-04
0: Size 4194304: 7.187099e-04
0: Size 8388608: 1.437605e-03
0: Size 16777216: 2.883880e-03
0: Size 33554432: 5.796883e-03
0: Size 67108864: 1.158784e-02
0: Size 134217728: 2.321512e-02
0: Size 268435456: 4.681460e-02
0: Size 536870912: 9.475645e-02
0: 
0: Active Procs: 8
0: Rank 0 sending to 72
0: Size 1: 4.566758e-06
0: Size 2: 4.544079e-06
0: Size 4: 4.534486e-06
0: Size 8: 4.533612e-06
0: Size 16: 4.568887e-06
0: Size 32: 4.542796e-06
0: Size 64: 4.551398e-06
0: Size 128: 5.609163e-06
0: Size 256: 5.830341e-06
0: Size 512: 5.890289e-06
0: Size 1024: 6.009847e-06
0: Size 2048: 6.262963e-06
0: Size 4096: 6.650424e-06
0: Size 8192: 7.502225e-06
0: Size 16384: 9.315434e-06
0: Size 32768: 1.976813e-05
0: Size 65536: 2.563185e-05
0: Size 131072: 4.549170e-05
0: Size 262144: 9.008734e-05
0: Size 524288: 1.799154e-04
0: Size 1048576: 3.594270e-04
0: Size 2097152: 7.186957e-04
0: Size 4194304: 1.438167e-03
0: Size 8388608: 2.880486e-03
0: Size 16777216: 5.779897e-03
0: Size 33554432: 1.158409e-02
0: Size 67108864: 2.317052e-02
0: Size 134217728: 4.653022e-02
0: Size 268435456: 9.354848e-02
0: Size 536870912: 1.885421e-01
0: 
0: Active Procs: 16
0: Rank 0 sending to 72
0: Size 1: 4.827066e-06
0: Size 2: 4.808945e-06
0: Size 4: 4.799374e-06
0: Size 8: 4.813402e-06
0: Size 16: 4.852941e-06
0: Size 32: 4.823449e-06
0: Size 64: 4.827001e-06
0: Size 128: 5.891716e-06
0: Size 256: 6.076021e-06
0: Size 512: 6.133069e-06
0: Size 1024: 6.268937e-06
0: Size 2048: 6.514196e-06
0: Size 4096: 7.033908e-06
0: Size 8192: 8.559316e-06
0: Size 16384: 1.137345e-05
0: Size 32768: 2.449254e-05
0: Size 65536: 4.567323e-05
0: Size 131072: 9.060738e-05
0: Size 262144: 1.800870e-04
0: Size 524288: 3.597316e-04
0: Size 1048576: 7.192646e-04
0: Size 2097152: 1.437168e-03
0: Size 4194304: 2.884898e-03
0: Size 8388608: 5.772705e-03
0: Size 16777216: 1.156893e-02
0: Size 33554432: 2.315504e-02
0: Size 67108864: 4.637520e-02
0: Size 134217728: 9.297595e-02
0: Size 268435456: 1.867965e-01
0: Size 536870912: 3.773732e-01
0: 
0: Active Procs: 32
0: Rank 0 sending to 72
0: Size 1: 4.932403e-06
0: Size 2: 4.942421e-06
0: Size 4: 4.930942e-06
0: Size 8: 4.937591e-06
0: Size 16: 4.969400e-06
0: Size 32: 4.961611e-06
0: Size 64: 4.953735e-06
0: Size 128: 6.051271e-06
0: Size 256: 6.206228e-06
0: Size 512: 6.265398e-06
0: Size 1024: 6.397511e-06
0: Size 2048: 6.671053e-06
0: Size 4096: 7.273657e-06
0: Size 8192: 8.677825e-06
0: Size 16384: 1.280644e-05
0: Size 32768: 2.655176e-05
0: Size 65536: 5.133654e-05
0: Size 131072: 1.019174e-04
0: Size 262144: 2.028200e-04
0: Size 524288: 4.046941e-04
0: Size 1048576: 8.088608e-04
0: Size 2097152: 1.618145e-03
0: Size 4194304: 3.245112e-03
0: Size 8388608: 6.508039e-03
0: Size 16777216: 1.302240e-02
0: Size 33554432: 2.607700e-02
0: Size 67108864: 5.222406e-02
0: Size 134217728: 1.047415e-01
0: Size 268435456: 2.105687e-01
0: Size 536870912: 4.250740e-01
0: 
0: Active Procs: 64
0: Rank 0 sending to 72
0: Size 1: 4.967855e-06
0: Size 2: 4.950841e-06
0: Size 4: 4.955020e-06
0: Size 8: 4.941435e-06
0: Size 16: 4.991390e-06
0: Size 32: 4.957375e-06
0: Size 64: 4.975754e-06
0: Size 128: 6.060399e-06
0: Size 256: 6.219923e-06
0: Size 512: 6.283425e-06
0: Size 1024: 6.427669e-06
0: Size 2048: 6.695894e-06
0: Size 4096: 7.317598e-06
0: Size 8192: 9.018473e-06
0: Size 16384: 1.282156e-05
0: Size 32768: 2.648826e-05
0: Size 65536: 5.135746e-05
0: Size 131072: 1.019176e-04
0: Size 262144: 2.027930e-04
0: Size 524288: 4.047891e-04
0: Size 1048576: 8.110636e-04
0: Size 2097152: 1.618930e-03
0: Size 4194304: 3.249204e-03
0: Size 8388608: 6.544334e-03
0: Size 16777216: 1.304108e-02
0: Size 33554432: 2.609586e-02
0: Size 67108864: 5.228080e-02
0: Size 134217728: 1.048633e-01
0: Size 268435456: 2.107205e-01
0: Size 536870912: 4.241988e-01
0: 
0: Active Procs: 72
0: Rank 0 sending to 72
0: Size 1: 4.947260e-06
0: Size 2: 4.944226e-06
0: Size 4: 4.954308e-06
0: Size 8: 4.950204e-06
0: Size 16: 5.001940e-06
0: Size 32: 4.953636e-06
0: Size 64: 4.989755e-06
0: Size 128: 6.064284e-06
0: Size 256: 6.221617e-06
0: Size 512: 6.288958e-06
0: Size 1024: 6.433770e-06
0: Size 2048: 6.718527e-06
0: Size 4096: 7.325169e-06
0: Size 8192: 8.615439e-06
0: Size 16384: 1.277796e-05
0: Size 32768: 2.650832e-05
0: Size 65536: 5.137132e-05
0: Size 131072: 1.019142e-04
0: Size 262144: 2.027897e-04
0: Size 524288: 4.054185e-04
0: Size 1048576: 8.107196e-04
0: Size 2097152: 1.619782e-03
0: Size 4194304: 3.248446e-03
0: Size 8388608: 6.528919e-03
0: Size 16777216: 1.304161e-02
0: Size 33554432: 2.610290e-02
0: Size 67108864: 5.229298e-02
0: Size 134217728: 1.048623e-01
0: Size 268435456: 2.107474e-01
0: Size 536870912: 4.243394e-01
0: 
0: On-NUMA MultiProc Ping-Pong, All NUMAs Active:
0: Active Procs: 1
0: Rank 0 sending to 9
0: Size 1: 2.004915e-06
0: Size 2: 2.005555e-06
0: Size 4: 2.004840e-06
0: Size 8: 2.004798e-06
0: Size 16: 2.006737e-06
0: Size 32: 2.027613e-06
0: Size 64: 2.165129e-06
0: Size 128: 2.078493e-06
0: Size 256: 3.142937e-06
0: Size 512: 3.162025e-06
0: Size 1024: 2.999571e-06
0: Size 2048: 3.015086e-06
0: Size 4096: 3.049223e-06
0: Size 8192: 3.070244e-06
0: Size 16384: 3.614683e-06
0: Size 32768: 4.173047e-06
0: Size 65536: 5.296070e-06
0: Size 131072: 7.634346e-06
0: Size 262144: 1.225003e-05
0: Size 524288: 2.586183e-05
0: Size 1048576: 5.884761e-05
0: Size 2097152: 1.135328e-04
0: Size 4194304: 2.225880e-04
0: Size 8388608: 4.408158e-04
0: Size 16777216: 7.758187e-04
0: Size 33554432: 2.406219e-03
0: Size 67108864: 4.288367e-03
0: Size 134217728: 8.258987e-03
0: Size 268435456: 1.602883e-02
0: Size 536870912: 3.137237e-02
0: 
0: Active Procs: 2
0: Rank 0 sending to 9
0: Size 1: 2.133349e-06
0: Size 2: 2.126883e-06
0: Size 4: 2.120116e-06
0: Size 8: 2.114984e-06
0: Size 16: 2.110427e-06
0: Size 32: 2.147236e-06
0: Size 64: 2.257184e-06
0: Size 128: 2.192426e-06
0: Size 256: 2.999491e-06
0: Size 512: 3.330523e-06
0: Size 1024: 3.085660e-06
0: Size 2048: 3.104547e-06
0: Size 4096: 3.133871e-06
0: Size 8192: 3.270397e-06
0: Size 16384: 4.374792e-06
0: Size 32768: 4.947147e-06
0: Size 65536: 6.063777e-06
0: Size 131072: 8.381835e-06
0: Size 262144: 1.300573e-05
0: Size 524288: 2.604731e-05
0: Size 1048576: 5.892004e-05
0: Size 2097152: 1.137166e-04
0: Size 4194304: 2.228257e-04
0: Size 8388608: 6.105091e-04
0: Size 16777216: 1.371884e-03
0: Size 33554432: 2.356928e-03
0: Size 67108864: 4.674624e-03
0: Size 134217728: 9.824802e-03
0: Size 268435456: 1.973378e-02
0: Size 536870912: 4.227787e-02
0: 
0: Active Procs: 4
0: Rank 0 sending to 9
0: Size 1: 2.183254e-06
0: Size 2: 2.172865e-06
0: Size 4: 2.178132e-06
0: Size 8: 2.171953e-06
0: Size 16: 2.178251e-06
0: Size 32: 2.232432e-06
0: Size 64: 2.344365e-06
0: Size 128: 2.289750e-06
0: Size 256: 3.306259e-06
0: Size 512: 3.423846e-06
0: Size 1024: 3.240253e-06
0: Size 2048: 3.252728e-06
0: Size 4096: 3.283805e-06
0: Size 8192: 3.455533e-06
0: Size 16384: 4.876244e-06
0: Size 32768: 5.547430e-06
0: Size 65536: 6.704891e-06
0: Size 131072: 8.953949e-06
0: Size 262144: 1.348496e-05
0: Size 524288: 2.678516e-05
0: Size 1048576: 5.937421e-05
0: Size 2097152: 1.137432e-04
0: Size 4194304: 2.804712e-04
0: Size 8388608: 9.867248e-04
0: Size 16777216: 1.800963e-03
0: Size 33554432: 3.382974e-03
0: Size 67108864: 6.493259e-03
0: Size 134217728: 1.266289e-02
0: Size 268435456: 2.545303e-02
0: Size 536870912: 6.089116e-02
0: 
0: Active Procs: 8
0: Rank 0 sending to 9
0: Size 1: 2.161597e-06
0: Size 2: 2.135361e-06
0: Size 4: 2.135546e-06
0: Size 8: 2.156562e-06
0: Size 16: 2.133147e-06
0: Size 32: 2.195580e-06
0: Size 64: 2.312056e-06
0: Size 128: 2.235896e-06
0: Size 256: 3.208209e-06
0: Size 512: 3.467706e-06
0: Size 1024: 3.262755e-06
0: Size 2048: 3.359701e-06
0: Size 4096: 3.435309e-06
0: Size 8192: 3.540903e-06
0: Size 16384: 4.915456e-06
0: Size 32768: 5.688372e-06
0: Size 65536: 6.811691e-06
0: Size 131072: 9.035480e-06
0: Size 262144: 1.362024e-05
0: Size 524288: 2.689285e-05
0: Size 1048576: 5.961727e-05
0: Size 2097152: 1.140452e-04
0: Size 4194304: 5.111070e-04
0: Size 8388608: 1.528740e-03
0: Size 16777216: 2.514589e-03
0: Size 33554432: 4.356799e-03
0: Size 67108864: 8.359359e-03
0: Size 134217728: 1.732202e-02
0: Size 268435456: 3.919849e-02
0: Size 536870912: 9.651589e-02
0: 
0: Active Procs: 9
0: Rank 0 sending to 9
0: Size 1: 2.151435e-06
0: Size 2: 2.151082e-06
0: Size 4: 2.150819e-06
0: Size 8: 2.148817e-06
0: Size 16: 2.121490e-06
0: Size 32: 2.200396e-06
0: Size 64: 2.337067e-06
0: Size 128: 2.266135e-06
0: Size 256: 3.205494e-06
0: Size 512: 3.530045e-06
0: Size 1024: 3.305990e-06
0: Size 2048: 3.320846e-06
0: Size 4096: 3.376683e-06
0: Size 8192: 3.511155e-06
0: Size 16384: 4.858263e-06
0: Size 32768: 5.504365e-06
0: Size 65536: 6.762787e-06
0: Size 131072: 9.097096e-06
0: Size 262144: 1.357568e-05
0: Size 524288: 2.676882e-05
0: Size 1048576: 5.983297e-05
0: Size 2097152: 1.161831e-04
0: Size 4194304: 6.120637e-04
0: Size 8388608: 1.794246e-03
0: Size 16777216: 2.749494e-03
0: Size 33554432: 5.095737e-03
0: Size 67108864: 9.853431e-03
0: Size 134217728: 1.940184e-02
0: Size 268435456: 4.233577e-02
0: Size 536870912: 1.154389e-01
0: 
0: Not measuring multi-proc intra-socket with all numas active, because same as intra-NUMA
0: Off-Node MultiProc Ping-Pong, Even NUMA Regions:
0: Active Procs: 1
0: Rank 0 sending to 72
0: Size 1: 4.394327e-06
0: Size 2: 4.377300e-06
0: Size 4: 4.378023e-06
0: Size 8: 4.378736e-06
0: Size 16: 4.381254e-06
0: Size 32: 4.383415e-06
0: Size 64: 4.406420e-06
0: Size 128: 5.499575e-06
0: Size 256: 5.755242e-06
0: Size 512: 5.806411e-06
0: Size 1024: 5.901497e-06
0: Size 2048: 6.101559e-06
0: Size 4096: 6.362556e-06
0: Size 8192: 7.137533e-06
0: Size 16384: 8.447025e-06
0: Size 32768: 1.540550e-05
0: Size 65536: 1.843510e-05
0: Size 131072: 2.422781e-05
0: Size 262144: 3.474875e-05
0: Size 524288: 5.637607e-05
0: Size 1048576: 9.989566e-05
0: Size 2097152: 1.861863e-04
0: Size 4194304: 3.593711e-04
0: Size 8388608: 7.043801e-04
0: Size 16777216: 1.395552e-03
0: Size 33554432: 2.778561e-03
0: Size 67108864: 5.541713e-03
0: Size 134217728: 1.106776e-02
0: Size 268435456: 2.211883e-02
0: Size 536870912: 4.421930e-02
0: 
0: Active Procs: 2
0: Rank 0 sending to 72
0: Size 1: 4.400302e-06
0: Size 2: 4.400365e-06
0: Size 4: 4.400053e-06
0: Size 8: 4.400311e-06
0: Size 16: 4.404182e-06
0: Size 32: 4.404190e-06
0: Size 64: 4.415304e-06
0: Size 128: 5.514391e-06
0: Size 256: 5.745733e-06
0: Size 512: 5.798398e-06
0: Size 1024: 5.896859e-06
0: Size 2048: 6.112395e-06
0: Size 4096: 6.406186e-06
0: Size 8192: 7.163180e-06
0: Size 16384: 8.489298e-06
0: Size 32768: 1.591940e-05
0: Size 65536: 1.986087e-05
0: Size 131072: 2.639018e-05
0: Size 262144: 3.718361e-05
0: Size 524288: 5.886830e-05
0: Size 1048576: 1.040514e-04
0: Size 2097152: 1.934278e-04
0: Size 4194304: 3.730668e-04
0: Size 8388608: 7.331207e-04
0: Size 16777216: 1.456383e-03
0: Size 33554432: 2.921417e-03
0: Size 67108864: 5.818115e-03
0: Size 134217728: 1.167872e-02
0: Size 268435456: 2.349218e-02
0: Size 536870912: 4.749572e-02
0: 
0: Active Procs: 4
0: Rank 0 sending to 72
0: Size 1: 4.462429e-06
0: Size 2: 4.461902e-06
0: Size 4: 4.459623e-06
0: Size 8: 4.463136e-06
0: Size 16: 4.470782e-06
0: Size 32: 4.469455e-06
0: Size 64: 4.464155e-06
0: Size 128: 5.545372e-06
0: Size 256: 5.782998e-06
0: Size 512: 5.830440e-06
0: Size 1024: 5.937083e-06
0: Size 2048: 6.184219e-06
0: Size 4096: 6.539381e-06
0: Size 8192: 7.374613e-06
0: Size 16384: 8.752184e-06
0: Size 32768: 1.679969e-05
0: Size 65536: 2.142255e-05
0: Size 131072: 2.804708e-05
0: Size 262144: 4.500390e-05
0: Size 524288: 9.018277e-05
0: Size 1048576: 1.798133e-04
0: Size 2097152: 3.595776e-04
0: Size 4194304: 7.196987e-04
0: Size 8388608: 1.438331e-03
0: Size 16777216: 2.890740e-03
0: Size 33554432: 5.810478e-03
0: Size 67108864: 1.163311e-02
0: Size 134217728: 2.332117e-02
0: Size 268435456: 4.691992e-02
0: Size 536870912: 9.510901e-02
0: 
0: Active Procs: 8
0: Rank 0 sending to 72
0: Size 1: 4.656316e-06
0: Size 2: 4.658696e-06
0: Size 4: 4.657255e-06
0: Size 8: 4.659238e-06
0: Size 16: 4.665050e-06
0: Size 32: 4.668823e-06
0: Size 64: 4.660216e-06
0: Size 128: 5.698446e-06
0: Size 256: 5.940579e-06
0: Size 512: 6.000230e-06
0: Size 1024: 6.116369e-06
0: Size 2048: 6.375474e-06
0: Size 4096: 6.799392e-06
0: Size 8192: 7.783847e-06
0: Size 16384: 1.093434e-05
0: Size 32768: 2.046330e-05
0: Size 65536: 2.601037e-05
0: Size 131072: 4.553912e-05
0: Size 262144: 9.013574e-05
0: Size 524288: 1.799308e-04
0: Size 1048576: 3.611830e-04
0: Size 2097152: 7.203961e-04
0: Size 4194304: 1.438922e-03
0: Size 8388608: 2.888823e-03
0: Size 16777216: 5.791715e-03
0: Size 33554432: 1.160394e-02
0: Size 67108864: 2.322145e-02
0: Size 134217728: 4.673993e-02
0: Size 268435456: 9.361197e-02
0: Size 536870912: 1.888139e-01
0: 
0: Active Procs: 16
0: Rank 0 sending to 72
0: Size 1: 4.908416e-06
0: Size 2: 4.906223e-06
0: Size 4: 4.906094e-06
0: Size 8: 4.901900e-06
0: Size 16: 4.919235e-06
0: Size 32: 4.917062e-06
0: Size 64: 4.917292e-06
0: Size 128: 6.002940e-06
0: Size 256: 6.185762e-06
0: Size 512: 6.248829e-06
0: Size 1024: 6.374608e-06
0: Size 2048: 6.652220e-06
0: Size 4096: 7.227709e-06
0: Size 8192: 1.071089e-05
0: Size 16384: 1.136808e-05
0: Size 32768: 2.471520e-05
0: Size 65536: 4.571445e-05
0: Size 131072: 9.061596e-05
0: Size 262144: 1.803753e-04
0: Size 524288: 3.601848e-04
0: Size 1048576: 7.192795e-04
0: Size 2097152: 1.439749e-03
0: Size 4194304: 2.886129e-03
0: Size 8388608: 5.804454e-03
0: Size 16777216: 1.159549e-02
0: Size 33554432: 2.319946e-02
0: Size 67108864: 4.644955e-02
0: Size 134217728: 9.316994e-02
0: Size 268435456: 1.871112e-01
0: Size 536870912: 3.776582e-01
0: 
0: Active Procs: 18
0: Rank 0 sending to 72
0: Size 1: 4.946043e-06
0: Size 2: 4.938307e-06
0: Size 4: 4.947603e-06
0: Size 8: 4.947019e-06
0: Size 16: 4.988515e-06
0: Size 32: 4.950961e-06
0: Size 64: 4.956825e-06
0: Size 128: 6.057916e-06
0: Size 256: 6.227577e-06
0: Size 512: 6.292274e-06
0: Size 1024: 6.417448e-06
0: Size 2048: 6.691069e-06
0: Size 4096: 7.322780e-06
0: Size 8192: 8.643591e-06
0: Size 16384: 1.277493e-05
0: Size 32768: 2.650271e-05
0: Size 65536: 5.136478e-05
0: Size 131072: 1.019301e-04
0: Size 262144: 2.030047e-04
0: Size 524288: 4.052317e-04
0: Size 1048576: 8.097284e-04
0: Size 2097152: 1.620534e-03
0: Size 4194304: 3.246492e-03
0: Size 8388608: 6.536843e-03
0: Size 16777216: 1.304101e-02
0: Size 33554432: 2.608488e-02
0: Size 67108864: 5.224819e-02
0: Size 134217728: 1.048026e-01
0: Size 268435456: 2.107240e-01
0: Size 536870912: 4.241637e-01
0: 
0: Not measuring off-node multiproc with even sockets, because same as even NUMAs
0: Not running any matching (queue search) benchmarks.  To run these, edit the #define MATCHING to a nonzero number
