0: CPU Microbenchmarks:
0: GPU Microbenchmarks:
0: Inter-CPU Microbenchmarks will be run with the following:
0: # Processes per NUMA: 18
0: # Processes per socket: 18
0: # Processes per node: 72
0: # of nodes: 2
0: Inter-GPU Microbenchmarks will be run with the following:
0: # GPUs per NUMA: 6
0: # GPUs per socket: 6
0: # GPUs per node: 24
0: # Processes per GPU: 3
0: If these are incorrect, edit the defines at the top of benchmarks/microbenchmarks.cpp
0: intra-socket tests will not be run because there is only one NUMA per socket.  The timings will be gathered in inter-NUMA tests.
0: Running standard GPU-Aware benchmarks
0: GPU-Aware On-NUMA Ping-Pong:
0: Size 1: 4.529338e-07
0: Size 2: 4.534179e-07
0: Size 4: 4.524953e-07
0: Size 8: 4.528804e-07
0: Size 16: 4.503753e-07
0: Size 32: 4.668821e-07
0: Size 64: 4.778516e-07
0: Size 128: 4.790286e-07
0: Size 256: 1.612668e-06
0: Size 512: 1.648866e-06
0: Size 1024: 5.588458e-06
0: Size 2048: 5.618709e-06
0: Size 4096: 5.787725e-06
0: Size 8192: 1.605170e-05
0: Size 16384: 1.646900e-05
0: Size 32768: 1.671393e-05
0: Size 65536: 1.787817e-05
0: Size 131072: 1.992241e-05
0: Size 262144: 2.468254e-05
0: Size 524288: 3.370924e-05
0: Size 1048576: 5.166489e-05
0: Size 2097152: 8.828944e-05
0: Size 4194304: 1.606226e-04
0: Size 8388608: 3.041967e-04
0: Size 16777216: 5.914214e-04
0: Size 33554432: 1.165538e-03
0: Size 67108864: 2.313697e-03
0: Size 134217728: 4.608468e-03
0: 
0: Not measuring GPU-Aware intra-socket because same as intra-NUMA
0: GPU-Aware On-Node, Off-Socket Ping-Pong:
0: Size 1: 3.113659e-06
0: Size 2: 3.147665e-06
0: Size 4: 3.155615e-06
0: Size 8: 3.159915e-06
0: Size 16: 3.037491e-06
0: Size 32: 3.323233e-06
0: Size 64: 3.572605e-06
0: Size 128: 3.426361e-06
0: Size 256: 5.265104e-06
0: Size 512: 5.693406e-06
0: Size 1024: 8.807363e-06
0: Size 2048: 8.854706e-06
0: Size 4096: 9.294226e-06
0: Size 8192: 2.065333e-05
0: Size 16384: 2.123893e-05
0: Size 32768: 2.131150e-05
0: Size 65536: 2.266028e-05
0: Size 131072: 2.409716e-05
0: Size 262144: 2.860058e-05
0: Size 524288: 3.747951e-05
0: Size 1048576: 5.594692e-05
0: Size 2097152: 9.208539e-05
0: Size 4194304: 1.644887e-04
0: Size 8388608: 3.080901e-04
0: Size 16777216: 5.949662e-04
0: Size 33554432: 1.169278e-03
0: Size 67108864: 2.317517e-03
0: Size 134217728: 4.612646e-03
0: 
0: GPU-Aware Off-Node Ping-Pong:
0: Size 1: 4.167658e-06
0: Size 2: 4.181280e-06
0: Size 4: 4.175520e-06
0: Size 8: 4.153412e-06
0: Size 16: 4.178923e-06
0: Size 32: 4.594225e-06
0: Size 64: 5.001670e-06
0: Size 128: 5.117161e-06
0: Size 256: 6.876888e-06
0: Size 512: 7.716662e-06
0: Size 1024: 1.161857e-05
0: Size 2048: 1.151629e-05
0: Size 4096: 1.176687e-05
0: Size 8192: 2.497274e-05
0: Size 16384: 2.552197e-05
0: Size 32768: 2.563371e-05
0: Size 65536: 2.689082e-05
0: Size 131072: 2.899514e-05
0: Size 262144: 3.292513e-05
0: Size 524288: 4.159229e-05
0: Size 1048576: 5.993063e-05
0: Size 2097152: 9.567318e-05
0: Size 4194304: 1.682258e-04
0: Size 8388608: 3.115760e-04
0: Size 16777216: 5.987110e-04
0: Size 33554432: 1.172995e-03
0: Size 67108864: 2.320887e-03
0: Size 134217728: 4.616238e-03
0: 
0: Running standard Copy-to-CPU benchmarks
0: GPU-Aware On-NUMA Ping-Pong:
0: Size 1: 5.773187e-05
0: Size 2: 5.783860e-05
0: Size 4: 5.813631e-05
0: Size 8: 5.920365e-05
0: Size 16: 5.781377e-05
0: Size 32: 5.768634e-05
0: Size 64: 5.723544e-05
0: Size 128: 5.729461e-05
0: Size 256: 5.922071e-05
0: Size 512: 5.921323e-05
0: Size 1024: 5.837809e-05
0: Size 2048: 5.869547e-05
0: Size 4096: 5.885210e-05
0: Size 8192: 6.062912e-05
0: Size 16384: 6.212162e-05
0: Size 32768: 7.344328e-05
0: Size 65536: 7.568470e-05
0: Size 131072: 8.635723e-05
0: Size 262144: 1.094904e-04
0: Size 524288: 1.561600e-04
0: Size 1048576: 2.381124e-04
0: Size 2097152: 4.182226e-04
0: Size 4194304: 7.730925e-04
0: Size 8388608: 1.490720e-03
0: Size 16777216: 2.574212e-03
0: Size 33554432: 4.777466e-03
0: Size 67108864: 9.173263e-03
0: Size 134217728: 1.797180e-02
0: 
0: Not measuring GPU-Aware intra-socket because same as intra-NUMA
0: GPU-Aware On-Node, Off-Socket Ping-Pong:
0: Size 1: 6.297784e-05
0: Size 2: 6.320844e-05
0: Size 4: 6.375074e-05
0: Size 8: 6.438218e-05
0: Size 16: 6.327803e-05
0: Size 32: 6.340851e-05
0: Size 64: 6.412279e-05
0: Size 128: 6.398146e-05
0: Size 256: 6.600705e-05
0: Size 512: 6.662628e-05
0: Size 1024: 6.574000e-05
0: Size 2048: 6.645219e-05
0: Size 4096: 6.697822e-05
0: Size 8192: 6.887494e-05
0: Size 16384: 7.338602e-05
0: Size 32768: 8.267017e-05
0: Size 65536: 9.385670e-05
0: Size 131072: 1.164405e-04
0: Size 262144: 1.593176e-04
0: Size 524288: 2.256233e-04
0: Size 1048576: 3.434866e-04
0: Size 2097152: 6.368085e-04
0: Size 4194304: 1.151046e-03
0: Size 8388608: 2.234237e-03
0: Size 16777216: 3.772551e-03
0: Size 33554432: 6.701265e-03
0: Size 67108864: 1.189891e-02
0: Size 134217728: 2.301013e-02
0: 
0: GPU-Aware Off-Node Ping-Pong:
0: Size 1: 6.728699e-05
0: Size 2: 6.588445e-05
0: Size 4: 6.580994e-05
0: Size 8: 6.616054e-05
0: Size 16: 6.530090e-05
0: Size 32: 6.589138e-05
0: Size 64: 6.669413e-05
0: Size 128: 6.659611e-05
0: Size 256: 6.844710e-05
0: Size 512: 6.949598e-05
0: Size 1024: 6.901320e-05
0: Size 2048: 6.973629e-05
0: Size 4096: 7.077147e-05
0: Size 8192: 7.269179e-05
0: Size 16384: 7.621455e-05
0: Size 32768: 9.017029e-05
0: Size 65536: 1.022401e-04
0: Size 131072: 1.457596e-04
0: Size 262144: 1.865491e-04
0: Size 524288: 2.773546e-04
0: Size 1048576: 4.089440e-04
0: Size 2097152: 7.055921e-04
0: Size 4194304: 1.338812e-03
0: Size 8388608: 2.607510e-03
0: Size 16777216: 4.295837e-03
0: Size 33554432: 7.400655e-03
0: Size 67108864: 1.385040e-02
0: Size 134217728: 2.666574e-02
0: 
0: Running multi-proc GPU-Aware benchmarks
0: Off-Node Multiple Processes Per GPU:
0: Active Procs: 1
0: Size 1: 4.596583e-06
0: Size 2: 4.637037e-06
0: Size 4: 4.631533e-06
0: Size 8: 4.587656e-06
0: Size 16: 4.359651e-06
0: Size 32: 4.944898e-06
0: Size 64: 5.452625e-06
0: Size 128: 5.373174e-06
0: Size 256: 6.566578e-06
0: Size 512: 8.614599e-06
0: Size 1024: 1.142715e-05
0: Size 2048: 1.158867e-05
0: Size 4096: 1.185867e-05
0: Size 8192: 2.463847e-05
0: Size 16384: 2.512876e-05
0: Size 32768: 2.580441e-05
0: Size 65536: 2.690326e-05
0: Size 131072: 2.928400e-05
0: Size 262144: 3.281822e-05
0: Size 524288: 4.162934e-05
0: Size 1048576: 5.988936e-05
0: Size 2097152: 9.588837e-05
0: Size 4194304: 1.686449e-04
0: Size 8388608: 3.118790e-04
0: Size 16777216: 5.989440e-04
0: Size 33554432: 1.173172e-03
0: Size 67108864: 2.321212e-03
0: Size 134217728: 4.615753e-03
0: 
0: Active Procs: 2
0: Size 1: 4.585526e-06
0: Size 2: 4.602802e-06
0: Size 4: 4.595133e-06
0: Size 8: 4.579072e-06
0: Size 16: 4.473993e-06
0: Size 32: 4.788895e-06
0: Size 64: 5.275083e-06
0: Size 128: 5.516461e-06
0: Size 256: 7.380471e-06
0: Size 512: 8.383012e-06
0: Size 1024: 1.215581e-05
0: Size 2048: 1.235589e-05
0: Size 4096: 1.254118e-05
0: Size 8192: 2.843426e-05
0: Size 16384: 2.907843e-05
0: Size 32768: 2.970119e-05
0: Size 65536: 3.076330e-05
0: Size 131072: 3.199980e-05
0: Size 262144: 3.645575e-05
0: Size 524288: 4.556408e-05
0: Size 1048576: 6.416243e-05
0: Size 2097152: 1.850823e-04
0: Size 4194304: 3.296983e-04
0: Size 8388608: 6.199820e-04
0: Size 16777216: 1.209685e-03
0: Size 33554432: 2.388243e-03
0: Size 67108864: 4.744147e-03
0: Size 134217728: 9.453795e-03
0: 
0: Active Procs: 3
0: Size 1: 4.288640e-06
0: Size 2: 4.293344e-06
0: Size 4: 4.307190e-06
0: Size 8: 4.308653e-06
0: Size 16: 4.249146e-06
0: Size 32: 4.670504e-06
0: Size 64: 5.203381e-06
0: Size 128: 5.314497e-06
0: Size 256: 7.526519e-06
0: Size 512: 8.339314e-06
0: Size 1024: 1.183390e-05
0: Size 2048: 1.223093e-05
0: Size 4096: 1.246648e-05
0: Size 8192: 2.856075e-05
0: Size 16384: 2.901471e-05
0: Size 32768: 2.932545e-05
0: Size 65536: 2.979071e-05
0: Size 131072: 3.193077e-05
0: Size 262144: 3.716979e-05
0: Size 524288: 4.770513e-05
0: Size 1048576: 7.239879e-05
0: Size 2097152: 1.933561e-04
0: Size 4194304: 3.473054e-04
0: Size 8388608: 6.568974e-04
0: Size 16777216: 1.284588e-03
0: Size 33554432: 2.540300e-03
0: Size 67108864: 5.050023e-03
0: Size 134217728: 1.006868e-02
0: 
0: Off-Node Multiple Processes Per GPU (all GPUs active per node):
0: Active Procs: 1
0: Size 1: 5.144663e-06
0: Size 2: 5.112518e-06
0: Size 4: 5.115531e-06
0: Size 8: 5.115342e-06
0: Size 16: 5.129705e-06
0: Size 32: 5.121236e-06
0: Size 64: 5.112050e-06
0: Size 128: 6.216959e-06
0: Size 256: 7.499211e-06
0: Size 512: 7.452392e-06
0: Size 1024: 1.147237e-05
0: Size 2048: 1.157972e-05
0: Size 4096: 1.180913e-05
0: Size 8192: 2.783631e-05
0: Size 16384: 2.839888e-05
0: Size 32768: 2.926346e-05
0: Size 65536: 3.062774e-05
0: Size 131072: 4.589517e-05
0: Size 262144: 9.020574e-05
0: Size 524288: 1.800581e-04
0: Size 1048576: 3.596075e-04
0: Size 2097152: 7.189408e-04
0: Size 4194304: 1.437561e-03
0: Size 8388608: 2.874649e-03
0: Size 16777216: 5.750724e-03
0: Size 33554432: 1.150835e-02
0: Size 67108864: 2.304564e-02
0: Size 134217728: 4.621101e-02
0: 
0: Active Procs: 2
0: Size 1: 5.443773e-06
0: Size 2: 5.413746e-06
0: Size 4: 5.418614e-06
0: Size 8: 5.410918e-06
0: Size 16: 5.423286e-06
0: Size 32: 5.422954e-06
0: Size 64: 5.423969e-06
0: Size 128: 6.519120e-06
0: Size 256: 7.413128e-06
0: Size 512: 7.166521e-06
0: Size 1024: 1.197341e-05
0: Size 2048: 1.219969e-05
0: Size 4096: 1.238712e-05
0: Size 8192: 3.084623e-05
0: Size 16384: 3.162634e-05
0: Size 32768: 3.262630e-05
0: Size 65536: 4.573498e-05
0: Size 131072: 9.060520e-05
0: Size 262144: 1.804364e-04
0: Size 524288: 3.601079e-04
0: Size 1048576: 7.193036e-04
0: Size 2097152: 1.438135e-03
0: Size 4194304: 2.874928e-03
0: Size 8388608: 5.749396e-03
0: Size 16777216: 1.150142e-02
0: Size 33554432: 2.301623e-02
0: Size 67108864: 4.609132e-02
0: Size 134217728: 9.242253e-02
0: 
0: Active Procs: 3
0: Size 1: 5.577108e-06
0: Size 2: 5.546848e-06
0: Size 4: 5.552878e-06
0: Size 8: 5.559935e-06
0: Size 16: 5.551788e-06
0: Size 32: 5.567131e-06
0: Size 64: 5.580002e-06
0: Size 128: 6.671476e-06
0: Size 256: 6.857167e-06
0: Size 512: 6.918533e-06
0: Size 1024: 1.228140e-05
0: Size 2048: 1.240899e-05
0: Size 4096: 1.254554e-05
0: Size 8192: 3.166002e-05
0: Size 16384: 3.248630e-05
0: Size 32768: 3.486027e-05
0: Size 65536: 6.838699e-05
0: Size 131072: 1.358402e-04
0: Size 262144: 2.706810e-04
0: Size 524288: 5.402009e-04
0: Size 1048576: 1.079251e-03
0: Size 2097152: 2.157191e-03
0: Size 4194304: 4.312532e-03
0: Size 8388608: 8.624089e-03
0: Size 16777216: 1.725210e-02
0: Size 33554432: 3.452483e-02
0: Size 67108864: 6.913307e-02
0: Size 134217728: 1.385723e-01
0: 
0: Running multi-proc Copy-to-CPU benchmarks
0: Off-Node Multiple Processes Per GPU:
0: Active Procs: 1
0: Size 1: 6.959730e-05
0: Size 2: 6.895039e-05
0: Size 4: 6.857321e-05
0: Size 8: 6.924720e-05
0: Size 16: 6.846262e-05
0: Size 32: 6.885545e-05
0: Size 64: 6.964664e-05
0: Size 128: 6.947748e-05
0: Size 256: 7.087696e-05
0: Size 512: 7.262733e-05
0: Size 1024: 7.169419e-05
0: Size 2048: 7.301450e-05
0: Size 4096: 7.332340e-05
0: Size 8192: 7.621362e-05
0: Size 16384: 7.910129e-05
0: Size 32768: 9.196224e-05
0: Size 65536: 1.043996e-04
0: Size 131072: 1.489472e-04
0: Size 262144: 1.893895e-04
0: Size 524288: 2.798349e-04
0: Size 1048576: 4.134916e-04
0: Size 2097152: 7.821886e-04
0: Size 4194304: 1.338363e-03
0: Size 8388608: 2.603944e-03
0: Size 16777216: 4.313212e-03
0: Size 33554432: 7.590628e-03
0: Size 67108864: 1.381290e-02
0: Size 134217728: 2.678780e-02
0: 
0: Active Procs: 2
0: Size 1: 6.811030e-05
0: Size 2: 6.813892e-05
0: Size 4: 6.819590e-05
0: Size 8: 6.840426e-05
0: Size 16: 6.812737e-05
0: Size 32: 6.827818e-05
0: Size 64: 6.826586e-05
0: Size 128: 6.852119e-05
0: Size 256: 7.115987e-05
0: Size 512: 7.171103e-05
0: Size 1024: 7.173870e-05
0: Size 2048: 7.265161e-05
0: Size 4096: 7.321618e-05
0: Size 8192: 7.611839e-05
0: Size 16384: 8.020119e-05
0: Size 32768: 9.731379e-05
0: Size 65536: 1.086879e-04
0: Size 131072: 1.391084e-04
0: Size 262144: 1.851270e-04
0: Size 524288: 2.500607e-04
0: Size 1048576: 4.651592e-04
0: Size 2097152: 7.074303e-04
0: Size 4194304: 1.965123e-03
0: Size 8388608: 2.870779e-03
0: Size 16777216: 4.718331e-03
0: Size 33554432: 1.078533e-02
0: Size 67108864: 1.640924e-02
0: Size 134217728: 3.694568e-02
0: 
0: Active Procs: 3
0: Size 1: 1.274495e-04
0: Size 2: 1.269810e-04
0: Size 4: 1.269109e-04
0: Size 8: 1.264993e-04
0: Size 16: 1.270022e-04
0: Size 32: 1.278645e-04
0: Size 64: 1.285880e-04
0: Size 128: 1.282036e-04
0: Size 256: 1.280628e-04
0: Size 512: 1.293741e-04
0: Size 1024: 1.290771e-04
0: Size 2048: 1.296422e-04
0: Size 4096: 1.309543e-04
0: Size 8192: 1.328783e-04
0: Size 16384: 1.365753e-04
0: Size 32768: 1.484610e-04
0: Size 65536: 1.622954e-04
0: Size 131072: 1.876857e-04
0: Size 262144: 2.356322e-04
0: Size 524288: 3.249732e-04
0: Size 1048576: 4.769811e-04
0: Size 2097152: 8.684493e-04
0: Size 4194304: 1.599505e-03
0: Size 8388608: 2.877209e-03
0: Size 16777216: 4.471283e-03
0: Size 33554432: 7.859487e-03
0: Size 67108864: 1.486532e-02
0: Size 134217728: 2.973733e-02
0: 
0: Off-Node Multiple Processes Per GPU (all GPUs active per node):
0: Active Procs: 1
0: Size 1: 1.097161e-04
0: Size 2: 1.098023e-04
0: Size 4: 1.086598e-04
0: Size 8: 1.097190e-04
0: Size 16: 1.095367e-04
0: Size 32: 1.096927e-04
0: Size 64: 1.106983e-04
0: Size 128: 1.104385e-04
0: Size 256: 1.083923e-04
0: Size 512: 1.093637e-04
0: Size 1024: 1.031529e-04
0: Size 2048: 1.000449e-04
0: Size 4096: 9.892354e-05
0: Size 8192: 9.708582e-05
0: Size 16384: 1.031117e-04
0: Size 32768: 1.071564e-04
0: Size 65536: 1.179763e-04
0: Size 131072: 1.489108e-04
0: Size 262144: 2.252244e-04
0: Size 524288: 3.889940e-04
0: Size 1048576: 6.857682e-04
0: Size 2097152: 1.252941e-03
0: Size 4194304: 2.353039e-03
0: Size 8388608: 3.739281e-03
0: Size 16777216: 8.030144e-03
0: Size 33554432: 1.499236e-02
0: Size 67108864: 2.740343e-02
0: Size 134217728: 5.158340e-02
0: 
0: Active Procs: 2
0: Size 1: 1.483775e-04
0: Size 2: 1.493011e-04
0: Size 4: 1.509594e-04
0: Size 8: 1.543597e-04
0: Size 16: 1.527520e-04
0: Size 32: 1.364337e-04
0: Size 64: 1.537284e-04
0: Size 128: 1.548863e-04
0: Size 256: 1.570973e-04
0: Size 512: 1.150964e-04
0: Size 1024: 1.498173e-04
0: Size 2048: 1.603505e-04
0: Size 4096: 1.612598e-04
0: Size 8192: 1.650362e-04
0: Size 16384: 1.597304e-04
0: Size 32768: 1.354763e-04
0: Size 65536: 1.546643e-04
0: Size 131072: 2.093989e-04
0: Size 262144: 3.373974e-04
0: Size 524288: 6.293828e-04
0: Size 1048576: 1.211387e-03
0: Size 2097152: 2.388814e-03
0: Size 4194304: 3.372040e-03
0: Size 8388608: 6.071888e-03
0: Size 16777216: 1.189660e-02
0: Size 33554432: 2.464873e-02
0: Size 67108864: 5.337985e-02
0: Size 134217728: 1.089527e-01
0: 
0: Active Procs: 3
0: Size 1: 1.322849e-04
0: Size 2: 1.427067e-04
0: Size 4: 1.312837e-04
0: Size 8: 1.399440e-04
0: Size 16: 1.398960e-04
0: Size 32: 1.455705e-04
0: Size 64: 1.480991e-04
0: Size 128: 1.506733e-04
0: Size 256: 1.323107e-04
0: Size 512: 1.476318e-04
0: Size 1024: 1.404711e-04
0: Size 2048: 1.336915e-04
0: Size 4096: 1.554913e-04
0: Size 8192: 1.583053e-04
0: Size 16384: 1.602454e-04
0: Size 32768: 1.462816e-04
0: Size 65536: 1.664320e-04
0: Size 131072: 2.542489e-04
0: Size 262144: 4.932341e-04
0: Size 524288: 9.349752e-04
0: Size 1048576: 1.702718e-03
0: Size 2097152: 3.289978e-03
0: Size 4194304: 4.320441e-03
0: Size 8388608: 9.038464e-03
0: Size 16777216: 1.736885e-02
0: Size 33554432: 3.751976e-02
0: Size 67108864: 7.694353e-02
0: Size 134217728: 1.613748e-01
0: 
