0: GPU Microbenchmarks:
0: Inter-CPU Microbenchmarks will be run with the following:
0: # Processes per NUMA: 1
0: # Processes per socket: 1
0: # Processes per node: 4
0: # of nodes: 2
0: If these are incorrect, edit the defines at the top of benchmarks/microbenchmarks.cpp
0: intra-NUMA tests will not be run because PPNUMA is set to 1.
0: intra-socket tests will not be run because PPS is set to 1.
0: 
0: 
0: Running standard ping-pongs
0: 
0: Not measuring intra-NUMA, because PPNUMA is set to 1
0: Not measuring intra-socket, because PPS is set to 1
0: On-Node, Off-Socket Ping-Pong:
0: Size 1: 4.641125e-06
0: Size 2: 4.636020e-06
0: Size 4: 4.626218e-06
0: Size 8: 4.659249e-06
0: Size 16: 3.745103e-06
0: Size 32: 4.784327e-06
0: Size 64: 4.976012e-06
0: Size 128: 4.962262e-06
0: Size 256: 5.721424e-06
0: Size 512: 7.105659e-06
0: Size 1024: 9.277395e-06
0: Size 2048: 9.252132e-06
0: Size 4096: 8.688422e-06
0: Size 8192: 2.205146e-05
0: Size 16384: 2.233052e-05
0: Size 32768: 2.291331e-05
0: Size 65536: 2.410135e-05
0: Size 131072: 2.562900e-05
0: Size 262144: 3.007777e-05
0: Size 524288: 3.948208e-05
0: Size 1048576: 5.781536e-05
0: Size 2097152: 9.371136e-05
0: Size 4194304: 1.659127e-04
0: Size 8388608: 3.094780e-04
0: Size 16777216: 5.954808e-04
0: Size 33554432: 1.169526e-03
0: Size 67108864: 2.317916e-03
0: Size 134217728: 4.612141e-03
0: Size 268435456: 9.201166e-03
0: Size 536870912: 1.837800e-02
0: 
0: Off-Node Ping-Pong:
0: Size 1: 4.590732e-06
0: Size 2: 4.569690e-06
0: Size 4: 4.568528e-06
0: Size 8: 4.567227e-06
0: Size 16: 4.574851e-06
0: Size 32: 4.573680e-06
0: Size 64: 4.570966e-06
0: Size 128: 5.680232e-06
0: Size 256: 5.923503e-06
0: Size 512: 5.979150e-06
0: Size 1024: 6.059391e-06
0: Size 2048: 6.240865e-06
0: Size 4096: 6.472287e-06
0: Size 8192: 7.243229e-06
0: Size 16384: 8.482909e-06
0: Size 32768: 1.510450e-05
0: Size 65536: 1.792252e-05
0: Size 131072: 2.351429e-05
0: Size 262144: 3.433694e-05
0: Size 524288: 5.603425e-05
0: Size 1048576: 9.959355e-05
0: Size 2097152: 1.859973e-04
0: Size 4194304: 3.587421e-04
0: Size 8388608: 7.042404e-04
0: Size 16777216: 1.395096e-03
0: Size 33554432: 2.776573e-03
0: Size 67108864: 5.539393e-03
0: Size 134217728: 1.106467e-02
0: Size 268435456: 2.211519e-02
0: Size 536870912: 4.421599e-02
0: 
0: Running standard many message tests (with ordered tags)
0: On-NUMA Multi Ping-Pong:
0: Size 1: 1.719293e-07
0: Size 2: 2.972014e-07
0: Size 4: 5.366360e-07
0: Size 8: 1.025191e-06
0: Size 16: 2.056718e-06
0: Size 32: 4.160775e-06
0: Size 64: 8.398620e-06
0: Size 128: 1.920072e-05
0: Size 256: 4.244905e-05
0: Size 512: 8.938271e-05
0: Size 1024: 1.928966e-04
0: Size 2048: 4.225918e-04
0: Size 4096: 8.685759e-04
0: Size 8192: 1.752515e-03
0: Size 16384: 3.542822e-03
0: 
0: On-Socket Multi Ping-Pong:
0: Size 1: 1.786333e-07
0: Size 2: 3.141495e-07
0: Size 4: 5.539644e-07
0: Size 8: 1.048003e-06
0: Size 16: 2.080496e-06
0: Size 32: 4.177738e-06
0: Size 64: 8.386402e-06
0: Size 128: 1.929731e-05
0: Size 256: 4.287782e-05
0: Size 512: 8.804105e-05
0: Size 1024: 1.926490e-04
0: Size 2048: 4.219648e-04
0: Size 4096: 8.742154e-04
0: Size 8192: 1.752697e-03
0: Size 16384: 3.543971e-03
0: 
0: On-Node, Off-Socket Multi Ping-Pong:
0: Size 1: 3.590668e-06
0: Size 2: 5.116788e-06
0: Size 4: 8.486031e-06
0: Size 8: 1.836428e-05
0: Size 16: 3.601275e-05
0: Size 32: 7.065213e-05
0: Size 64: 1.376186e-04
0: Size 128: 2.649879e-04
0: Size 256: 5.209771e-04
0: Size 512: 1.005184e-03
0: Size 1024: 2.254048e-03
0: Size 2048: 3.456613e-03
0: Size 4096: 7.928503e-03
0: Size 8192: 1.599494e-02
0: Size 16384: 2.788702e-02
0: 
0: Off-Node Multi Ping-Pong:
0: Size 1: 4.598764e-06
0: Size 2: 7.495031e-06
0: Size 4: 1.079069e-05
0: Size 8: 1.710669e-05
0: Size 16: 3.028149e-05
0: Size 32: 5.483691e-05
0: Size 64: 1.104899e-04
0: Size 128: 2.146030e-04
0: Size 256: 4.379306e-04
0: Size 512: 9.373191e-04
0: Size 1024: 1.803699e-03
0: Size 2048: 3.601626e-03
0: Size 4096: 7.206256e-03
0: Size 8192: 1.443934e-02
0: Size 16384: 2.922479e-02
0: 
0: Not running any matching (queue search) benchmarks.  To run these, edit the #define MATCHING to a nonzero number
