0: CPU Microbenchmarks:
0: GPU Microbenchmarks:
0: Inter-CPU Microbenchmarks will be run with the following:
0: # Processes per NUMA: 18
0: # Processes per socket: 18
0: # Processes per node: 72
0: # of nodes: 2
0: Inter-GPU Microbenchmarks will be run with the following:
0: # GPUs per NUMA: 1
0: # GPUs per socket: 1
0: # GPUs per node: 4
0: # Processes per GPU: 18
0: If these are incorrect, edit the defines at the top of benchmarks/microbenchmarks.cpp
0: GPU-Aware intra-NUMA tests will not be run because GPNUMA is set to 1.
0: intra-socket tests will not be run because GPS is set to 1.
0: Running standard GPU-Aware benchmarks
0: Not measuring GPU-Aware intra-NUMA, because GPNUMA is set to 1
0: Not measuring GPU-Aware intra-socket, because GPS is set to 1
0: GPU-Aware On-Node, Off-Socket Ping-Pong:
0: Size 1: 3.169162e-06
0: Size 2: 3.148480e-06
0: Size 4: 3.167763e-06
0: Size 8: 3.163871e-06
0: Size 16: 3.057112e-06
0: Size 32: 3.356793e-06
0: Size 64: 3.557698e-06
0: Size 128: 3.541366e-06
0: Size 256: 5.099446e-06
0: Size 512: 5.079406e-06
0: Size 1024: 8.856242e-06
0: Size 2048: 8.800542e-06
0: Size 4096: 8.821717e-06
0: Size 8192: 9.258951e-03
0: Size 16384: 2.111460e-02
0: Size 32768: 2.111439e-02
0: Size 65536: 2.111414e-02
0: Size 131072: 2.111464e-02
0: Size 262144: 2.111480e-02
0: Size 524288: 2.111339e-02
0: Size 1048576: 2.111440e-02
0: Size 2097152: 2.111400e-02
0: Size 4194304: 2.111389e-02
0: Size 8388608: 2.111236e-02
0: Size 16777216: 2.111109e-02
0: Size 33554432: 2.111092e-02
0: Size 67108864: 2.111156e-02
0: Size 134217728: 2.111130e-02
0: 
0: GPU-Aware Off-Node Ping-Pong:
0: Size 1: 4.110637e-06
0: Size 2: 4.110531e-06
0: Size 4: 4.123561e-06
0: Size 8: 4.124465e-06
0: Size 16: 4.116938e-06
0: Size 32: 4.516144e-06
0: Size 64: 4.835035e-06
0: Size 128: 5.016498e-06
0: Size 256: 6.673362e-06
0: Size 512: 6.686278e-06
0: Size 1024: 1.057234e-05
0: Size 2048: 1.060522e-05
0: Size 4096: 1.066127e-05
0: Size 8192: 1.407272e-02
0: Size 16384: 2.111422e-02
0: Size 32768: 2.111466e-02
0: Size 65536: 2.111533e-02
0: Size 131072: 2.111425e-02
0: Size 262144: 2.111440e-02
0: Size 524288: 2.111438e-02
0: Size 1048576: 2.111433e-02
0: Size 2097152: 2.111429e-02
0: Size 4194304: 2.111362e-02
0: Size 8388608: 2.111232e-02
0: Size 16777216: 2.111123e-02
0: Size 33554432: 2.111169e-02
0: Size 67108864: 2.111105e-02
0: Size 134217728: 2.111076e-02
0: 
0: Running standard (MEM)Copy-to-CPU benchmarks
0: Not measuring GPU-Aware intra-NUMA, because GPNUMA is set to 1
0: Not measuring GPU-Aware intra-socket, because GPS is set to 1
0: GPU-Aware On-Node, Off-Socket Ping-Pong:
0: Size 1: 3.187255e-06
0: Size 2: 3.178682e-06
0: Size 4: 3.203018e-06
0: Size 8: 3.192213e-06
0: Size 16: 3.055747e-06
0: Size 32: 3.340943e-06
0: Size 64: 3.521611e-06
0: Size 128: 3.552403e-06
0: Size 256: 5.243812e-06
0: Size 512: 5.199948e-06
0: Size 1024: 6.799181e-06
0: Size 2048: 8.656322e-06
0: Size 4096: 1.369841e-05
0: Size 8192: 2.840195e-05
0: Size 16384: 5.310214e-05
0: Size 32768: 1.015342e-04
0: Size 65536: 1.980987e-04
0: Size 131072: 3.914043e-04
0: Size 262144: 7.570894e-04
0: Size 524288: 1.469346e-03
0: Size 1048576: 2.928956e-03
0: Size 2097152: 5.404659e-03
0: Size 4194304: 5.057255e-03
0: Size 8388608: 6.359118e-03
0: Size 16777216: 5.646589e-03
0: Size 33554432: 1.250037e-02
0: Size 67108864: 2.474871e-02
0: Size 134217728: 4.833003e-02
0: 
0: GPU-Aware Off-Node Ping-Pong:
0: Size 1: 4.074390e-06
0: Size 2: 4.069586e-06
0: Size 4: 4.049698e-06
0: Size 8: 4.068741e-06
0: Size 16: 4.063424e-06
0: Size 32: 4.505639e-06
0: Size 64: 4.882666e-06
0: Size 128: 5.126114e-06
0: Size 256: 6.770264e-06
0: Size 512: 7.541966e-06
0: Size 1024: 9.346839e-06
0: Size 2048: 1.267971e-05
0: Size 4096: 2.074074e-05
0: Size 8192: 4.254422e-05
0: Size 16384: 7.600210e-05
0: Size 32768: 1.467978e-04
0: Size 65536: 2.880942e-04
0: Size 131072: 5.701701e-04
0: Size 262144: 1.105573e-03
0: Size 524288: 2.129462e-03
0: Size 1048576: 4.268061e-03
0: Size 2097152: 8.505314e-03
0: Size 4194304: 1.620074e-03
0: Size 8388608: 3.208828e-03
0: Size 16777216: 5.113100e-03
0: Size 33554432: 1.426844e-02
0: Size 67108864: 2.773419e-02
0: Size 134217728: 5.410169e-02
0: 
0: Running multi-proc GPU-Aware benchmarks
0: Off-Node Multiple Processes Per GPU:
0: Active Procs: 1
0: Size 1: 4.234362e-06
0: Size 2: 4.227129e-06
0: Size 4: 4.231525e-06
0: Size 8: 4.226410e-06
0: Size 16: 4.164988e-06
0: Size 32: 4.659550e-06
0: Size 64: 5.063015e-06
0: Size 128: 5.311381e-06
0: Size 256: 6.389281e-06
0: Size 512: 8.684628e-06
0: Size 1024: 1.084515e-05
0: Size 2048: 1.074614e-05
0: Size 4096: 1.092903e-05
0: Size 8192: 2.111516e-02
0: Size 16384: 2.111473e-02
0: Size 32768: 2.111522e-02
0: Size 65536: 2.111474e-02
0: Size 131072: 2.111506e-02
0: Size 262144: 2.111467e-02
0: Size 524288: 2.111438e-02
0: Size 1048576: 2.111403e-02
0: Size 2097152: 2.111324e-02
0: Size 4194304: 2.111279e-02
0: Size 8388608: 2.111162e-02
0: Size 16777216: 2.111100e-02
0: Size 33554432: 2.111064e-02
0: Size 67108864: 2.111047e-02
0: Size 134217728: 2.111102e-02
0: 
0: Active Procs: 2
0: Size 1: 4.089958e-06
0: Size 2: 4.102970e-06
0: Size 4: 4.100612e-06
0: Size 8: 4.099307e-06
0: Size 16: 4.105461e-06
0: Size 32: 4.358317e-06
0: Size 64: 4.765489e-06
0: Size 128: 4.962507e-06
0: Size 256: 6.684192e-06
0: Size 512: 6.682052e-06
0: Size 1024: 1.089459e-05
0: Size 2048: 1.080318e-05
0: Size 4096: 1.092828e-05
0: Size 8192: 1.360116e-02
0: Size 16384: 2.120688e-02
0: Size 32768: 2.120593e-02
0: Size 65536: 2.120678e-02
0: Size 131072: 2.120647e-02
0: Size 262144: 2.120685e-02
0: Size 524288: 2.120576e-02
0: Size 1048576: 2.120543e-02
0: Size 2097152: 2.119715e-02
0: Size 4194304: 2.123225e-02
0: Size 8388608: 2.130361e-02
0: Size 16777216: 2.144544e-02
0: Size 33554432: 2.173288e-02
0: Size 67108864: 2.230597e-02
0: Size 134217728: 2.345276e-02
0: 
0: Active Procs: 4
0: Size 1: 4.083738e-06
0: Size 2: 4.098761e-06
0: Size 4: 4.090502e-06
0: Size 8: 4.095142e-06
0: Size 16: 4.098445e-06
0: Size 32: 4.361815e-06
0: Size 64: 4.808899e-06
0: Size 128: 5.007479e-06
0: Size 256: 6.869194e-06
0: Size 512: 7.031941e-06
0: Size 1024: 1.088341e-05
0: Size 2048: 1.077944e-05
0: Size 4096: 1.094342e-05
0: Size 8192: 1.878700e-02
0: Size 16384: 2.138488e-02
0: Size 32768: 2.138413e-02
0: Size 65536: 2.138466e-02
0: Size 131072: 2.138526e-02
0: Size 262144: 2.138530e-02
0: Size 524288: 2.138648e-02
0: Size 1048576: 2.138814e-02
0: Size 2097152: 2.135858e-02
0: Size 4194304: 2.146493e-02
0: Size 8388608: 2.167737e-02
0: Size 16777216: 1.347251e-02
0: Size 33554432: 8.640168e-03
0: Size 67108864: 1.455459e-02
0: Size 134217728: 1.890863e-02
0: 
0: Active Procs: 8
0: Size 1: 4.210140e-06
0: Size 2: 4.226294e-06
0: Size 4: 4.238512e-06
0: Size 8: 4.242412e-06
0: Size 16: 4.102967e-06
0: Size 32: 4.551269e-06
0: Size 64: 4.842854e-06
0: Size 128: 5.020812e-06
0: Size 256: 6.915923e-06
0: Size 512: 7.138833e-06
0: Size 1024: 1.126097e-05
0: Size 2048: 1.141265e-05
0: Size 4096: 1.177488e-05
0: Size 8192: 2.179945e-04
0: Size 16384: 3.005503e-04
0: Size 32768: 1.991170e-03
0: Size 65536: 2.171818e-02
0: Size 131072: 2.171779e-02
0: Size 262144: 2.171199e-02
0: Size 524288: 2.171310e-02
0: Size 1048576: 2.172474e-02
0: Size 2097152: 2.167613e-02
0: Size 4194304: 2.186351e-02
0: Size 8388608: 1.476933e-02
0: Size 16777216: 8.533730e-03
0: Size 33554432: 1.412028e-02
0: Size 67108864: 2.169908e-02
0: Size 134217728: 3.114918e-02
0: 
0: Active Procs: 16
0: Size 1: 3.941641e-06
0: Size 2: 3.971834e-06
0: Size 4: 3.932441e-06
0: Size 8: 3.918562e-06
0: Size 16: 3.850805e-06
0: Size 32: 4.240537e-06
0: Size 64: 4.603502e-06
0: Size 128: 4.680510e-06
0: Size 256: 6.523950e-06
0: Size 512: 6.770148e-06
0: Size 1024: 1.049487e-05
0: Size 2048: 1.085317e-05
0: Size 4096: 1.104868e-05
0: Size 8192: 1.935767e-03
0: Size 16384: 2.174262e-02
0: Size 32768: 2.174600e-02
0: Size 65536: 2.174385e-02
0: Size 131072: 2.174228e-02
0: Size 262144: 2.175101e-02
0: Size 524288: 2.175492e-02
0: Size 1048576: 2.175808e-02
0: Size 2097152: 2.171918e-02
0: Size 4194304: 2.194416e-02
0: Size 8388608: 1.979022e-02
0: Size 16777216: 1.268462e-02
0: Size 33554432: 1.893453e-02
0: Size 67108864: 2.585307e-02
0: Size 134217728: 4.835670e-02
0: 
0: Active Procs: 18
0: Size 1: 3.967526e-06
0: Size 2: 3.960789e-06
0: Size 4: 3.918827e-06
0: Size 8: 3.951872e-06
0: Size 16: 3.853925e-06
0: Size 32: 4.207515e-06
0: Size 64: 4.544190e-06
0: Size 128: 4.672584e-06
0: Size 256: 6.527486e-06
0: Size 512: 6.823390e-06
0: Size 1024: 1.052256e-05
0: Size 2048: 1.040734e-05
0: Size 4096: 1.071108e-05
0: Size 8192: 1.785932e-02
0: Size 16384: 2.174571e-02
0: Size 32768: 2.173565e-02
0: Size 65536: 2.173225e-02
0: Size 131072: 2.173400e-02
0: Size 262144: 2.173581e-02
0: Size 524288: 2.174288e-02
0: Size 1048576: 2.174751e-02
0: Size 2097152: 2.172171e-02
0: Size 4194304: 2.196430e-02
0: Size 8388608: 2.265472e-02
0: Size 16777216: 1.574869e-02
0: Size 33554432: 1.850782e-02
0: Size 67108864: 3.130744e-02
0: Size 134217728: 4.793475e-02
0: 
0: Off-Node Multiple Processes Per GPU (all GPUs active per node):
0: Active Procs: 1
0: Size 1: 6.568306e-06
0: Size 2: 6.511458e-06
0: Size 4: 6.515768e-06
0: Size 8: 6.520010e-06
0: Size 16: 6.515853e-06
0: Size 32: 6.522655e-06
0: Size 64: 6.517964e-06
0: Size 128: 7.549139e-06
0: Size 256: 7.941947e-06
0: Size 512: 8.042225e-06
0: Size 1024: 1.078078e-05
0: Size 2048: 1.099972e-05
0: Size 4096: 1.096798e-05
0: Size 8192: 2.543901e-04
0: Size 16384: 4.708288e-04
0: Size 32768: 1.870936e-02
0: Size 65536: 2.175512e-02
0: Size 131072: 2.175606e-02
0: Size 262144: 2.175533e-02
0: Size 524288: 2.175569e-02
0: Size 1048576: 2.175695e-02
0: Size 2097152: 2.175139e-02
0: Size 4194304: 2.180985e-02
0: Size 8388608: 1.713737e-02
0: Size 16777216: 2.201363e-02
0: Size 33554432: 1.159465e-02
0: Size 67108864: 1.177599e-02
0: Size 134217728: 1.107408e-02
0: 
0: Active Procs: 2
0: Size 1: 6.685743e-06
0: Size 2: 6.661092e-06
0: Size 4: 6.649645e-06
0: Size 8: 6.655725e-06
0: Size 16: 6.662084e-06
0: Size 32: 6.657307e-06
0: Size 64: 6.656280e-06
0: Size 128: 7.727372e-06
0: Size 256: 8.033033e-06
0: Size 512: 8.139752e-06
0: Size 1024: 1.064298e-05
0: Size 2048: 1.066142e-05
0: Size 4096: 1.082620e-05
0: Size 8192: 1.659657e-02
0: Size 16384: 2.174771e-02
0: Size 32768: 2.174678e-02
0: Size 65536: 2.174757e-02
0: Size 131072: 2.174746e-02
0: Size 262144: 2.174648e-02
0: Size 524288: 2.174556e-02
0: Size 1048576: 2.174761e-02
0: Size 2097152: 2.174167e-02
0: Size 4194304: 2.178393e-02
0: Size 8388608: 5.691174e-03
0: Size 16777216: 2.812192e-03
0: Size 33554432: 2.206161e-02
0: Size 67108864: 2.255929e-02
0: Size 134217728: 2.428889e-02
0: 
0: Active Procs: 4
0: Size 1: 6.920443e-06
0: Size 2: 6.882795e-06
0: Size 4: 6.884108e-06
0: Size 8: 6.889207e-06
0: Size 16: 6.887801e-06
0: Size 32: 6.891192e-06
0: Size 64: 6.886821e-06
0: Size 128: 7.947945e-06
0: Size 256: 8.180121e-06
0: Size 512: 8.271170e-06
0: Size 1024: 1.078125e-05
0: Size 2048: 1.095973e-05
0: Size 4096: 1.103680e-05
0: Size 8192: 1.482126e-02
0: Size 16384: 2.174362e-02
0: Size 32768: 2.174225e-02
0: Size 65536: 2.174293e-02
0: Size 131072: 2.174360e-02
0: Size 262144: 2.174371e-02
0: Size 524288: 2.174425e-02
0: Size 1048576: 2.174248e-02
0: Size 2097152: 2.171453e-02
0: Size 4194304: 1.655323e-02
0: Size 8388608: 1.105266e-02
0: Size 16777216: 1.925082e-02
0: Size 33554432: 2.282992e-02
0: Size 67108864: 1.869881e-02
0: Size 134217728: 2.906860e-02
0: 
0: Active Procs: 8
0: Size 1: 7.597961e-06
0: Size 2: 7.476783e-06
0: Size 4: 7.478594e-06
0: Size 8: 7.486830e-06
0: Size 16: 7.480233e-06
0: Size 32: 7.490037e-06
0: Size 64: 7.484613e-06
0: Size 128: 8.565808e-06
0: Size 256: 8.788613e-06
0: Size 512: 8.863866e-06
0: Size 1024: 1.059752e-05
0: Size 2048: 1.081476e-05
0: Size 4096: 1.085211e-05
0: Size 8192: 2.172949e-02
0: Size 16384: 2.171929e-02
0: Size 32768: 2.172016e-02
0: Size 65536: 2.171622e-02
0: Size 131072: 2.171950e-02
0: Size 262144: 2.171905e-02
0: Size 524288: 2.172401e-02
0: Size 1048576: 2.173577e-02
0: Size 2097152: 2.168795e-02
0: Size 4194304: 2.189682e-02
0: Size 8388608: 1.560746e-02
0: Size 16777216: 2.037639e-02
0: Size 33554432: 2.095248e-02
0: Size 67108864: 2.952349e-02
0: Size 134217728: 5.896429e-02
0: 
0: Active Procs: 16
0: Size 1: 7.662386e-06
0: Size 2: 7.633438e-06
0: Size 4: 7.625652e-06
0: Size 8: 7.703085e-06
0: Size 16: 7.706454e-06
0: Size 32: 7.656700e-06
0: Size 64: 7.615314e-06
0: Size 128: 8.770101e-06
0: Size 256: 8.872440e-06
0: Size 512: 8.922566e-06
0: Size 1024: 1.110952e-05
0: Size 2048: 1.119926e-05
0: Size 4096: 1.137144e-05
0: Size 8192: 1.923591e-02
0: Size 16384: 2.174991e-02
0: Size 32768: 2.174794e-02
0: Size 65536: 2.174224e-02
0: Size 131072: 2.174353e-02
0: Size 262144: 2.174601e-02
0: Size 524288: 2.174827e-02
0: Size 1048576: 2.175053e-02
0: Size 2097152: 2.171080e-02
0: Size 4194304: 2.033122e-02
0: Size 8388608: 1.290136e-02
0: Size 16777216: 2.273194e-02
0: Size 33554432: 3.269090e-02
0: Size 67108864: 6.669458e-02
0: Size 134217728: 1.334978e-01
0: 
0: Active Procs: 18
0: Size 1: 7.637239e-06
0: Size 2: 7.606009e-06
0: Size 4: 7.606709e-06
0: Size 8: 7.641835e-06
0: Size 16: 7.607181e-06
0: Size 32: 7.598552e-06
0: Size 64: 7.615503e-06
0: Size 128: 8.753608e-06
0: Size 256: 8.875141e-06
0: Size 512: 8.991315e-06
0: Size 1024: 1.062286e-05
0: Size 2048: 1.082606e-05
0: Size 4096: 1.097948e-05
0: Size 8192: 2.167999e-02
0: Size 16384: 2.175564e-02
0: Size 32768: 2.174480e-02
0: Size 65536: 2.174626e-02
0: Size 131072: 2.174979e-02
0: Size 262144: 2.175627e-02
0: Size 524288: 2.175281e-02
0: Size 1048576: 2.175585e-02
0: Size 2097152: 2.172301e-02
0: Size 4194304: 2.201761e-02
0: Size 8388608: 1.868276e-02
0: Size 16777216: 2.298571e-02
0: Size 33554432: 