0: GPU Microbenchmarks:
0: Inter-CPU Microbenchmarks will be run with the following:
0: # Processes per NUMA: 18
0: # Processes per socket: 18
0: # Processes per node: 72
0: # of nodes: 2
0: Inter-GPU Microbenchmarks will be run with the following:
0: # GPUs per NUMA: 1
0: # GPUs per socket: 1
0: # GPUs per node: 4
0: # Processes per GPU: 18
0: If these are incorrect, edit the defines at the top of benchmarks/microbenchmarks.cpp
0: GPU-Aware intra-NUMA tests will not be run because GPNUMA is set to 1.
0: intra-socket tests will not be run because GPS is set to 1.
0: Running standard GPU-Aware benchmarks
0: Not measuring GPU-Aware intra-NUMA, because GPNUMA is set to 1
0: Not measuring GPU-Aware intra-socket, because GPS is set to 1
0: GPU-Aware On-Node, Off-Socket Ping-Pong:
0: Size 1: 4.084598e-06
0: Size 2: 4.008817e-06
0: Size 4: 4.031054e-06
0: Size 8: 4.006854e-06
0: Size 16: 3.555247e-06
0: Size 32: 4.107782e-06
0: Size 64: 4.372646e-06
0: Size 128: 3.978195e-06
0: Size 256: 6.235252e-06
0: Size 512: 6.393388e-06
0: Size 1024: 9.240394e-06
0: Size 2048: 9.091284e-06
0: Size 4096: 9.174196e-06
0: Size 8192: 6.444652e-05
0: Size 16384: 6.704952e-05
0: Size 32768: 6.783359e-05
0: Size 65536: 7.084554e-05
0: Size 131072: 7.445305e-05
0: Size 262144: 8.344292e-05
0: Size 524288: 1.144473e-04
0: Size 1048576: 1.703699e-04
0: Size 2097152: 2.884685e-04
0: Size 4194304: 4.984453e-04
0: Size 8388608: 8.895892e-04
0: Size 16777216: 1.590992e-03
0: Size 33554432: 3.134342e-03
0: Size 67108864: 6.402960e-03
0: Size 134217728: 1.064534e-02
0: 
0: GPU-Aware Off-Node Ping-Pong:
0: Size 1: 4.586699e-06
0: Size 2: 4.579260e-06
0: Size 4: 4.568247e-06
0: Size 8: 4.572328e-06
0: Size 16: 4.574630e-06
0: Size 32: 4.573923e-06
0: Size 64: 4.574079e-06
0: Size 128: 5.685048e-06
0: Size 256: 5.981559e-06
0: Size 512: 6.036554e-06
0: Size 1024: 6.100831e-06
0: Size 2048: 6.561154e-06
0: Size 4096: 6.827258e-06
0: Size 8192: 7.585324e-06
0: Size 16384: 8.925003e-06
0: Size 32768: 1.544074e-05
0: Size 65536: 1.818665e-05
0: Size 131072: 2.371573e-05
0: Size 262144: 3.453569e-05
0: Size 524288: 5.620179e-05
0: Size 1048576: 9.970000e-05
0: Size 2097152: 1.860148e-04
0: Size 4194304: 3.587907e-04
0: Size 8388608: 7.043068e-04
0: Size 16777216: 1.395166e-03
0: Size 33554432: 2.776643e-03
0: Size 67108864: 5.539488e-03
0: Size 134217728: 1.106502e-02
0: 
0: Running standard Copy-to-CPU benchmarks
0: Not measuring GPU-Aware intra-NUMA, because GPNUMA is set to 1
0: Not measuring GPU-Aware intra-socket, because GPS is set to 1
0: GPU-Aware On-Node, Off-Socket Ping-Pong:
0: Size 1: 4.190931e-06
0: Size 2: 4.188816e-06
0: Size 4: 4.207353e-06
0: Size 8: 4.275044e-06
0: Size 16: 3.585740e-06
0: Size 32: 4.227816e-06
0: Size 64: 4.398321e-06
0: Size 128: 4.126489e-06
0: Size 256: 6.090034e-06
0: Size 512: 7.117779e-06
0: Size 1024: 9.281641e-06
0: Size 2048: 1.075967e-05
0: Size 4096: 1.784948e-05
0: Size 8192: 3.634775e-05
0: Size 16384: 6.444536e-05
0: Size 32768: 1.207168e-04
0: Size 65536: 2.322343e-04
0: Size 131072: 4.556584e-04
0: Size 262144: 8.876246e-04
0: Size 524288: 1.711088e-03
0: Size 1048576: 3.400721e-03
0: Size 2097152: 6.391884e-03
0: Size 4194304: 1.187325e-02
0: Size 8388608: 1.294463e-02
0: Size 16777216: 8.143889e-03
0: Size 33554432: 1.247189e-02
0: Size 67108864: 2.514424e-02
0: Size 134217728: 4.879531e-02
0: 
0: GPU-Aware Off-Node Ping-Pong:
0: Size 1: 4.700259e-06
0: Size 2: 4.696992e-06
0: Size 4: 4.699810e-06
0: Size 8: 4.701123e-06
0: Size 16: 4.711713e-06
0: Size 32: 4.713525e-06
0: Size 64: 4.717135e-06
0: Size 128: 5.843245e-06
0: Size 256: 6.016516e-06
0: Size 512: 6.090511e-06
0: Size 1024: 6.259955e-06
0: Size 2048: 6.778417e-06
0: Size 4096: 7.433607e-06
0: Size 8192: 9.092170e-06
0: Size 16384: 1.148298e-05
0: Size 32768: 2.007730e-05
0: Size 65536: 2.667465e-05
0: Size 131072: 3.866348e-05
0: Size 262144: 6.525618e-05
0: Size 524288: 1.164104e-04
0: Size 1048576: 2.186643e-04
0: Size 2097152: 4.189484e-04
0: Size 4194304: 8.346114e-04
0: Size 8388608: 1.657067e-03
0: Size 16777216: 3.340454e-03
0: Size 33554432: 9.611299e-03
0: Size 67108864: 2.115856e-02
0: Size 134217728: 4.250367e-02
0: 
0: Running multi-proc GPU-Aware benchmarks
0: Off-Node Multiple Processes Per GPU:
0: Active Procs: 1
0: Size 1: 4.550132e-06
0: Size 2: 4.549570e-06
0: Size 4: 4.553083e-06
0: Size 8: 4.557092e-06
0: Size 16: 4.561106e-06
0: Size 32: 4.561697e-06
0: Size 64: 4.560166e-06
0: Size 128: 5.663951e-06
0: Size 256: 5.947314e-06
0: Size 512: 6.012411e-06
0: Size 1024: 6.094681e-06
0: Size 2048: 6.284145e-06
0: Size 4096: 6.534132e-06
0: Size 8192: 7.309852e-06
0: Size 16384: 8.549001e-06
0: Size 32768: 1.510096e-05
0: Size 65536: 1.788771e-05
0: Size 131072: 2.346829e-05
0: Size 262144: 3.429061e-05
0: Size 524288: 5.601211e-05
0: Size 1048576: 9.958907e-05
0: Size 2097152: 1.862888e-04
0: Size 4194304: 3.587663e-04
0: Size 8388608: 7.042895e-04
0: Size 16777216: 1.395150e-03
0: Size 33554432: 2.776600e-03
0: Size 67108864: 5.539295e-03
0: Size 134217728: 1.106484e-02
0: 
0: Active Procs: 2
0: Size 1: 4.560325e-06
0: Size 2: 4.556063e-06
0: Size 4: 4.556582e-06
0: Size 8: 4.555477e-06
0: Size 16: 4.559975e-06
0: Size 32: 4.563242e-06
0: Size 64: 4.559197e-06
0: Size 128: 5.663393e-06
0: Size 256: 5.933402e-06
0: Size 512: 5.986718e-06
0: Size 1024: 6.083018e-06
0: Size 2048: 6.290974e-06
0: Size 4096: 6.574859e-06
0: Size 8192: 7.312560e-06
0: Size 16384: 8.489746e-06
0: Size 32768: 1.523482e-05
0: Size 65536: 1.831252e-05
0: Size 131072: 2.574582e-05
0: Size 262144: 3.594943e-05
0: Size 524288: 5.776063e-05
0: Size 1048576: 1.028214e-04
0: Size 2097152: 1.925481e-04
0: Size 4194304: 3.722244e-04
0: Size 8388608: 7.315499e-04
0: Size 16777216: 1.450562e-03
0: Size 33554432: 2.890040e-03
0: Size 67108864: 5.774853e-03
0: Size 134217728: 1.156982e-02
0: 
0: Active Procs: 4
0: Size 1: 4.576261e-06
0: Size 2: 4.570742e-06
0: Size 4: 4.571352e-06
0: Size 8: 4.577536e-06
0: Size 16: 4.579085e-06
0: Size 32: 4.578323e-06
0: Size 64: 4.573640e-06
0: Size 128: 5.675850e-06
0: Size 256: 5.947397e-06
0: Size 512: 6.019969e-06
0: Size 1024: 6.086021e-06
0: Size 2048: 6.318299e-06
0: Size 4096: 6.637786e-06
0: Size 8192: 7.407974e-06
0: Size 16384: 8.653920e-06
0: Size 32768: 1.644481e-05
0: Size 65536: 2.336206e-05
0: Size 131072: 2.683322e-05
0: Size 262144: 4.516722e-05
0: Size 524288: 9.005720e-05
0: Size 1048576: 1.798392e-04
0: Size 2097152: 3.594024e-04
0: Size 4194304: 7.186960e-04
0: Size 8388608: 1.437265e-03
0: Size 16777216: 2.875355e-03
0: Size 33554432: 5.754148e-03
0: Size 67108864: 1.152354e-02
0: Size 134217728: 2.310835e-02
0: 
0: Active Procs: 8
0: Size 1: 4.670745e-06
0: Size 2: 4.670687e-06
0: Size 4: 4.670614e-06
0: Size 8: 4.671457e-06
0: Size 16: 4.678332e-06
0: Size 32: 4.677875e-06
0: Size 64: 4.675338e-06
0: Size 128: 5.757241e-06
0: Size 256: 5.999607e-06
0: Size 512: 6.067190e-06
0: Size 1024: 6.176156e-06
0: Size 2048: 6.423594e-06
0: Size 4096: 6.807896e-06
0: Size 8192: 7.658072e-06
0: Size 16384: 9.508788e-06
0: Size 32768: 1.955213e-05
0: Size 65536: 2.482973e-05
0: Size 131072: 4.542512e-05
0: Size 262144: 9.024441e-05
0: Size 524288: 1.800740e-04
0: Size 1048576: 3.596063e-04
0: Size 2097152: 7.188608e-04
0: Size 4194304: 1.437472e-03
0: Size 8388608: 2.874767e-03
0: Size 16777216: 5.750711e-03
0: Size 33554432: 1.150831e-02
0: Size 67108864: 2.304567e-02
0: Size 134217728: 4.621112e-02
0: 
0: Active Procs: 16
0: Size 1: 4.900712e-06
0: Size 2: 4.898539e-06
0: Size 4: 4.901132e-06
0: Size 8: 4.901214e-06
0: Size 16: 4.938289e-06
0: Size 32: 5.032505e-06
0: Size 64: 4.982386e-06
0: Size 128: 5.996076e-06
0: Size 256: 6.207814e-06
0: Size 512: 6.255933e-06
0: Size 1024: 6.398488e-06
0: Size 2048: 6.763004e-06
0: Size 4096: 7.164676e-06
0: Size 8192: 8.792411e-06
0: Size 16384: 1.131648e-05
0: Size 32768: 2.414759e-05
0: Size 65536: 4.575560e-05
0: Size 131072: 9.060562e-05
0: Size 262144: 1.804552e-04
0: Size 524288: 3.600764e-04
0: Size 1048576: 7.192231e-04
0: Size 2097152: 1.438126e-03
0: Size 4194304: 2.875036e-03
0: Size 8388608: 5.749522e-03
0: Size 16777216: 1.150141e-02
0: Size 33554432: 2.301618e-02
0: Size 67108864: 4.609098e-02
0: Size 134217728: 9.242161e-02
0: 
0: Active Procs: 18
0: Size 1: 5.059131e-06
0: Size 2: 5.063873e-06
0: Size 4: 5.065718e-06
0: Size 8: 5.068457e-06
0: Size 16: 5.064752e-06
0: Size 32: 5.056328e-06
0: Size 64: 5.086126e-06
0: Size 128: 6.184235e-06
0: Size 256: 6.396511e-06
0: Size 512: 6.464057e-06
0: Size 1024: 6.574050e-06
0: Size 2048: 6.815880e-06
0: Size 4096: 7.428050e-06
0: Size 8192: 8.899195e-06
0: Size 16384: 1.269959e-05
0: Size 32768: 2.644530e-05
0: Size 65536: 5.135771e-05
0: Size 131072: 1.019318e-04
0: Size 262144: 2.029994e-04
0: Size 524288: 4.050803e-04
0: Size 1048576: 8.091853e-04
0: Size 2097152: 1.617919e-03
0: Size 4194304: 3.234428e-03
0: Size 8388608: 6.470146e-03
0: Size 16777216: 1.293924e-02
0: Size 33554432: 2.589353e-02
0: Size 67108864: 5.184983e-02
0: Size 134217728: 1.039621e-01
0: 
0: Off-Node Multiple Processes Per GPU (all GPUs active per node):
0: Active Procs: 1
0: Size 1: 4.738129e-06
0: Size 2: 4.572806e-06
0: Size 4: 4.576062e-06
0: Size 8: 4.576897e-06
0: Size 16: 4.778838e-06
0: Size 32: 4.774616e-06
0: Size 64: 4.698210e-06
0: Size 128: 5.688203e-06
0: Size 256: 6.132858e-06
0: Size 512: 6.020905e-06
0: Size 1024: 6.221321e-06
0: Size 2048: 6.369060e-06
0: Size 4096: 6.577073e-06
0: Size 8192: 7.517768e-06
0: Size 16384: 8.654261e-06
0: Size 32768: 1.591070e-05
0: Size 65536: 1.878473e-05
0: Size 131072: 2.452694e-05
0: Size 262144: 3.543732e-05
0: Size 524288: 5.715671e-05
0: Size 1048576: 1.006331e-04
0: Size 2097152: 1.870135e-04
0: Size 4194304: 3.597129e-04
0: Size 8388608: 7.050297e-04
0: Size 16777216: 1.395727e-03
0: Size 33554432: 2.777324e-03
0: Size 67108864: 5.539662e-03
0: Size 134217728: 1.106541e-02
0: 
0: Active Procs: 2
0: Size 1: 4.580865e-06
0: Size 2: 4.658271e-06
0: Size 4: 4.673009e-06
0: Size 8: 4.672393e-06
0: Size 16: 4.787940e-06
0: Size 32: 4.617430e-06
0: Size 64: 4.589573e-06
0: Size 128: 5.858407e-06
0: Size 256: 5.946038e-06
0: Size 512: 6.068299e-06
0: Size 1024: 6.310104e-06
0: Size 2048: 6.528001e-06
0: Size 4096: 6.839975e-06
0: Size 8192: 7.575866e-06
0: Size 16384: 8.881259e-06
0: Size 32768: 1.613685e-05
0: Size 65536: 1.919019e-05
0: Size 131072: 2.629967e-05
0: Size 262144: 3.890440e-05
0: Size 524288: 5.923015e-05
0: Size 1048576: 1.042866e-04
0: Size 2097152: 1.936163e-04
0: Size 4194304: 3.732131e-04
0: Size 8388608: 7.325731e-04
0: Size 16777216: 1.451581e-03
0: Size 33554432: 2.891120e-03
0: Size 67108864: 5.776983e-03
0: Size 134217728: 1.157225e-02
0: 
0: Active Procs: 4
0: Size 1: 4.805598e-06
0: Size 2: 4.807226e-06
0: Size 4: 4.773078e-06
0: Size 8: 4.804332e-06
0: Size 16: 4.808770e-06
0: Size 32: 4.814312e-06
0: Size 64: 4.817248e-06
0: Size 128: 5.904463e-06
0: Size 256: 6.160824e-06
0: Size 512: 6.225265e-06
0: Size 1024: 6.296565e-06
0: Size 2048: 6.560684e-06
0: Size 4096: 6.910762e-06
0: Size 8192: 7.720244e-06
0: Size 16384: 9.086156e-06
0: Size 32768: 1.740235e-05
0: Size 65536: 2.412304e-05
0: Size 131072: 2.788155e-05
0: Size 262144: 4.515731e-05
0: Size 524288: 9.008249e-05
0: Size 1048576: 1.798581e-04
0: Size 2097152: 3.594113e-04
0: Size 4194304: 7.187149e-04
0: Size 8388608: 1.437388e-03
0: Size 16777216: 2.875348e-03
0: Size 33554432: 5.754122e-03
0: Size 67108864: 1.152345e-02
0: Size 134217728: 2.310837e-02
0: 
0: Active Procs: 8
0: Size 1: 4.948556e-06
0: Size 2: 4.922284e-06
0: Size 4: 4.946220e-06
0: Size 8: 4.948626e-06
0: Size 16: 4.954401e-06
0: Size 32: 4.957211e-06
0: Size 64: 4.955344e-06
0: Size 128: 5.985606e-06
0: Size 256: 6.243571e-06
0: Size 512: 6.283170e-06
0: Size 1024: 6.371245e-06
0: Size 2048: 6.680472e-06
0: Size 4096: 7.070822e-06
0: Size 8192: 8.114030e-06
0: Size 16384: 1.087052e-05
0: Size 32768: 2.099290e-05
0: Size 65536: 2.855110e-05
0: Size 131072: 4.546370e-05
0: Size 262144: 9.026896e-05
0: Size 524288: 1.801021e-04
0: Size 1048576: 3.597510e-04
0: Size 2097152: 7.188458e-04
0: Size 4194304: 1.437520e-03
0: Size 8388608: 2.874773e-03
0: Size 16777216: 5.750717e-03
0: Size 33554432: 1.150831e-02
0: Size 67108864: 2.304575e-02
0: Size 134217728: 4.621120e-02
0: 
0: Active Procs: 16
0: Size 1: 5.091665e-06
0: Size 2: 5.014447e-06
0: Size 4: 5.017028e-06
0: Size 8: 5.014449e-06
0: Size 16: 5.028422e-06
0: Size 32: 5.021574e-06
0: Size 64: 5.029740e-06
0: Size 128: 6.114705e-06
0: Size 256: 6.295002e-06
0: Size 512: 6.435904e-06
0: Size 1024: 6.531356e-06
0: Size 2048: 6.776495e-06
0: Size 4096: 7.533877e-06
0: Size 8192: 1.099895e-05
0: Size 16384: 1.131755e-05
0: Size 32768: 2.502621e-05
0: Size 65536: 4.580422e-05
0: Size 131072: 9.064202e-05
0: Size 262144: 1.805147e-04
0: Size 524288: 3.601645e-04
0: Size 1048576: 7.194548e-04
0: Size 2097152: 1.438161e-03
0: Size 4194304: 2.875055e-03
0: Size 8388608: 5.749534e-03
0: Size 16777216: 1.150125e-02
0: Size 33554432: 2.301622e-02
0: Size 67108864: 4.609107e-02
0: Size 134217728: 9.242183e-02
0: 
0: Active Procs: 18
0: Size 1: 5.130273e-06
0: Size 2: 5.067574e-06
0: Size 4: 5.081973e-06
0: Size 8: 5.103348e-06
0: Size 16: 5.067593e-06
0: Size 32: 5.122743e-06
0: Size 64: 5.125091e-06
0: Size 128: 6.173353e-06
0: Size 256: 6.446312e-06
0: Size 512: 6.408587e-06
0: Size 1024: 6.585310e-06
0: Size 2048: 6.942396e-06
0: Size 4096: 7.599626e-06
0: Size 8192: 8.921975e-06
0: Size 16384: 1.270113e-05
0: Size 32768: 2.643633e-05
0: Size 65536: 5.137904e-05
0: Size 131072: 1.019308e-04
0: Size 262144: 2.030335e-04
0: Size 524288: 4.051541e-04
0: Size 1048576: 8.092416e-04
0: Size 2097152: 1.617913e-03
0: Size 4194304: 3.234074e-03
0: Size 8388608: 6.468180e-03
0: Size 16777216: 1.293910e-02
0: Size 33554432: 2.589270e-02
0: Size 67108864: 5.184953e-02
0: Size 134217728: 1.039629e-01
0: 
0: Running multi-proc (MEM)Copy-to-CPU benchmarks
0: Off-Node Multiple Processes Per GPU:
0: Active Procs: 1
0: Size 1: 4.919847e-06
0: Size 2: 4.870552e-06
0: Size 4: 4.912888e-06
0: Size 8: 4.915115e-06
0: Size 16: 4.925975e-06
0: Size 32: 4.925467e-06
0: Size 64: 4.932850e-06
0: Size 128: 6.056251e-06
0: Size 256: 6.230342e-06
0: Size 512: 6.275291e-06
0: Size 1024: 6.482754e-06
0: Size 2048: 6.998184e-06
0: Size 4096: 7.689402e-06
0: Size 8192: 9.342274e-06
0: Size 16384: 1.174482e-05
0: Size 32768: 2.069704e-05
0: Size 65536: 2.741757e-05
0: Size 131072: 3.937524e-05
0: Size 262144: 6.579863e-05
0: Size 524288: 1.171717e-04
0: Size 1048576: 2.193970e-04
0: Size 2097152: 4.196758e-04
0: Size 4194304: 8.350388e-04
0: Size 8388608: 1.655992e-03
0: Size 16777216: 3.333881e-03
0: Size 33554432: 9.571758e-03
0: Size 67108864: 2.110482e-02
0: Size 134217728: 4.246646e-02
0: 
0: Active Procs: 2
0: Size 1: 4.866103e-06
0: Size 2: 4.902498e-06
0: Size 4: 4.904126e-06
0: Size 8: 4.907865e-06
0: Size 16: 4.763070e-06
0: Size 32: 4.840282e-06
0: Size 64: 4.918402e-06
0: Size 128: 6.037325e-06
0: Size 256: 6.184395e-06
0: Size 512: 6.302371e-06
0: Size 1024: 6.489021e-06
0: Size 2048: 7.024992e-06
0: Size 4096: 7.747749e-06
0: Size 8192: 9.751994e-06
0: Size 16384: 1.158272e-05
0: Size 32768: 2.107110e-05
0: Size 65536: 2.755557e-05
0: Size 131072: 4.004029e-05
0: Size 262144: 6.590088e-05
0: Size 524288: 1.172290e-04
0: Size 1048576: 2.197048e-04
0: Size 2097152: 4.206390e-04
0: Size 4194304: 8.478946e-04
0: Size 8388608: 1.928732e-03
0: Size 16777216: 4.119127e-03
0: Size 33554432: 1.084262e-02
0: Size 67108864: 2.181889e-02
0: Size 134217728: 4.264267e-02
0: 
0: Active Procs: 4
0: Size 1: 4.864240e-06
0: Size 2: 4.937159e-06
0: Size 4: 4.895109e-06
0: Size 8: 5.025535e-06
0: Size 16: 5.033380e-06
0: Size 32: 4.986442e-06
0: Size 64: 4.833504e-06
0: Size 128: 6.128222e-06
0: Size 256: 6.139433e-06
0: Size 512: 6.358964e-06
0: Size 1024: 6.550727e-06
0: Size 2048: 7.177272e-06
0: Size 4096: 8.054490e-06
0: Size 8192: 9.934650e-06
0: Size 16384: 1.199993e-05
0: Size 32768: 2.179483e-05
0: Size 65536: 2.853603e-05
0: Size 131072: 4.365280e-05
0: Size 262144: 8.351919e-05
0: Size 524288: 1.215233e-04
0: Size 1048576: 2.265441e-04
0: Size 2097152: 4.312692e-04
0: Size 4194304: 1.228816e-03
0: Size 8388608: 2.215641e-03
0: Size 16777216: 4.193236e-03
0: Size 33554432: 1.108764e-02
0: Size 67108864: 2.171728e-02
0: Size 134217728: 4.347940e-02
0: 
0: Active Procs: 8
0: Size 1: 5.091036e-06
0: Size 2: 5.014233e-06
0: Size 4: 5.026606e-06
0: Size 8: 5.075056e-06
0: Size 16: 4.982123e-06
0: Size 32: 5.134420e-06
0: Size 64: 4.986968e-06
0: Size 128: 6.251976e-06
0: Size 256: 6.447251e-06
0: Size 512: 6.573733e-06
0: Size 1024: 6.706718e-06
0: Size 2048: 7.291576e-06
0: Size 4096: 8.310910e-06
0: Size 8192: 1.028800e-05
0: Size 16384: 1.222161e-05
0: Size 32768: 2.360761e-05
0: Size 65536: 3.092325e-05
0: Size 131072: 4.637534e-05
0: Size 262144: 9.052078e-05
0: Size 524288: 1.800657e-04
0: Size 1048576: 3.596534e-04
0: Size 2097152: 7.190362e-04
0: Size 4194304: 1.438926e-03
0: Size 8388608: 2.883113e-03
0: Size 16777216: 5.780501e-03
0: Size 33554432: 1.162895e-02
0: Size 67108864: 2.350890e-02
0: Size 134217728: 4.786835e-02
0: 
0: Active Procs: 16
0: Size 1: 5.390243e-06
0: Size 2: 5.367192e-06
0: Size 4: 5.350876e-06
0: Size 8: 5.376757e-06
0: Size 16: 5.327398e-06
0: Size 32: 5.279881e-06
0: Size 64: 5.401354e-06
0: Size 128: 6.523502e-06
0: Size 256: 6.620161e-06
0: Size 512: 6.739170e-06
0: Size 1024: 7.017178e-06
0: Size 2048: 7.715171e-06
0: Size 4096: 8.704812e-06
0: Size 8192: 1.050557e-05
0: Size 16384: 1.271478e-05
0: Size 32768: 2.540837e-05
0: Size 65536: 4.570585e-05
0: Size 131072: 9.061968e-05
0: Size 262144: 1.805113e-04
0: Size 524288: 3.601121e-04
0: Size 1048576: 7.193710e-04
0: Size 2097152: 1.440182e-03
0: Size 4194304: 2.880297e-03
0: Size 8388608: 5.768723e-03
0: Size 16777216: 1.155678e-02
0: Size 33554432: 2.326449e-02
0: Size 67108864: 4.697413e-02
0: Size 134217728: 9.636837e-02
0: 
0: Active Procs: 18
0: Size 1: 5.408226e-06
0: Size 2: 5.413972e-06
0: Size 4: 5.396320e-06
0: Size 8: 5.399002e-06
0: Size 16: 5.422363e-06
0: Size 32: 5.423776e-06
0: Size 64: 5.439688e-06
0: Size 128: 6.550718e-06
0: Size 256: 6.682566e-06
0: Size 512: 6.777319e-06
0: Size 1024: 7.026478e-06
0: Size 2048: 7.757825e-06
0: Size 4096: 8.897351e-06
0: Size 8192: 1.078069e-05
0: Size 16384: 1.316986e-05
0: Size 32768: 2.681488e-05
0: Size 65536: 5.138145e-05
0: Size 131072: 1.019129e-04
0: Size 262144: 2.030348e-04
0: Size 524288: 4.050654e-04
0: Size 1048576: 8.093982e-04
0: Size 2097152: 1.618157e-03
0: Size 4194304: 3.243110e-03
0: Size 8388608: 6.485923e-03
0: Size 16777216: 1.300124e-02
0: Size 33554432: 2.616737e-02
0: Size 67108864: 5.279278e-02
0: Size 134217728: 1.079186e-01
0: 
0: Off-Node Multiple Processes Per GPU (all GPUs active per node):
0: Active Procs: 1
0: Size 1: 5.062275e-06
0: Size 2: 4.940206e-06
0: Size 4: 4.859725e-06
0: Size 8: 5.019496e-06
0: Size 16: 4.866378e-06
0: Size 32: 5.042620e-06
0: Size 64: 5.008765e-06
0: Size 128: 6.055212e-06
0: Size 256: 6.366214e-06
0: Size 512: 6.482245e-06
0: Size 1024: 6.668042e-06
0: Size 2048: 7.306362e-06
0: Size 4096: 8.146506e-06
0: Size 8192: 9.882094e-06
0: Size 16384: 1.204770e-05
0: Size 32768: 2.141178e-05
0: Size 65536: 2.770876e-05
0: Size 131072: 3.983167e-05
0: Size 262144: 8.041363e-05
0: Size 524288: 1.168892e-04
0: Size 1048576: 2.190072e-04
0: Size 2097152: 4.190870e-04
0: Size 4194304: 8.381372e-04
0: Size 8388608: 1.661487e-03
0: Size 16777216: 3.348615e-03
0: Size 33554432: 9.627383e-03
0: Size 67108864: 2.126861e-02
0: Size 134217728: 4.278203e-02
0: 
0: Active Procs: 2
0: Size 1: 5.011040e-06
0: Size 2: 4.964873e-06
0: Size 4: 5.163000e-06
0: Size 8: 5.168307e-06
0: Size 16: 5.166459e-06
0: Size 32: 5.160805e-06
0: Size 64: 4.999656e-06
0: Size 128: 6.140436e-06
0: Size 256: 6.376126e-06
0: Size 512: 6.502487e-06
0: Size 1024: 6.684132e-06
0: Size 2048: 7.394729e-06
0: Size 4096: 8.172968e-06
0: Size 8192: 1.020919e-05
0: Size 16384: 1.203626e-05
0: Size 32768: 2.155968e-05
0: Size 65536: 2.796158e-05
0: Size 131072: 4.021189e-05
0: Size 262144: 8.253060e-05
0: Size 524288: 1.177626e-04
0: Size 1048576: 2.200108e-04
0: Size 2097152: 4.208577e-04
0: Size 4194304: 8.511621e-04
0: Size 8388608: 2.017393e-03
0: Size 16777216: 4.137181e-03
0: Size 33554432: 1.099756e-02
0: Size 67108864: 2.199645e-02
0: Size 134217728: 4.301274e-02
0: 
0: Active Procs: 4
0: Size 1: 5.126190e-06
0: Size 2: 5.113282e-06
0: Size 4: 5.114109e-06
0: Size 8: 4.951854e-06
0: Size 16: 5.120426e-06
0: Size 32: 5.145717e-06
0: Size 64: 5.073521e-06
0: Size 128: 6.078228e-06
0: Size 256: 6.428937e-06
0: Size 512: 6.552469e-06
0: Size 1024: 6.772603e-06
0: Size 2048: 7.463375e-06
0: Size 4096: 8.358006e-06
0: Size 8192: 1.027527e-05
0: Size 16384: 1.220632e-05
0: Size 32768: 2.218524e-05
0: Size 65536: 2.904031e-05
0: Size 131072: 4.448829e-05
0: Size 262144: 8.718729e-05
0: Size 524288: 1.224857e-04
0: Size 1048576: 2.272568e-04
0: Size 2097152: 4.343968e-04
0: Size 4194304: 1.234572e-03
0: Size 8388608: 2.237201e-03
0: Size 16777216: 4.235406e-03
0: Size 33554432: 1.120385e-02
0: Size 67108864: 2.197895e-02
0: Size 134217728: 4.388484e-02
0: 
0: Active Procs: 8
0: Size 1: 5.230566e-06
0: Size 2: 5.123135e-06
0: Size 4: 5.118287e-06
0: Size 8: 5.234400e-06
0: Size 16: 5.250979e-06
0: Size 32: 5.244662e-06
0: Size 64: 5.264130e-06
0: Size 128: 6.324233e-06
0: Size 256: 6.322532e-06
0: Size 512: 6.576300e-06
0: Size 1024: 6.883895e-06
0: Size 2048: 7.537901e-06
0: Size 4096: 8.506949e-06
0: Size 8192: 1.060313e-05
0: Size 16384: 1.252639e-05
0: Size 32768: 2.401708e-05
0: Size 65536: 3.141892e-05
0: Size 131072: 4.674380e-05
0: Size 262144: 9.847433e-05
0: Size 524288: 1.800797e-04
0: Size 1048576: 3.598345e-04
0: Size 2097152: 7.190420e-04
0: Size 4194304: 1.441440e-03
0: Size 8388608: 2.889232e-03
0: Size 16777216: 5.779210e-03
0: Size 33554432: 1.164385e-02
0: Size 67108864: 2.348288e-02
0: Size 134217728: 4.785142e-02
0: 
0: Active Procs: 16
0: Size 1: 5.355796e-06
0: Size 2: 5.451752e-06
0: Size 4: 5.423792e-06
0: Size 8: 5.389515e-06
0: Size 16: 5.469370e-06
0: Size 32: 5.459887e-06
0: Size 64: 5.477413e-06
0: Size 128: 6.607958e-06
0: Size 256: 6.729407e-06
0: Size 512: 6.875352e-06
0: Size 1024: 7.102939e-06
0: Size 2048: 7.819029e-06
0: Size 4096: 8.984883e-06
0: Size 8192: 1.139142e-05
0: Size 16384: 1.298207e-05
0: Size 32768: 2.570607e-05
0: Size 65536: 4.571579e-05
0: Size 131072: 9.062088e-05
0: Size 262144: 1.845312e-04
0: Size 524288: 3.601255e-04
0: Size 1048576: 7.194782e-04
0: Size 2097152: 1.439198e-03
0: Size 4194304: 2.883890e-03
0: Size 8388608: 5.774838e-03
0: Size 16777216: 1.156370e-02
0: Size 33554432: 2.327608e-02
0: Size 67108864: 4.699989e-02
0: Size 134217728: 9.649093e-02
0: 
0: Active Procs: 18
0: Size 1: 5.393149e-06
0: Size 2: 5.450137e-06
0: Size 4: 5.485989e-06
0: Size 8: 5.474246e-06
0: Size 16: 5.481504e-06
0: Size 32: 5.486840e-06
0: Size 64: 5.505564e-06
0: Size 128: 6.622362e-06
0: Size 256: 6.789544e-06
0: Size 512: 6.923415e-06
0: Size 1024: 7.127089e-06
0: Size 2048: 7.834033e-06
0: Size 4096: 9.036138e-06
0: Size 8192: 1.212867e-05
0: Size 16384: 1.329039e-05
0: Size 32768: 2.696840e-05
0: Size 65536: 5.140711e-05
0: Size 131072: 1.019372e-04
0: Size 262144: 2.068895e-04
0: Size 524288: 4.052652e-04
0: Size 1048576: 8.094492e-04
0: Size 2097152: 1.619979e-03
0: Size 4194304: 3.244590e-03
0: Size 8388608: 6.497325e-03
0: Size 16777216: 1.300776e-02
0: Size 33554432: 2.618202e-02
0: Size 67108864: 5.286176e-02
0: Size 134217728: 1.079417e-01
0: 
