0: GPU Microbenchmarks:
0: Inter-CPU Microbenchmarks will be run with the following:
0: # Processes per NUMA: 18
0: # Processes per socket: 18
0: # Processes per node: 72
0: # of nodes: 2
0: Inter-GPU Microbenchmarks will be run with the following:
0: # GPUs per NUMA: 1
0: # GPUs per socket: 1
0: # GPUs per node: 4
0: # Processes per GPU: 18
0: If these are incorrect, edit the defines at the top of benchmarks/microbenchmarks.cpp
0: GPU-Aware intra-NUMA tests will not be run because GPNUMA is set to 1.
0: intra-socket tests will not be run because GPS is set to 1.
0: Running standard GPU-Aware benchmarks
0: Not measuring GPU-Aware intra-NUMA, because GPNUMA is set to 1
0: Not measuring GPU-Aware intra-socket, because GPS is set to 1
0: GPU-Aware On-Node, Off-Socket Ping-Pong:
0: Size 1: 4.152874e-06
0: Size 2: 4.141364e-06
0: Size 4: 4.128098e-06
0: Size 8: 4.125444e-06
0: Size 16: 3.639626e-06
0: Size 32: 4.401761e-06
0: Size 64: 4.656454e-06
0: Size 128: 4.646893e-06
0: Size 256: 6.646658e-06
0: Size 512: 6.884917e-06
0: Size 1024: 9.274246e-06
0: Size 2048: 9.154075e-06
0: Size 4096: 9.066674e-06
0: Size 8192: 6.564400e-05
0: Size 16384: 6.282346e-05
0: Size 32768: 6.858947e-05
0: Size 65536: 7.201394e-05
0: Size 131072: 8.177300e-05
0: Size 262144: 9.594951e-05
0: Size 524288: 1.235335e-04
0: Size 1048576: 1.864966e-04
0: Size 2097152: 3.049948e-04
0: Size 4194304: 5.355657e-04
0: Size 8388608: 9.670194e-04
0: Size 16777216: 1.820846e-03
0: Size 33554432: 3.541738e-03
0: Size 67108864: 6.952070e-03
0: Size 134217728: 1.307949e-02
0: 
0: GPU-Aware Off-Node Ping-Pong:
0: Size 1: 4.554799e-06
0: Size 2: 4.541860e-06
0: Size 4: 4.534749e-06
0: Size 8: 4.531789e-06
0: Size 16: 4.539929e-06
0: Size 32: 4.534527e-06
0: Size 64: 4.536064e-06
0: Size 128: 5.649480e-06
0: Size 256: 5.931068e-06
0: Size 512: 6.017983e-06
0: Size 1024: 6.073021e-06
0: Size 2048: 6.276885e-06
0: Size 4096: 6.505958e-06
0: Size 8192: 7.273028e-06
0: Size 16384: 8.509261e-06
0: Size 32768: 1.512758e-05
0: Size 65536: 1.787656e-05
0: Size 131072: 2.344897e-05
0: Size 262144: 3.427708e-05
0: Size 524288: 5.598837e-05
0: Size 1048576: 9.957118e-05
0: Size 2097152: 1.859513e-04
0: Size 4194304: 3.587341e-04
0: Size 8388608: 7.042907e-04
0: Size 16777216: 1.395129e-03
0: Size 33554432: 2.776599e-03
0: Size 67108864: 5.539353e-03
0: Size 134217728: 1.106475e-02
0: 
0: Running standard Copy-to-CPU benchmarks
0: Not measuring GPU-Aware intra-NUMA, because GPNUMA is set to 1
0: Not measuring GPU-Aware intra-socket, because GPS is set to 1
0: GPU-Aware On-Node, Off-Socket Ping-Pong:
0: Size 1: 4.232527e-06
0: Size 2: 4.192458e-06
0: Size 4: 4.244872e-06
0: Size 8: 4.223778e-06
0: Size 16: 3.746574e-06
0: Size 32: 4.451389e-06
0: Size 64: 4.768949e-06
0: Size 128: 4.814093e-06
0: Size 256: 6.375236e-06
0: Size 512: 6.932608e-06
0: Size 1024: 9.634293e-06
0: Size 2048: 1.054017e-05
0: Size 4096: 1.745959e-05
0: Size 8192: 3.632508e-05
0: Size 16384: 6.405565e-05
0: Size 32768: 1.195253e-04
0: Size 65536: 2.302210e-04
0: Size 131072: 4.535213e-04
0: Size 262144: 8.869398e-04
0: Size 524288: 1.712878e-03
0: Size 1048576: 3.399817e-03
0: Size 2097152: 6.524223e-03
0: Size 4194304: 1.181943e-02
0: Size 8388608: 1.303928e-02
0: Size 16777216: 7.932372e-03
0: Size 33554432: 1.261540e-02
0: Size 67108864: 2.545325e-02
0: Size 134217728: 4.984133e-02
0: 
0: GPU-Aware Off-Node Ping-Pong:
0: Size 1: 4.770054e-06
0: Size 2: 4.768924e-06
0: Size 4: 4.768500e-06
0: Size 8: 4.780235e-06
0: Size 16: 4.788263e-06
0: Size 32: 4.790192e-06
0: Size 64: 4.797619e-06
0: Size 128: 5.897256e-06
0: Size 256: 5.996646e-06
0: Size 512: 6.088147e-06
0: Size 1024: 6.258402e-06
0: Size 2048: 6.813808e-06
0: Size 4096: 7.524255e-06
0: Size 8192: 9.409960e-06
0: Size 16384: 1.137831e-05
0: Size 32768: 2.003838e-05
0: Size 65536: 2.640570e-05
0: Size 131072: 3.841437e-05
0: Size 262144: 6.494793e-05
0: Size 524288: 1.147035e-04
0: Size 1048576: 2.152254e-04
0: Size 2097152: 4.146637e-04
0: Size 4194304: 8.360419e-04
0: Size 8388608: 1.655467e-03
0: Size 16777216: 3.333297e-03
0: Size 33554432: 9.551451e-03
0: Size 67108864: 2.110341e-02
0: Size 134217728: 4.237837e-02
0: 
0: Running multi-proc GPU-Aware benchmarks
0: Off-Node Multiple Processes Per GPU:
0: Active Procs: 1
0: Size 1: 4.523127e-06
0: Size 2: 4.524019e-06
0: Size 4: 4.521974e-06
0: Size 8: 4.522299e-06
0: Size 16: 4.527511e-06
0: Size 32: 4.528385e-06
0: Size 64: 4.530116e-06
0: Size 128: 5.645411e-06
0: Size 256: 5.947531e-06
0: Size 512: 6.001294e-06
0: Size 1024: 6.091953e-06
0: Size 2048: 6.301561e-06
0: Size 4096: 6.551062e-06
0: Size 8192: 7.302996e-06
0: Size 16384: 8.525750e-06
0: Size 32768: 1.514125e-05
0: Size 65536: 1.787672e-05
0: Size 131072: 2.343860e-05
0: Size 262144: 3.426148e-05
0: Size 524288: 5.597960e-05
0: Size 1048576: 9.954054e-05
0: Size 2097152: 1.859489e-04
0: Size 4194304: 3.587534e-04
0: Size 8388608: 7.042758e-04
0: Size 16777216: 1.395118e-03
0: Size 33554432: 2.776568e-03
0: Size 67108864: 5.539225e-03
0: Size 134217728: 1.106495e-02
0: 
0: Active Procs: 2
0: Size 1: 4.574549e-06
0: Size 2: 4.575347e-06
0: Size 4: 4.574084e-06
0: Size 8: 4.573969e-06
0: Size 16: 4.575389e-06
0: Size 32: 4.577615e-06
0: Size 64: 4.573179e-06
0: Size 128: 5.678479e-06
0: Size 256: 5.930888e-06
0: Size 512: 5.984297e-06
0: Size 1024: 6.092487e-06
0: Size 2048: 6.310942e-06
0: Size 4096: 6.600646e-06
0: Size 8192: 7.350649e-06
0: Size 16384: 8.546432e-06
0: Size 32768: 1.524071e-05
0: Size 65536: 1.872579e-05
0: Size 131072: 2.570176e-05
0: Size 262144: 3.508198e-05
0: Size 524288: 5.769580e-05
0: Size 1048576: 1.028271e-04
0: Size 2097152: 1.924539e-04
0: Size 4194304: 3.721179e-04
0: Size 8388608: 7.314555e-04
0: Size 16777216: 1.450505e-03
0: Size 33554432: 2.889910e-03
0: Size 67108864: 5.774505e-03
0: Size 134217728: 1.156901e-02
0: 
0: Active Procs: 4
0: Size 1: 4.588851e-06
0: Size 2: 4.586305e-06
0: Size 4: 4.583686e-06
0: Size 8: 4.584698e-06
0: Size 16: 4.588551e-06
0: Size 32: 4.590305e-06
0: Size 64: 4.588577e-06
0: Size 128: 5.687109e-06
0: Size 256: 5.944539e-06
0: Size 512: 5.999021e-06
0: Size 1024: 6.102848e-06
0: Size 2048: 6.339494e-06
0: Size 4096: 6.636710e-06
0: Size 8192: 7.390883e-06
0: Size 16384: 8.643544e-06
0: Size 32768: 1.565133e-05
0: Size 65536: 2.016376e-05
0: Size 131072: 2.678586e-05
0: Size 262144: 4.516677e-05
0: Size 524288: 9.003595e-05
0: Size 1048576: 1.798102e-04
0: Size 2097152: 3.594159e-04
0: Size 4194304: 7.186754e-04
0: Size 8388608: 1.437290e-03
0: Size 16777216: 2.875348e-03
0: Size 33554432: 5.754044e-03
0: Size 67108864: 1.152351e-02
0: Size 134217728: 2.310835e-02
0: 
0: Active Procs: 8
0: Size 1: 4.678286e-06
0: Size 2: 4.675995e-06
0: Size 4: 4.673977e-06
0: Size 8: 4.671907e-06
0: Size 16: 4.678987e-06
0: Size 32: 4.679326e-06
0: Size 64: 4.683798e-06
0: Size 128: 5.762182e-06
0: Size 256: 6.004376e-06
0: Size 512: 6.063824e-06
0: Size 1024: 6.178216e-06
0: Size 2048: 6.431316e-06
0: Size 4096: 6.812286e-06
0: Size 8192: 7.653053e-06
0: Size 16384: 9.480486e-06
0: Size 32768: 1.909413e-05
0: Size 65536: 2.488273e-05
0: Size 131072: 4.543374e-05
0: Size 262144: 9.021534e-05
0: Size 524288: 1.800316e-04
0: Size 1048576: 3.596205e-04
0: Size 2097152: 7.189050e-04
0: Size 4194304: 1.437519e-03
0: Size 8388608: 2.874645e-03
0: Size 16777216: 5.750697e-03
0: Size 33554432: 1.150827e-02
0: Size 67108864: 2.304567e-02
0: Size 134217728: 4.621095e-02
0: 
0: Active Procs: 16
0: Size 1: 4.920760e-06
0: Size 2: 4.919839e-06
0: Size 4: 4.918529e-06
0: Size 8: 4.915094e-06
0: Size 16: 4.935174e-06
0: Size 32: 4.926573e-06
0: Size 64: 4.941708e-06
0: Size 128: 6.021054e-06
0: Size 256: 6.226225e-06
0: Size 512: 6.291277e-06
0: Size 1024: 6.421249e-06
0: Size 2048: 6.648245e-06
0: Size 4096: 7.178479e-06
0: Size 8192: 8.798259e-06
0: Size 16384: 1.133263e-05
0: Size 32768: 2.420508e-05
0: Size 65536: 4.571186e-05
0: Size 131072: 9.062064e-05
0: Size 262144: 1.804032e-04
0: Size 524288: 3.600329e-04
0: Size 1048576: 7.192120e-04
0: Size 2097152: 1.437872e-03
0: Size 4194304: 2.874854e-03
0: Size 8388608: 5.749550e-03
0: Size 16777216: 1.150138e-02
0: Size 33554432: 2.301619e-02
0: Size 67108864: 4.609139e-02
0: Size 134217728: 9.242208e-02
0: 
0: Active Procs: 18
0: Size 1: 4.973343e-06
0: Size 2: 4.980287e-06
0: Size 4: 4.966704e-06
0: Size 8: 4.976635e-06
0: Size 16: 4.990505e-06
0: Size 32: 4.980984e-06
0: Size 64: 4.984861e-06
0: Size 128: 6.081564e-06
0: Size 256: 6.280521e-06
0: Size 512: 6.346654e-06
0: Size 1024: 6.479175e-06
0: Size 2048: 6.697801e-06
0: Size 4096: 7.303117e-06
0: Size 8192: 8.963767e-06
0: Size 16384: 1.269875e-05
0: Size 32768: 2.635870e-05
0: Size 65536: 5.135273e-05
0: Size 131072: 1.019291e-04
0: Size 262144: 2.030066e-04
0: Size 524288: 4.051109e-04
0: Size 1048576: 8.093556e-04
0: Size 2097152: 1.617911e-03
0: Size 4194304: 3.234407e-03
0: Size 8388608: 6.468222e-03
0: Size 16777216: 1.293908e-02
0: Size 33554432: 2.589332e-02
0: Size 67108864: 5.184956e-02
0: Size 134217728: 1.039626e-01
0: 
0: Off-Node Multiple Processes Per GPU (all GPUs active per node):
0: Active Procs: 1
0: Size 1: 4.593327e-06
0: Size 2: 4.585270e-06
0: Size 4: 4.585720e-06
0: Size 8: 4.584793e-06
0: Size 16: 4.589588e-06
0: Size 32: 4.590538e-06
0: Size 64: 4.585028e-06
0: Size 128: 5.699423e-06
0: Size 256: 5.978754e-06
0: Size 512: 6.031157e-06
0: Size 1024: 6.125394e-06
0: Size 2048: 6.335412e-06
0: Size 4096: 6.587101e-06
0: Size 8192: 7.351632e-06
0: Size 16384: 8.642635e-06
0: Size 32768: 1.526739e-05
0: Size 65536: 1.800777e-05
0: Size 131072: 2.377030e-05
0: Size 262144: 3.479527e-05
0: Size 524288: 5.653600e-05
0: Size 1048576: 1.000829e-04
0: Size 2097152: 1.864183e-04
0: Size 4194304: 3.591905e-04
0: Size 8388608: 7.045559e-04
0: Size 16777216: 1.395407e-03
0: Size 33554432: 2.776898e-03
0: Size 67108864: 5.539704e-03
0: Size 134217728: 1.106512e-02
0: 
0: Active Procs: 2
0: Size 1: 4.591886e-06
0: Size 2: 4.591006e-06
0: Size 4: 4.592855e-06
0: Size 8: 4.595116e-06
0: Size 16: 4.599010e-06
0: Size 32: 4.600005e-06
0: Size 64: 4.597030e-06
0: Size 128: 5.701633e-06
0: Size 256: 5.967434e-06
0: Size 512: 6.018301e-06
0: Size 1024: 6.123591e-06
0: Size 2048: 6.348411e-06
0: Size 4096: 6.639317e-06
0: Size 8192: 7.401911e-06
0: Size 16384: 8.630392e-06
0: Size 32768: 1.540716e-05
0: Size 65536: 1.869208e-05
0: Size 131072: 2.596042e-05
0: Size 262144: 3.643441e-05
0: Size 524288: 5.876710e-05
0: Size 1048576: 1.038390e-04
0: Size 2097152: 1.932776e-04
0: Size 4194304: 3.729230e-04
0: Size 8388608: 7.322557e-04
0: Size 16777216: 1.451200e-03
0: Size 33554432: 2.890849e-03
0: Size 67108864: 5.775439e-03
0: Size 134217728: 1.157020e-02
0: 
0: Active Procs: 4
0: Size 1: 4.631519e-06
0: Size 2: 4.631209e-06
0: Size 4: 4.629316e-06
0: Size 8: 4.619956e-06
0: Size 16: 4.620688e-06
0: Size 32: 4.621962e-06
0: Size 64: 4.618345e-06
0: Size 128: 5.702773e-06
0: Size 256: 5.976542e-06
0: Size 512: 6.025566e-06
0: Size 1024: 6.142164e-06
0: Size 2048: 6.369183e-06
0: Size 4096: 6.691260e-06
0: Size 8192: 7.507877e-06
0: Size 16384: 8.855496e-06
0: Size 32768: 1.772028e-05
0: Size 65536: 2.373533e-05
0: Size 131072: 2.761053e-05
0: Size 262144: 4.516121e-05
0: Size 524288: 9.006358e-05
0: Size 1048576: 1.798558e-04
0: Size 2097152: 3.594142e-04
0: Size 4194304: 7.187046e-04
0: Size 8388608: 1.437388e-03
0: Size 16777216: 2.875353e-03
0: Size 33554432: 5.754145e-03
0: Size 67108864: 1.152352e-02
0: Size 134217728: 2.310835e-02
0: 
0: Active Procs: 8
0: Size 1: 4.770407e-06
0: Size 2: 4.766296e-06
0: Size 4: 4.764387e-06
0: Size 8: 4.771679e-06
0: Size 16: 4.770690e-06
0: Size 32: 4.775398e-06
0: Size 64: 4.777025e-06
0: Size 128: 5.821565e-06
0: Size 256: 6.075380e-06
0: Size 512: 6.136207e-06
0: Size 1024: 6.259409e-06
0: Size 2048: 6.512748e-06
0: Size 4096: 6.929875e-06
0: Size 8192: 7.946148e-06
0: Size 16384: 1.114403e-05
0: Size 32768: 2.043103e-05
0: Size 65536: 2.568203e-05
0: Size 131072: 4.545959e-05
0: Size 262144: 9.026381e-05
0: Size 524288: 1.800777e-04
0: Size 1048576: 3.597235e-04
0: Size 2097152: 7.188466e-04
0: Size 4194304: 1.437533e-03
0: Size 8388608: 2.874763e-03
0: Size 16777216: 5.750721e-03
0: Size 33554432: 1.150830e-02
0: Size 67108864: 2.304565e-02
0: Size 134217728: 4.621110e-02
0: 
0: Active Procs: 16
0: Size 1: 5.008489e-06
0: Size 2: 5.006807e-06
0: Size 4: 5.005687e-06
0: Size 8: 5.012966e-06
0: Size 16: 5.018230e-06
0: Size 32: 5.019345e-06
0: Size 64: 5.010492e-06
0: Size 128: 6.101702e-06
0: Size 256: 6.304049e-06
0: Size 512: 6.378277e-06
0: Size 1024: 6.516200e-06
0: Size 2048: 6.765713e-06
0: Size 4096: 7.339665e-06
0: Size 8192: 1.101712e-05
0: Size 16384: 1.131507e-05
0: Size 32768: 2.444900e-05
0: Size 65536: 4.576384e-05
0: Size 131072: 9.063954e-05
0: Size 262144: 1.804537e-04
0: Size 524288: 3.601989e-04
0: Size 1048576: 7.195362e-04
0: Size 2097152: 1.438152e-03
0: Size 4194304: 2.875054e-03
0: Size 8388608: 5.749556e-03
0: Size 16777216: 1.150141e-02
0: Size 33554432: 2.301627e-02
0: Size 67108864: 4.609121e-02
0: Size 134217728: 9.242216e-02
0: 
0: Active Procs: 18
0: Size 1: 5.048145e-06
0: Size 2: 5.038986e-06
0: Size 4: 5.049812e-06
0: Size 8: 5.045503e-06
0: Size 16: 5.061037e-06
0: Size 32: 5.053990e-06
0: Size 64: 5.057938e-06
0: Size 128: 6.160317e-06
0: Size 256: 6.345314e-06
0: Size 512: 6.414638e-06
0: Size 1024: 6.552114e-06
0: Size 2048: 6.814733e-06
0: Size 4096: 7.435556e-06
0: Size 8192: 8.913000e-06
0: Size 16384: 1.269911e-05
0: Size 32768: 2.642352e-05
0: Size 65536: 5.137666e-05
0: Size 131072: 1.019263e-04
0: Size 262144: 2.030421e-04
0: Size 524288: 4.051768e-04
0: Size 1048576: 8.093762e-04
0: Size 2097152: 1.617907e-03
0: Size 4194304: 3.234439e-03
0: Size 8388608: 6.468250e-03
0: Size 16777216: 1.293913e-02
0: Size 33554432: 2.589341e-02
0: Size 67108864: 5.184967e-02
0: Size 134217728: 1.039630e-01
0: 
0: Running multi-proc (MEM)Copy-to-CPU benchmarks
0: Off-Node Multiple Processes Per GPU:
0: Active Procs: 1
0: Size 1: 4.776515e-06
0: Size 2: 4.778482e-06
0: Size 4: 4.780982e-06
0: Size 8: 4.785483e-06
0: Size 16: 4.795288e-06
0: Size 32: 4.796136e-06
0: Size 64: 4.802046e-06
0: Size 128: 5.933951e-06
0: Size 256: 6.034729e-06
0: Size 512: 6.125955e-06
0: Size 1024: 6.314456e-06
0: Size 2048: 6.860542e-06
0: Size 4096: 7.600236e-06
0: Size 8192: 9.476169e-06
0: Size 16384: 1.145345e-05
0: Size 32768: 2.023706e-05
0: Size 65536: 2.643182e-05
0: Size 131072: 3.849105e-05
0: Size 262144: 6.487849e-05
0: Size 524288: 1.146701e-04
0: Size 1048576: 2.151517e-04
0: Size 2097152: 4.141594e-04
0: Size 4194304: 8.366671e-04
0: Size 8388608: 1.654721e-03
0: Size 16777216: 3.324981e-03
0: Size 33554432: 9.550003e-03
0: Size 67108864: 2.109635e-02
0: Size 134217728: 4.237757e-02
0: 
0: Active Procs: 2
0: Size 1: 4.872133e-06
0: Size 2: 4.874935e-06
0: Size 4: 4.881228e-06
0: Size 8: 4.878200e-06
0: Size 16: 4.887027e-06
0: Size 32: 4.882102e-06
0: Size 64: 4.886907e-06
0: Size 128: 6.009672e-06
0: Size 256: 6.139598e-06
0: Size 512: 6.268803e-06
0: Size 1024: 6.463587e-06
0: Size 2048: 7.144323e-06
0: Size 4096: 7.960472e-06
0: Size 8192: 9.906391e-06
0: Size 16384: 1.162507e-05
0: Size 32768: 2.059170e-05
0: Size 65536: 2.692578e-05
0: Size 131072: 3.925499e-05
0: Size 262144: 6.505753e-05
0: Size 524288: 1.150848e-04
0: Size 1048576: 2.161703e-04
0: Size 2097152: 4.185959e-04
0: Size 4194304: 8.429429e-04
0: Size 8388608: 1.981957e-03
0: Size 16777216: 3.850607e-03
0: Size 33554432: 1.089533e-02
0: Size 67108864: 2.181757e-02
0: Size 134217728: 4.261421e-02
0: 
0: Active Procs: 4
0: Size 1: 4.865563e-06
0: Size 2: 4.865036e-06
0: Size 4: 4.865480e-06
0: Size 8: 4.866424e-06
0: Size 16: 4.872068e-06
0: Size 32: 4.869037e-06
0: Size 64: 4.875806e-06
0: Size 128: 6.000024e-06
0: Size 256: 6.152513e-06
0: Size 512: 6.273181e-06
0: Size 1024: 6.477689e-06
0: Size 2048: 7.133219e-06
0: Size 4096: 7.983148e-06
0: Size 8192: 9.918916e-06
0: Size 16384: 1.171749e-05
0: Size 32768: 2.109741e-05
0: Size 65536: 2.816878e-05
0: Size 131072: 4.336717e-05
0: Size 262144: 6.942514e-05
0: Size 524288: 1.204768e-04
0: Size 1048576: 2.245365e-04
0: Size 2097152: 4.281556e-04
0: Size 4194304: 1.130047e-03
0: Size 8388608: 2.130624e-03
0: Size 16777216: 4.086250e-03
0: Size 33554432: 1.109089e-02
0: Size 67108864: 2.173740e-02
0: Size 134217728: 4.349088e-02
0: 
0: Active Procs: 8
0: Size 1: 4.956605e-06
0: Size 2: 4.960306e-06
0: Size 4: 4.962669e-06
0: Size 8: 4.973763e-06
0: Size 16: 4.980095e-06
0: Size 32: 4.979186e-06
0: Size 64: 4.981313e-06
0: Size 128: 6.103192e-06
0: Size 256: 6.231402e-06
0: Size 512: 6.356437e-06
0: Size 1024: 6.599469e-06
0: Size 2048: 7.238646e-06
0: Size 4096: 8.104699e-06
0: Size 8192: 1.005294e-05
0: Size 16384: 1.193782e-05
0: Size 32768: 2.297649e-05
0: Size 65536: 3.055871e-05
0: Size 131072: 4.594000e-05
0: Size 262144: 9.023885e-05
0: Size 524288: 1.800264e-04
0: Size 1048576: 3.596581e-04
0: Size 2097152: 7.190260e-04
0: Size 4194304: 1.438470e-03
0: Size 8388608: 2.879498e-03
0: Size 16777216: 5.772311e-03
0: Size 33554432: 1.162215e-02
0: Size 67108864: 2.346355e-02
0: Size 134217728: 4.779155e-02
0: 
0: Active Procs: 16
0: Size 1: 5.174434e-06
0: Size 2: 5.171363e-06
0: Size 4: 5.178281e-06
0: Size 8: 5.177343e-06
0: Size 16: 5.198523e-06
0: Size 32: 5.183087e-06
0: Size 64: 5.201724e-06
0: Size 128: 6.287636e-06
0: Size 256: 6.409083e-06
0: Size 512: 6.524798e-06
0: Size 1024: 6.735354e-06
0: Size 2048: 7.347023e-06
0: Size 4096: 8.381680e-06
0: Size 8192: 1.034552e-05
0: Size 16384: 1.245743e-05
0: Size 32768: 2.507486e-05
0: Size 65536: 4.569891e-05
0: Size 131072: 9.060126e-05
0: Size 262144: 1.804163e-04
0: Size 524288: 3.600643e-04
0: Size 1048576: 7.194356e-04
0: Size 2097152: 1.438603e-03
0: Size 4194304: 2.878188e-03
0: Size 8388608: 5.764958e-03
0: Size 16777216: 1.155094e-02
0: Size 33554432: 2.324587e-02
0: Size 67108864: 4.692762e-02
0: Size 134217728: 9.629957e-02
0: 
0: Active Procs: 18
0: Size 1: 5.212637e-06
0: Size 2: 5.217271e-06
0: Size 4: 5.226356e-06
0: Size 8: 5.229730e-06
0: Size 16: 5.229958e-06
0: Size 32: 5.233901e-06
0: Size 64: 5.243714e-06
0: Size 128: 6.351891e-06
0: Size 256: 6.464393e-06
0: Size 512: 6.577168e-06
0: Size 1024: 6.791351e-06
0: Size 2048: 7.396275e-06
0: Size 4096: 8.444948e-06
0: Size 8192: 1.041959e-05
0: Size 16384: 1.296169e-05
0: Size 32768: 2.670805e-05
0: Size 65536: 5.138391e-05
0: Size 131072: 1.019073e-04
0: Size 262144: 2.030007e-04
0: Size 524288: 4.050633e-04
0: Size 1048576: 8.092409e-04
0: Size 2097152: 1.618052e-03
0: Size 4194304: 3.238050e-03
0: Size 8388608: 6.486690e-03
0: Size 16777216: 1.299537e-02
0: Size 33554432: 2.613750e-02
0: Size 67108864: 5.278568e-02
0: Size 134217728: 1.077922e-01
0: 
0: Off-Node Multiple Processes Per GPU (all GPUs active per node):
0: Active Procs: 1
0: Size 1: 4.945641e-06
0: Size 2: 4.945664e-06
0: Size 4: 4.921230e-06
0: Size 8: 4.920264e-06
0: Size 16: 4.926059e-06
0: Size 32: 4.921036e-06
0: Size 64: 4.928807e-06
0: Size 128: 6.063934e-06
0: Size 256: 6.193410e-06
0: Size 512: 6.320469e-06
0: Size 1024: 6.485271e-06
0: Size 2048: 7.173813e-06
0: Size 4096: 8.030571e-06
0: Size 8192: 1.014859e-05
0: Size 16384: 1.179088e-05
0: Size 32768: 2.054663e-05
0: Size 65536: 2.687807e-05
0: Size 131072: 3.961359e-05
0: Size 262144: 6.537242e-05
0: Size 524288: 1.156149e-04
0: Size 1048576: 2.171338e-04
0: Size 2097152: 4.194511e-04
0: Size 4194304: 8.374507e-04
0: Size 8388608: 1.662310e-03
0: Size 16777216: 3.351193e-03
0: Size 33554432: 9.631586e-03
0: Size 67108864: 2.129118e-02
0: Size 134217728: 4.290263e-02
0: 
0: Active Procs: 2
0: Size 1: 4.915759e-06
0: Size 2: 4.937485e-06
0: Size 4: 4.924417e-06
0: Size 8: 4.923054e-06
0: Size 16: 4.929596e-06
0: Size 32: 4.923729e-06
0: Size 64: 4.927951e-06
0: Size 128: 6.044609e-06
0: Size 256: 6.211835e-06
0: Size 512: 6.356165e-06
0: Size 1024: 6.541142e-06
0: Size 2048: 7.214150e-06
0: Size 4096: 8.031575e-06
0: Size 8192: 1.002441e-05
0: Size 16384: 1.182969e-05
0: Size 32768: 2.080130e-05
0: Size 65536: 2.721270e-05
0: Size 131072: 4.001146e-05
0: Size 262144: 6.592444e-05
0: Size 524288: 1.174157e-04
0: Size 1048576: 2.209759e-04
0: Size 2097152: 4.238369e-04
0: Size 4194304: 8.466554e-04
0: Size 8388608: 2.024972e-03
0: Size 16777216: 4.121582e-03
0: Size 33554432: 1.092273e-02
0: Size 67108864: 2.198996e-02
0: Size 134217728: 4.299458e-02
0: 
0: Active Procs: 4
0: Size 1: 4.936063e-06
0: Size 2: 4.932405e-06
0: Size 4: 4.956892e-06
0: Size 8: 4.960197e-06
0: Size 16: 4.974125e-06
0: Size 32: 4.965335e-06
0: Size 64: 4.973785e-06
0: Size 128: 6.074966e-06
0: Size 256: 6.220634e-06
0: Size 512: 6.360859e-06
0: Size 1024: 6.561225e-06
0: Size 2048: 7.284154e-06
0: Size 4096: 8.142082e-06
0: Size 8192: 1.014065e-05
0: Size 16384: 1.204507e-05
0: Size 32768: 2.152229e-05
0: Size 65536: 2.874231e-05
0: Size 131072: 4.407786e-05
0: Size 262144: 7.009069e-05
0: Size 524288: 1.227702e-04
0: Size 1048576: 2.282074e-04
0: Size 2097152: 4.340167e-04
0: Size 4194304: 1.231476e-03
0: Size 8388608: 2.246556e-03
0: Size 16777216: 4.173648e-03
0: Size 33554432: 1.114019e-02
0: Size 67108864: 2.214369e-02
0: Size 134217728: 4.382273e-02
0: 
0: Active Procs: 8
0: Size 1: 5.075085e-06
0: Size 2: 5.071613e-06
0: Size 4: 5.091419e-06
0: Size 8: 5.090327e-06
0: Size 16: 5.094982e-06
0: Size 32: 5.091899e-06
0: Size 64: 5.103669e-06
0: Size 128: 6.181730e-06
0: Size 256: 6.347289e-06
0: Size 512: 6.476439e-06
0: Size 1024: 6.687936e-06
0: Size 2048: 7.393553e-06
0: Size 4096: 8.350042e-06
0: Size 8192: 1.039772e-05
0: Size 16384: 1.243608e-05
0: Size 32768: 2.359708e-05
0: Size 65536: 3.110921e-05
0: Size 131072: 4.657124e-05
0: Size 262144: 9.026489e-05
0: Size 524288: 1.801177e-04
0: Size 1048576: 3.597800e-04
0: Size 2097152: 7.190356e-04
0: Size 4194304: 1.438607e-03
0: Size 8388608: 2.880618e-03
0: Size 16777216: 5.776277e-03
0: Size 33554432: 1.162882e-02
0: Size 67108864: 2.348214e-02
0: Size 134217728: 4.787317e-02
0: 
0: Active Procs: 16
0: Size 1: 5.351155e-06
0: Size 2: 5.351815e-06
0: Size 4: 5.350565e-06
0: Size 8: 5.346179e-06
0: Size 16: 5.365685e-06
0: Size 32: 5.356511e-06
0: Size 64: 5.375560e-06
0: Size 128: 6.475636e-06
0: Size 256: 6.607033e-06
0: Size 512: 6.728910e-06
0: Size 1024: 6.971885e-06
0: Size 2048: 7.675545e-06
0: Size 4096: 8.892862e-06
0: Size 8192: 1.133940e-05
0: Size 16384: 1.298705e-05
0: Size 32768: 2.551032e-05
0: Size 65536: 4.571859e-05
0: Size 131072: 9.062372e-05
0: Size 262144: 1.804523e-04
0: Size 524288: 3.601108e-04
0: Size 1048576: 7.194075e-04
0: Size 2097152: 1.438578e-03
0: Size 4194304: 2.879147e-03
0: Size 8388608: 5.768185e-03
0: Size 16777216: 1.155535e-02
0: Size 33554432: 2.326113e-02
0: Size 67108864: 4.697429e-02
0: Size 134217728: 9.640448e-02
0: 
0: Active Procs: 18
0: Size 1: 5.378387e-06
0: Size 2: 5.375309e-06
0: Size 4: 5.376720e-06
0: Size 8: 5.386073e-06
0: Size 16: 5.395447e-06
0: Size 32: 5.389223e-06
0: Size 64: 5.397730e-06
0: Size 128: 6.510415e-06
0: Size 256: 6.654849e-06
0: Size 512: 6.780940e-06
0: Size 1024: 7.025320e-06
0: Size 2048: 7.718527e-06
0: Size 4096: 8.950981e-06
0: Size 8192: 1.248844e-05
0: Size 16384: 1.322643e-05
0: Size 32768: 2.684617e-05
0: Size 65536: 5.139528e-05
0: Size 131072: 1.019208e-04
0: Size 262144: 2.030277e-04
0: Size 524288: 4.051954e-04
0: Size 1048576: 8.097239e-04
0: Size 2097152: 1.619313e-03
0: Size 4194304: 3.239926e-03
0: Size 8388608: 6.489507e-03
0: Size 16777216: 1.300003e-02
0: Size 33554432: 2.616568e-02
0: Size 67108864: 5.282712e-02
0: Size 134217728: 1.078983e-01
0: 
