0: CPU Microbenchmarks:
0: GPU Microbenchmarks:
0: Inter-CPU Microbenchmarks will be run with the following:
0: # Processes per NUMA: 18
0: # Processes per socket: 18
0: # Processes per node: 72
0: # of nodes: 2
0: Inter-GPU Microbenchmarks will be run with the following:
0: # GPUs per NUMA: 1
0: # GPUs per socket: 1
0: # GPUs per node: 4
0: # Processes per GPU: 18
0: If these are incorrect, edit the defines at the top of benchmarks/microbenchmarks.cpp
0: GPU-Aware intra-NUMA tests will not be run because GPNUMA is set to 1.
0: intra-socket tests will not be run because GPS is set to 1.
0: Running standard GPU-Aware benchmarks
0: Not measuring GPU-Aware intra-NUMA, because GPNUMA is set to 1
0: Not measuring GPU-Aware intra-socket, because GPS is set to 1
0: GPU-Aware On-Node, Off-Socket Ping-Pong:
0: Size 1: 2.977171e-06
0: Size 2: 2.972440e-06
0: Size 4: 3.013079e-06
0: Size 8: 2.996584e-06
0: Size 16: 2.858199e-06
0: Size 32: 3.096910e-06
0: Size 64: 3.360716e-06
0: Size 128: 3.442655e-06
0: Size 256: 4.951998e-06
0: Size 512: 5.023233e-06
0: Size 1024: 9.379885e-06
0: Size 2048: 9.370207e-06
0: Size 4096: 8.790344e-06
0: Size 8192: 5.545829e-03
0: Size 16384: 2.111677e-02
0: Size 32768: 2.111774e-02
0: Size 65536: 2.111808e-02
0: Size 131072: 2.111760e-02
0: Size 262144: 2.111751e-02
0: Size 524288: 2.111749e-02
0: Size 1048576: 2.111738e-02
0: Size 2097152: 2.111654e-02
0: Size 4194304: 2.111623e-02
0: Size 8388608: 2.111525e-02
0: Size 16777216: 2.111469e-02
0: Size 33554432: 2.111420e-02
0: Size 67108864: 2.111404e-02
0: Size 134217728: 2.111395e-02
0: 
0: GPU-Aware Off-Node Ping-Pong:
0: Size 1: 4.245020e-06
0: Size 2: 4.253612e-06
0: Size 4: 4.257649e-06
0: Size 8: 4.242486e-06
0: Size 16: 4.258826e-06
0: Size 32: 4.461761e-06
0: Size 64: 4.912032e-06
0: Size 128: 4.972309e-06
0: Size 256: 6.919742e-06
0: Size 512: 7.149832e-06
0: Size 1024: 1.211741e-05
0: Size 2048: 1.218751e-05
0: Size 4096: 1.199531e-05
0: Size 8192: 1.454665e-02
0: Size 16384: 2.111718e-02
0: Size 32768: 2.111719e-02
0: Size 65536: 2.111740e-02
0: Size 131072: 2.111689e-02
0: Size 262144: 2.111750e-02
0: Size 524288: 2.111692e-02
0: Size 1048576: 2.111734e-02
0: Size 2097152: 2.111629e-02
0: Size 4194304: 2.111595e-02
0: Size 8388608: 2.111470e-02
0: Size 16777216: 2.111381e-02
0: Size 33554432: 2.111440e-02
0: Size 67108864: 2.111405e-02
0: Size 134217728: 2.111382e-02
0: 
0: Running standard Copy-to-CPU benchmarks
0: Not measuring GPU-Aware intra-NUMA, because GPNUMA is set to 1
0: Not measuring GPU-Aware intra-socket, because GPS is set to 1
0: GPU-Aware On-Node, Off-Socket Ping-Pong:
0: Size 1: 2.492972e-04
0: Size 2: 3.001592e-04
0: Size 4: 3.899020e-04
0: Size 8: 5.652386e-04
0: Size 16: 2.594463e-03
0: Size 32: 4.186064e-03
0: Size 64: 4.221815e-03
0: Size 128: 4.009004e-03
0: Size 256: 4.275134e-03
0: Size 512: 3.278601e-03
0: Size 1024: 2.805764e-03
0: Size 2048: 2.660318e-03
0: Size 4096: 2.235728e-03
0: Size 8192: 2.000642e-03
0: Size 16384: 1.915761e-03
0: Size 32768: 2.767172e-04
0: Size 65536: 3.385046e-04
0: Size 131072: 5.167669e-04
0: Size 262144: 9.783495e-04
0: Size 524288: 2.430195e-03
0: Size 1048576: 1.892224e-02
0: Size 2097152: 1.282665e-02
0: Size 4194304: 2.120882e-02
0: Size 8388608: 2.120964e-02
0: Size 16777216: 2.120500e-02
0: Size 33554432: 2.120421e-02
0: Size 67108864: 2.120586e-02
0: Size 134217728: 4.036755e-02
0: 
0: GPU-Aware Off-Node Ping-Pong:
0: Size 1: 4.824227e-04
0: Size 2: 2.586020e-04
0: Size 4: 1.541369e-04
0: Size 8: 1.123729e-04
0: Size 16: 2.329713e-04
0: Size 32: 2.567747e-04
0: Size 64: 2.649723e-04
0: Size 128: 1.295971e-04
0: Size 256: 3.900811e-04
0: Size 512: 4.631716e-04
0: Size 1024: 2.112877e-04
0: Size 2048: 1.380101e-04
0: Size 4096: 2.747980e-04
0: Size 8192: 2.815096e-04
0: Size 16384: 1.514137e-04
0: Size 32768: 4.406509e-04
0: Size 65536: 6.786758e-04
0: Size 131072: 1.437648e-03
0: Size 262144: 1.536932e-02
0: Size 524288: 2.120509e-02
0: Size 1048576: 2.120672e-02
0: Size 2097152: 1.060316e-02
0: Size 4194304: 2.120594e-02
0: Size 8388608: 2.120607e-02
0: Size 16777216: 2.120541e-02
0: Size 33554432: 2.120405e-02
0: Size 67108864: 2.122868e-02
0: Size 134217728: 4.242361e-02
0: 
0: Running multi-proc GPU-Aware benchmarks
0: Off-Node Multiple Processes Per GPU:
0: Active Procs: 1
0: Size 1: 4.202926e-06
0: Size 2: 4.221512e-06
0: Size 4: 4.199692e-06
0: Size 8: 4.214067e-06
0: Size 16: 4.212773e-06
0: Size 32: 4.569007e-06
0: Size 64: 4.955090e-06
0: Size 128: 5.115473e-06
0: Size 256: 6.801973e-06
0: Size 512: 7.773499e-06
0: Size 1024: 1.115723e-05
0: Size 2048: 1.122422e-05
0: Size 4096: 1.135536e-05
0: Size 8192: 1.465403e-02
0: Size 16384: 2.122449e-02
0: Size 32768: 2.122435e-02
0: Size 65536: 2.122484e-02
0: Size 131072: 2.122466e-02
0: Size 262144: 2.122435e-02
0: Size 524288: 2.122443e-02
0: Size 1048576: 2.122395e-02
0: Size 2097152: 2.122382e-02
0: Size 4194304: 2.122347e-02
0: Size 8388608: 2.122235e-02
0: Size 16777216: 2.122169e-02
0: Size 33554432: 2.122130e-02
0: Size 67108864: 2.122138e-02
0: Size 134217728: 2.122156e-02
0: 
0: Active Procs: 2
0: Size 1: 4.329012e-06
0: Size 2: 4.336734e-06
0: Size 4: 4.335743e-06
0: Size 8: 4.334058e-06
0: Size 16: 4.335516e-06
0: Size 32: 4.552781e-06
0: Size 64: 4.836224e-06
0: Size 128: 4.967518e-06
0: Size 256: 6.874187e-06
0: Size 512: 6.956360e-06
0: Size 1024: 1.188060e-05
0: Size 2048: 1.195066e-05
0: Size 4096: 1.208964e-05
0: Size 8192: 1.138342e-02
0: Size 16384: 2.131599e-02
0: Size 32768: 2.131551e-02
0: Size 65536: 2.131522e-02
0: Size 131072: 2.131569e-02
0: Size 262144: 2.131642e-02
0: Size 524288: 2.131467e-02
0: Size 1048576: 2.131498e-02
0: Size 2097152: 2.128847e-02
0: Size 4194304: 2.131415e-02
0: Size 8388608: 2.138446e-02
0: Size 16777216: 2.152721e-02
0: Size 33554432: 2.181428e-02
0: Size 67108864: 2.238756e-02
0: Size 134217728: 2.353398e-02
0: 
0: Active Procs: 4
0: Size 1: 4.337336e-06
0: Size 2: 4.350422e-06
0: Size 4: 4.344198e-06
0: Size 8: 4.342798e-06
0: Size 16: 4.349405e-06
0: Size 32: 4.614996e-06
0: Size 64: 4.875526e-06
0: Size 128: 4.979736e-06
0: Size 256: 6.907969e-06
0: Size 512: 6.913097e-06
0: Size 1024: 1.195220e-05
0: Size 2048: 1.205152e-05
0: Size 4096: 1.218636e-05
0: Size 8192: 1.728641e-02
0: Size 16384: 2.148640e-02
0: Size 32768: 2.148592e-02
0: Size 65536: 2.148660e-02
0: Size 131072: 2.148660e-02
0: Size 262144: 2.148936e-02
0: Size 524288: 2.148949e-02
0: Size 1048576: 2.149116e-02
0: Size 2097152: 2.144709e-02
0: Size 4194304: 2.154273e-02
0: Size 8388608: 2.175609e-02
0: Size 16777216: 2.218728e-02
0: Size 33554432: 2.304510e-02
0: Size 67108864: 1.448249e-02
0: Size 134217728: 2.183739e-02
0: 
0: Active Procs: 8
0: Size 1: 4.335709e-06
0: Size 2: 4.340912e-06
0: Size 4: 4.338626e-06
0: Size 8: 4.335542e-06
0: Size 16: 4.343757e-06
0: Size 32: 4.565495e-06
0: Size 64: 4.798626e-06
0: Size 128: 4.962463e-06
0: Size 256: 6.970620e-06
0: Size 512: 7.138982e-06
0: Size 1024: 1.199931e-05
0: Size 2048: 1.223109e-05
0: Size 4096: 1.250607e-05
0: Size 8192: 1.658956e-02
0: Size 16384: 2.182644e-02
0: Size 32768: 2.182798e-02
0: Size 65536: 2.182893e-02
0: Size 131072: 2.182862e-02
0: Size 262144: 2.182881e-02
0: Size 524288: 2.182930e-02
0: Size 1048576: 2.182442e-02
0: Size 2097152: 2.175548e-02
0: Size 4194304: 2.195548e-02
0: Size 8388608: 2.226279e-02
0: Size 16777216: 1.121090e-02
0: Size 33554432: 1.311479e-02
0: Size 67108864: 2.090197e-02
0: Size 134217728: 3.808165e-02
0: 
0: Active Procs: 16
0: Size 1: 4.081547e-06
0: Size 2: 4.085703e-06
0: Size 4: 4.086546e-06
0: Size 8: 4.078320e-06
0: Size 16: 4.106335e-06
0: Size 32: 4.308110e-06
0: Size 64: 4.591463e-06
0: Size 128: 4.739407e-06
0: Size 256: 6.678861e-06
0: Size 512: 6.779053e-06
0: Size 1024: 1.180176e-05
0: Size 2048: 1.178380e-05
0: Size 4096: 1.210432e-05
0: Size 8192: 2.187160e-02
0: Size 16384: 1.652282e-02
0: Size 32768: 9.752322e-03
0: Size 65536: 1.622690e-03
0: Size 131072: 4.524792e-04
0: Size 262144: 1.694571e-02
0: Size 524288: 2.185221e-02
0: Size 1048576: 2.186306e-02
0: Size 2097152: 2.179720e-02
0: Size 4194304: 2.201901e-02
0: Size 8388608: 2.263087e-02
0: Size 16777216: 1.511317e-02
0: Size 33554432: 1.636984e-02
0: Size 67108864: 3.109097e-02
0: Size 134217728: 5.261274e-02
0: 
0: Active Procs: 18
0: Size 1: 4.086838e-06
0: Size 2: 4.088669e-06
0: Size 4: 4.087640e-06
0: Size 8: 4.084197e-06
0: Size 16: 4.108236e-06
0: Size 32: 4.313377e-06
0: Size 64: 4.637052e-06
0: Size 128: 4.753944e-06
0: Size 256: 6.684419e-06
0: Size 512: 6.793185e-06
0: Size 1024: 1.209392e-05
0: Size 2048: 1.221455e-05
0: Size 4096: 1.241338e-05
0: Size 8192: 2.501395e-03
0: Size 16384: 2.168263e-02
0: Size 32768: 2.184419e-02
0: Size 65536: 2.184349e-02
0: Size 131072: 2.184334e-02
0: Size 262144: 2.184444e-02
0: Size 524288: 2.184613e-02
0: Size 1048576: 2.185023e-02
0: Size 2097152: 2.179284e-02
0: Size 4194304: 2.213370e-02
0: Size 8388608: 2.276441e-02
0: Size 16777216: 1.540071e-02
0: Size 33554432: 1.874953e-02
0: Size 67108864: 3.110514e-02
0: Size 134217728: 5.927227e-02
0: 
0: Off-Node Multiple Processes Per GPU (all GPUs active per node):
0: Active Procs: 1
0: Size 1: 4.522748e-06
0: Size 2: 4.472882e-06
0: Size 4: 4.468150e-