0: CPU Microbenchmarks:
0: GPU Microbenchmarks:
0: Inter-CPU Microbenchmarks will be run with the following:
0: # Processes per NUMA: 18
0: # Processes per socket: 18
0: # Processes per node: 72
0: # of nodes: 2
0: Inter-GPU Microbenchmarks will be run with the following:
0: # GPUs per NUMA: 1
0: # GPUs per socket: 1
0: # GPUs per node: 4
0: # Processes per GPU: 18
0: If these are incorrect, edit the defines at the top of benchmarks/microbenchmarks.cpp
0: GPU-Aware intra-NUMA tests will not be run because GPNUMA is set to 1.
0: intra-socket tests will not be run because GPS is set to 1.
0: Running standard GPU-Aware benchmarks
0: Not measuring GPU-Aware intra-NUMA, because GPNUMA is set to 1
0: Not measuring GPU-Aware intra-socket, because GPS is set to 1
0: GPU-Aware On-Node, Off-Socket Ping-Pong:
0: Size 1: 2.922492e-06
0: Size 2: 2.924171e-06
0: Size 4: 2.902293e-06
0: Size 8: 2.915386e-06
0: Size 16: 2.840145e-06
0: Size 32: 3.109667e-06
0: Size 64: 3.376894e-06
0: Size 128: 3.349595e-06
0: Size 256: 4.846623e-06
0: Size 512: 4.915024e-06
0: Size 1024: 8.952992e-06
0: Size 2048: 8.811213e-06
0: Size 4096: 8.617259e-06
0: Size 8192: 7.715448e-03
0: Size 16384: 2.111507e-02
0: Size 32768: 2.111519e-02
0: Size 65536: 2.111564e-02
0: Size 131072: 2.111582e-02
0: Size 262144: 2.111533e-02
0: Size 524288: 2.111508e-02
0: Size 1048576: 2.111500e-02
0: Size 2097152: 2.111499e-02
0: Size 4194304: 2.111436e-02
0: Size 8388608: 2.111354e-02
0: Size 16777216: 2.111247e-02
0: Size 33554432: 2.111113e-02
0: Size 67108864: 2.111103e-02
0: Size 134217728: 2.111165e-02
0: 
0: GPU-Aware Off-Node Ping-Pong:
0: Size 1: 4.101801e-06
0: Size 2: 4.133101e-06
0: Size 4: 4.116397e-06
0: Size 8: 4.112742e-06
0: Size 16: 4.112298e-06
0: Size 32: 4.396214e-06
0: Size 64: 4.697880e-06
0: Size 128: 4.834278e-06
0: Size 256: 6.655816e-06
0: Size 512: 6.853711e-06
0: Size 1024: 1.117383e-05
0: Size 2048: 1.112013e-05
0: Size 4096: 1.100583e-05
0: Size 8192: 1.146233e-02
0: Size 16384: 2.111552e-02
0: Size 32768: 2.111584e-02
0: Size 65536: 2.111581e-02
0: Size 131072: 2.111555e-02
0: Size 262144: 2.111604e-02
0: Size 524288: 2.111467e-02
0: Size 1048576: 2.111555e-02
0: Size 2097152: 2.111507e-02
0: Size 4194304: 2.111472e-02
0: Size 8388608: 2.111397e-02
0: Size 16777216: 2.111262e-02
0: Size 33554432: 2.111173e-02
0: Size 67108864: 2.111112e-02
0: Size 134217728: 2.111149e-02
0: 
0: Running standard (MEM)Copy-to-CPU benchmarks
0: Not measuring GPU-Aware intra-NUMA, because GPNUMA is set to 1
0: Not measuring GPU-Aware intra-socket, because GPS is set to 1
0: GPU-Aware On-Node, Off-Socket Ping-Pong:
0: Size 1: 2.878817e-06
0: Size 2: 2.919349e-06
0: Size 4: 2.887569e-06
0: Size 8: 2.886354e-06
0: Size 16: 2.815896e-06
0: Size 32: 3.081320e-06
0: Size 64: 3.369964e-06
0: Size 128: 3.289205e-06
0: Size 256: 4.921129e-06
0: Size 512: 5.018277e-06
0: Size 1024: 6.726040e-06
0: Size 2048: 8.553109e-06
0: Size 4096: 1.405432e-05
0: Size 8192: 2.950932e-05
0: Size 16384: 5.354002e-05
0: Size 32768: 1.026466e-04
0: Size 65536: 2.013391e-04
0: Size 131072: 3.990954e-04
0: Size 262144: 7.763942e-04
0: Size 524288: 1.530792e-03
0: Size 1048576: 2.912223e-03
0: Size 2097152: 5.397895e-03
0: Size 4194304: 5.142841e-03
0: Size 8388608: 6.356485e-03
0: Size 16777216: 5.610455e-03
0: Size 33554432: 1.246408e-02
0: Size 67108864: 2.486871e-02
0: Size 134217728: 4.805905e-02
0: 
0: GPU-Aware Off-Node Ping-Pong:
0: Size 1: 4.069222e-06
0: Size 2: 4.076085e-06
0: Size 4: 4.063563e-06
0: Size 8: 4.103619e-06
0: Size 16: 4.027724e-06
0: Size 32: 4.469398e-06
0: Size 64: 4.998990e-06
0: Size 128: 5.093890e-06
0: Size 256: 6.507099e-06
0: Size 512: 7.242482e-06
0: Size 1024: 1.051456e-05
0: Size 2048: 1.334499e-05
0: Size 4096: 2.071104e-05
0: Size 8192: 4.274246e-05
0: Size 16384: 7.655289e-05
0: Size 32768: 1.473714e-04
0: Size 65536: 2.883691e-04
0: Size 131072: 5.697579e-04
0: Size 262144: 1.101295e-03
0: Size 524288: 2.129639e-03
0: Size 1048576: 4.264410e-03
0: Size 2097152: 8.524009e-03
0: Size 4194304: 1.617358e-03
0: Size 8388608: 3.168907e-03
0: Size 16777216: 5.105782e-03
0: Size 33554432: 1.412726e-02
0: Size 67108864: 2.765061e-02
0: Size 134217728: 5.336531e-02
0: 
0: Running multi-proc GPU-Aware benchmarks
0: Off-Node Multiple Processes Per GPU:
0: Active Procs: 1
0: Size 1: 4.416456e-06
0: Size 2: 4.408162e-06
0: Size 4: 4.387052e-06
0: Size 8: 4.383568e-06
0: Size 16: 4.281114e-06
0: Size 32: 4.679192e-06
0: Size 64: 5.355450e-06
0: Size 128: 5.610393e-06
0: Size 256: 6.288909e-06
0: Size 512: 8.507221e-06
0: Size 1024: 1.091556e-05
0: Size 2048: 1.112589e-05
0: Size 4096: 1.094999e-05
0: Size 8192: 1.872460e-02
0: Size 16384: 2.111433e-02
0: Size 32768: 2.111555e-02
0: Size 65536: 2.111571e-02
0: Size 131072: 2.111548e-02
0: Size 262144: 2.111574e-02
0: Size 524288: 2.111500e-02
0: Size 1048576: 2.111563e-02
0: Size 2097152: 2.111482e-02
0: Size 4194304: 2.111420e-02
0: Size 8388608: 2.111365e-02
0: Size 16777216: 2.111155e-02
0: Size 33554432: 2.111173e-02
0: Size 67108864: 2.111133e-02
0: Size 134217728: 2.111112e-02
0: 
0: Active Procs: 2
0: Size 1: 4.184261e-06
0: Size 2: 4.193942e-06
0: Size 4: 4.120986e-06
0: Size 8: 4.145821e-06
0: Size 16: 4.112935e-06
0: Size 32: 4.598696e-06
0: Size 64: 5.020739e-06
0: Size 128: 5.150902e-06
0: Size 256: 6.883851e-06
0: Size 512: 6.762418e-06
0: Size 1024: 1.107029e-05
0: Size 2048: 1.083133e-05
0: Size 4096: 1.094794e-05
0: Size 8192: 1.326743e-02
0: Size 16384: 2.120800e-02
0: Size 32768: 2.120782e-02
0: Size 65536: 2.120761e-02
0: Size 131072: 2.120826e-02
0: Size 262144: 2.120749e-02
0: Size 524288: 2.120762e-02
0: Size 1048576: 2.120603e-02
0: Size 2097152: 2.120677e-02
0: Size 4194304: 2.120453e-02
0: Size 8388608: 4.301583e-03
0: Size 16777216: 5.306772e-03
0: Size 33554432: 1.075467e-02
0: Size 67108864: 2.172625e-02
0: Size 134217728: 2.231225e-02
0: 
0: Active Procs: 4
0: Size 1: 4.166334e-06
0: Size 2: 4.180737e-06
0: Size 4: 4.140197e-06
0: Size 8: 4.146785e-06
0: Size 16: 4.148007e-06
0: Size 32: 4.574351e-06
0: Size 64: 5.022916e-06
0: Size 128: 5.150484e-06
0: Size 256: 6.847263e-06
0: Size 512: 6.826642e-06
0: Size 1024: 1.119851e-05
0: Size 2048: 1.098679e-05
0: Size 4096: 1.096244e-05
0: Size 8192: 1.935558e-02
0: Size 16384: 2.138446e-02
0: Size 32768: 2.138464e-02
0: Size 65536: 2.138416e-02
0: Size 131072: 2.138527e-02
0: Size 262144: 2.138491e-02
0: Size 524288: 2.138371e-02
0: Size 1048576: 2.138650e-02
0: Size 2097152: 2.135726e-02
0: Size 4194304: 2.146468e-02
0: Size 8388608: 9.715859e-03
0: Size 16777216: 9.228002e-03
0: Size 33554432: 1.379249e-02
0: Size 67108864: 1.149138e-02
0: Size 134217728: 2.161568e-02
0: 
0: Active Procs: 8
0: Size 1: 4.282898e-06
0: Size 2: 4.217028e-06
0: Size 4: 4.185301e-06
0: Size 8: 4.188439e-06
0: Size 16: 4.123317e-06
0: Size 32: 4.578402e-06
0: Size 64: 5.028636e-06
0: Size 128: 5.194456e-06
0: Size 256: 6.937570e-06
0: Size 512: 6.516774e-06
0: Size 1024: 1.100015e-05
0: Size 2048: 1.145842e-05
0: Size 4096: 1.158202e-05
0: Size 8192: 1.988641e-04
0: Size 16384: 1.993434e-04
0: Size 32768: 2.324819e-04
0: Size 65536: 2.594830e-04
0: Size 131072: 3.765898e-04
0: Size 262144: 1.223316e-02
0: Size 524288: 2.173734e-02
0: Size 1048576: 2.174327e-02
0: Size 2097152: 2.168449e-02
0: Size 4194304: 2.187282e-02
0: Size 8388608: 1.086741e-02
0: Size 16777216: 7.095997e-03
0: Size 33554432: 2.220685e-02
0: Size 67108864: 2.521851e-02
0: Size 134217728: 3.447102e-02
0: 
0: Active Procs: 16
0: Size 1: 4.039158e-06
0: Size 2: 4.040043e-06
0: Size 4: 4.046095e-06
0: Size 8: 3.963264e-06
0: Size 16: 3.969038e-06
0: Size 32: 4.286025e-06
0: Size 64: 4.676707e-06
0: Size 128: 4.847903e-06
0: Size 256: 6.563635e-06
0: Size 512: 6.533417e-06
0: Size 1024: 1.076559e-05
0: Size 2048: 1.091210e-05
0: Size 4096: 1.116039e-05
0: Size 8192: 7.301176e-04
0: Size 16384: 1.743249e-03
0: Size 32768: 2.175882e-02
0: Size 65536: 2.176006e-02
0: Size 131072: 2.175879e-02
0: Size 262144: 2.176236e-02
0: Size 524288: 2.176114e-02
0: Size 1048576: 2.176038e-02
0: Size 2097152: 2.042232e-02
0: Size 4194304: 9.557469e-03
0: Size 8388608: 1.925685e-02
0: Size 16777216: 1.885654e-02
0: Size 33554432: 1.737432e-02
0: Size 67108864: 2.646717e-02
0: Size 134217728: 4.873445e-02
0: 
0: Active Procs: 18
0: Size 1: 3.948376e-06
0: Size 2: 3.955046e-06
0: Size 4: 3.930779e-06
0: Size 8: 3.914941e-06
0: Size 16: 3.935499e-06
0: Size 32: 4.290222e-06
0: Size 64: 4.699523e-06
0: Size 128: 4.912325e-06
0: Size 256: 6.593919e-06
0: Size 512: 6.622309e-06
0: Size 1024: 1.097704e-05
0: Size 2048: 1.108997e-05
0: Size 4096: 1.126454e-05
0: Size 8192: 2.175169e-02
0: Size 16384: 2.175269e-02
0: Size 32768: 2.175269e-02
0: Size 65536: 2.175373e-02
0: Size 131072: 2.175516e-02
0: Size 262144: 2.175565e-02
0: Size 524288: 2.175401e-02
0: Size 1048576: 2.175245e-02
0: Size 2097152: 2.171221e-02
0: Size 4194304: 2.196131e-02
0: Size 8388608: 2.258702e-02
0: Size 16777216: 1.179995e-02
0: Size 33554432: 1.887141e-02
0: Size 67108864: 2.757015e-02
0: Size 134217728: 4.992809e-02
0: 
0: Off-Node Multiple Processes Per GPU (all GPUs active per node):
0: Active Procs: 1
0: Size 1: 4.511836e-06
0: Size 2: 4.476550e-06
0: Size 4: 4.490449e-06
0: Size 8: 4.482569e-06
0: Size 16: 4.486532e-06
0: Size 32: 4.506699e-06
0: Size 64: 4.752411e-06
0: Size 128: 5.601252e-06
0: Size 256: 6.841461e-06
0: Size 512: 7.568882e-06
0: Size 1024: 1.100082e-05
0: Size 2048: 1.115484e-05
0: Size 4096: 1.127656e-05
0: Size 8192: 2.175717e-02
0: Size 16384: 2.175717e-02
0: Size 32768: 2.175741e-02
0: Size 65536: 2.175743e-02
0: Size 131072: 2.175786e-02
0: Size 262144: 2.175770e-02
0: Size 524288: 2.175742e-02
0: Size 1048576: 2.175845e-02
0: Size 2097152: 2.174921e-02
0: Size 4194304: 8.312496e-03
0: Size 8388608: 1.722644e-03
0: Size 16777216: 2.001982e-02
0: Size 33554432: 2.227019e-02
0: Size 67108864: 2.212039e-02
0: Size 134217728: 2.343415e-02
0: 
0: Active Procs: 2
0: Size 1: 4.526307e-06
0: Size 2: 4.512573e-06
0: Size 4: 4.502094e-06
0: Size 8: 4.503479e-06
0: Size 16: 4.507640e-06
0: Size 32: 4.815732e-06
0: Size 64: 5.321005e-06
0: Size 128: 5.622528e-06
0: Size 256: 7.213410e-06
0: Size 512: 7.802076e-06
0: Size 1024: 1.097505e-05
0: Size 2048: 1.088619e-05
0: Size 4096: 1.098963e-05
0: Size 8192: 2.096520e-04
0: Size 16384: 1.321539e-02
0: Size 32768: 2.174686e-02
0: Size 65536: 2.174595e-02
0: Size 131072: 2.174606e-02
0: Size 262144: 2.174632e-02
0: Size 524288: 2.174614e-02
0: Size 1048576: 2.174578e-02
0: Size 2097152: 2.173684e-02
0: Size 4194304: 4.749162e-03
0: Size 8388608: 1.940887e-02
0: Size 16777216: 2.218290e-02
0: Size 33554432: 1.915876e-02
0: Size 67108864: 2.290628e-02
0: Size 134217728: 2.519440e-02
0: 
0: Active Procs: 4
0: Size 1: 4.573677e-06
0: Size 2: 4.524441e-06
0: Size 4: 4.561207e-06
0: Size 8: 4.526201e-06
0: Size 16: 4.567303e-06
0: Size 32: 4.580713e-06
0: Size 64: 4.995959e-06
0: Size 128: 5.671017e-06
0: Size 256: 6.885721e-06
0: Size 512: 6.506205e-06
0: Size 1024: 1.106279e-05
0: Size 2048: 1.133586e-05
0: Size 4096: 1.144504e-05
0: Size 8192: 7.406103e-03
0: Size 16384: 2.174574e-02
0: Size 32768: 2.174596e-02
0: Size 65536: 2.174579e-02
0: Size 131072: 2.174533e-02
0: Size 262144: 2.174757e-02
0: Size 524288: 2.174680e-02
0: Size 1048576: 2.174289e-02
0: Size 2097152: 2.171826e-02
0: Size 4194304: 4.269257e-03
0: Size 8388608: 1.954525e-02
0: Size 16777216: 2.256842e-02
0: Size 33554432: 2.335129e-02
0: Size 67108864: 2.489940e-02
0: Size 134217728: 3.113894e-02
0: 
0: Active Procs: 8
0: Size 1: 5.219167e-06
0: Size 2: 5.124806e-06
0: Size 4: 5.180141e-06
0: Size 8: 5.148446e-06
0: Size 16: 5.162382e-06
0: Size 32: 5.190259e-06
0: Size 64: 5.146959e-06
0: Size 128: 6.251062e-06
0: Size 256: 6.603472e-06
0: Size 512: 6.587915e-06
0: Size 1024: 1.088264e-05
0: Size 2048: 1.097820e-05
0: Size 4096: 1.114762e-05
0: Size 8192: 3.448135e-04
0: Size 16384: 3.403501e-04
0: Size 32768: 4.264699e-04
0: Size 65536: 5.732396e-03
0: Size 131072: 2.174304e-02
0: Size 262144: 2.174540e-02
0: Size 524288: 2.174361e-02
0: Size 1048576: 2.174349e-02
0: Size 2097152: 2.168841e-02
0: Size 4194304: 6.530485e-03
0: Size 8388608: 1.960740e-02
0: Size 16777216: 2.309686e-02
0: Size 33554432: 2.431187e-02
0: Size 67108864: 2.881368e-02
0: Size 134217728: 5.775758e-02
0: 
0: Active Procs: 16
0: Size 1: 5.495692e-06
0: Size 2: 5.453784e-06
0: Size 4: 5.455256e-06
0: Size 8: 5.462228e-06
0: Size 16: 5.448528e-06
0: Size 32: 5.467492e-06
0: Size 64: 5.471486e-06
0: Size 128: 6.539607e-06
0: Size 256: 6.749448e-06
0: Size 512: 6.790130e-06
0: Size 1024: 1.082006e-05
0: Size 2048: 1.098129e-05
0: Size 4096: 1.113710e-05
0: Size 8192: 1.825992e-02
0: Size 16384: 2.175391e-02
0: Size 32768: 2.175539e-02
0: Size 65536: 2.175493e-02
0: Size 131072: 2.175543e-02
0: Size 262144: 2.175642e-02
0: Size 524288: 2.175387e-02
0: Size 1048576: 2.175181e-02
0: Size 2097152: 2.171259e-02
0: Size 4194304: 2.196941e-02
0: Size 8388608: 1.569693e-02
0: Size 16777216: 2.035526e-02
0: Size 33554432: 3.165399e-02
0: Size 67108864: 6.337528e-02
0: Size 134217728: 1.270806e-01
0: 
0: Active Procs: 18
0: Size 1: 5.464750e-06
0: Size 2: 5.471546e-06
0: Size 4: 5.474557e-06
0: Size 8: 5.493823e-06
0: Size 16: 5.469600e-06
0: Size 32: 5.484612e-06
0: Size 64: 5.498717e-06
0: Size 128: 6.589419e-06
0: Size 256: 6.779103e-06
0: Size 512: 6.887654e-06
0: Size 1024: 1.083978e-05
0: Size 2048: 1.101946e-05
0: Size 4096: 1.122072e-05
0: Size 8192: 5.993607e-03
0: Size 16384: 2.175575e-02
0: Size 32768: 2.175762e-02
0: Size 65536: 2.175728e-02
0: Size 131072: 2.175567e-02
0: Size 262144: 2.175549e-02
0: Size 524288: 2.175235e-02
0: Size 1048576: 2.175142e-02
0: Size 2097152: 2.171857e-02
0: Size 4194304: 1.818888e-02
0: Size 8388608: 8.624081e-03
0: Size 16777216: 2.387468e-02
0: Size 33554432: 3.452485e-02
0: Size 67108864: 6.913300e-02
0: Size 134217728: 1.385741e-01
0: 
0: Running multi-proc (MEM)Copy-to-CPU benchmarks
0: Off-Node Multiple Processes Per GPU:
0: Active Procs: 1
0: Size 1: 4.161788e-06
0: Size 2: 4.154541e-06
0: Size 4: 4.120921e-06
0: Size 8: 4.128857e-06
0: Size 16: 4.147647e-06
0: Size 32: 4.390684e-06
0: Size 64: 4.717184e-06
0: Size 128: 4.849020e-06
0: Size 256: 6.808543e-06
0: Size 512: 7.067783e-06
0: Size 1024: 1.068615e-05
0: Size 2048: 1.363535e-05
0: Size 4096: 2.039016e-05
0: Size 8192: 4.249317e-05
0: Size 16384: 7.624763e-05
0: Size 32768: 1.473721e-04
0: Size 65536: 2.882503e-04
0: Size 131072: 5.696283e-04
0: Size 262144: 1.103777e-03
0: Size 524288: 2.131460e-03
0: Size 1048576: 4.267619e-03
0: Size 2097152: 8.512001e-03
0: Size 4194304: 1.654724e-03
0: Size 8388608: 3.299976e-03
0: Size 16777216: 5.183576e-03
0: Size 33554432: 1.488737e-02
0: Size 67108864: 2.954930e-02
0: Size 134217728: 5.888606e-02
0: 
0: Active Procs: 2
0: Size 1: 4.479318e-06
0: Size 2: 4.544206e-06
0: Size 4: 4.421673e-06
0: Size 8: 4.378533e-06
0: Size 16: 4.317142e-06
0: Size 32: 4.831111e-06
0: Size 64: 5.338755e-06
0: Size 128: 5.589354e-06
0: Size 256: 6.568972e-06
0: Size 512: 7.782441e-06
0: Size 1024: 9.919330e-06
0: Size 2048: 1.386767e-05
0: Size 4096: 2.295453e-05
0: Size 8192: 4.760697e-05
0: Size 16384: 9.023691e-05
0: Size 32768: 1.742814e-04
0: Size 65536: 3.501029e-04
0: Size 131072: 5.655863e-04
0: Size 262144: 1.262384e-03
0: Size 524288: 2.587159e-03
0: Size 1048576: 4.645732e-03
0: Size 2097152: 8.392049e-03
0: Size 4194304: 1.738105e-03
0: Size 8388608: 4.614162e-03
0: Size 16777216: 7.738725e-03
0: Size 33554432: 2.062703e-02
0: Size 67108864: 4.148228e-02
0: Size 134217728: 8.655052e-02
0: 
0: Active Procs: 4
0: Size 1: 4.420424e-06
0: Size 2: 4.486137e-06
0: Size 4: 4.400687e-06
0: Size 8: 4.405280e-06
0: Size 16: 4.337034e-06
0: Size 32: 4.788177e-06
0: Size 64: 5.397404e-06
0: Size 128: 5.424130e-06
0: Size 256: 7.015957e-06
0: Size 512: 7.486923e-06
0: Size 1024: 1.031508e-05
0: Size 2048: 1.421308e-05
0: Size 4096: 2.103198e-05
0: Size 8192: 4.470289e-05
0: Size 16384: 8.696955e-05
0: Size 32768: 1.705565e-04
0: Size 65536: 3.419302e-04
0: Size 131072: 6.216822e-04
0: Size 262144: 1.307621e-03
0: Size 524288: 2.491552e-03
0: Size 1048576: 4.123745e-03
0: Size 2097152: 8.346161e-03
0: Size 4194304: 2.360634e-03
0: Size 8388608: 4.826498e-03
0: Size 16777216: 8.733164e-03
0: Size 33554432: 2.585455e-02
0: Size 67108864: 5.297988e-02
0: Size 134217728: 1.094063e-01
0: 
0: Active Procs: 8
0: Size 1: 5.011764e-06
0: Size 2: 5.022745e-06
0: Size 4: 5.007764e-06
0: Size 8: 4.941373e-06
0: Size 16: 4.437112e-06
0: Size 32: 5.204643e-06
0: Size 64: 5.387159e-06
0: Size 128: 5.587526e-06
0: Size 256: 6.829694e-06
0: Size 512: 6.883864e-06
0: Size 1024: 9.133893e-06
0: Size 2048: 1.214540e-05
0: Size 4096: 2.040493e-05
0: Size 8192: 4.335513e-05
0: Size 16384: 8.420747e-05
0: Size 32768: 1.694811e-04
0: Size 65536: 3.448311e-04
0: Size 131072: 5.614292e-04
0: Size 262144: 1.102638e-03
0: Size 524288: 9.070909e-04
0: Size 1048576: 1.560092e-03
0: Size 2097152: 2.997899e-03
0: Size 4194304: 4.561100e-03
0: Size 8388608: 9.563371e-03
0: Size 16777216: 1.787256e-02
0: Size 33554432: 3.962451e-02
0: Size 67108864: 8.110511e-02
0: Size 134217728: 1.651564e-01
0: 
0: Active Procs: 16
0: Size 1: 4.727148e-06
0: Size 2: 4.718034e-06
0: Size 4: 4.704539e-06
0: Size 8: 4.687017e-06
0: Size 16: 4.031733e-06
0: Size 32: 4.893011e-06
0: Size 64: 4.958735e-06
0: Size 128: 5.143749e-06
0: Size 256: 6.573994e-06
0: Size 512: 6.754732e-06
0: Size 1024: 9.663416e-06
0: Size 2048: 1.294277e-05
0: Size 4096: 2.139658e-05
0: Size 8192: 4.445715e-05
0: Size 16384: 8.515505e-05
0: Size 32768: 1.712154e-04
0: Size 65536: 3.454714e-04
0: Size 131072: 6.455636e-04
0: Size 262144: 8.464275e-04
0: Size 524288: 1.504994e-03
0: Size 1048576: 1.841346e-03
0: Size 2097152: 3.193636e-03
0: Size 4194304: 5.072351e-03
0: Size 8388608: 1.171632e-02
0: Size 16777216: 2.278746e-02
0: Size 33554432: 4.908767e-02
0: Size 67108864: 9.470869e-02
0: Size 134217728: 1.874614e-01
0: 
0: Active Procs: 18
0: Size 1: 4.784858e-06
0: Size 2: 4.792839e-06
0: Size 4: 4.783344e-06
0: Size 8: 4.693592e-06
0: Size 16: 4.058682e-06
0: Size 32: 4.961523e-06
0: Size 64: 5.108907e-06
0: Size 128: 5.193701e-06
0: Size 256: 6.465649e-06
0: Size 512: 6.728030e-06
0: Size 1024: 9.545201e-06
0: Size 2048: 1.229384e-05
0: Size 4096: 2.053869e-05
0: Size 8192: 4.398056e-05
0: Size 16384: 8.499015e-05
0: Size 32768: 1.704967e-04
0: Size 65536: 3.476219e-04
0: Size 131072: 6.816991e-04
0: Size 262144: 1.005107e-03
0: Size 524288: 1.504538e-03
0: Size 1048576: 3.075397e-03
0: Size 2097152: 6.001784e-03
0: Size 4194304: 1.062091e-02
0: Size 8388608: 1.187122e-02
0: Size 16777216: 2.309263e-02
0: Size 33554432: 4.777682e-02
0: Size 67108864: 9.508363e-02
0: Size 134217728: 1.961679e-01
0: 
0: Off-Node Multiple Processes Per GPU (all GPUs active per node):
0: Active Procs: 1
0: Size 1: 4.908931e-06
0: Size 2: 4.859719e-06
0: Size 4: 4.866006e-06
0: Size 8: 4.845405e-06
0: Size 16: 4.831328e-06
0: Size 32: 4.873565e-06
0: Size 64: 5.541514e-06
0: Size 128: 6.003031e-06
0: Size 256: 6.346155e-06
0: Size 512: 8.052043e-06
0: Size 1024: 1.078028e-05
0: Size 2048: 1.377997e-05
0: Size 4096: 2.088897e-05
0: Size 8192: 4.307827e-05
0: Size 16384: 7.671009e-05
0: Size 32768: 1.475439e-04
0: Size 65536: 2.886318e-04
0: Size 131072: 5.699843e-04
0: Size 262144: 1.102844e-03
0: Size 524288: 2.043563e-03
0: Size 1048576: 4.077504e-03
0: Size 2097152: 8.108265e-03
0: Size 4194304: 1.054944e-02
0: Size 8388608: 1.176275e-02
0: Size 16777216: 7.537280e-03
0: Size 33554432: 1.426785e-02
0: Size 67108864: 2.791447e-02
0: Size 134217728: 5.391504e-02
0: 
0: Active Procs: 2
0: Size 1: 5.042233e-06
0: Size 2: 5.050604e-06
0: Size 4: 5.027730e-06
0: Size 8: 5.012810e-06
0: Size 16: 5.016611e-06
0: Size 32: 5.026331e-06
0: Size 64: 5.281855e-06
0: Size 128: 6.159058e-06
0: Size 256: 6.596503e-06
0: Size 512: 7.596240e-06
0: Size 1024: 9.897108e-06
0: Size 2048: 1.324603e-05
0: Size 4096: 2.202375e-05
0: Size 8192: 4.567774e-05
0: Size 16384: 8.731354e-05
0: Size 32768: 1.678730e-04
0: Size 65536: 3.378895e-04
0: Size 131072: 5.368926e-04
0: Size 262144: 1.266253e-03
0: Size 524288: 2.495853e-03
0: Size 1048576: 4.406175e-03
0: Size 2097152: 8.345099e-03
0: Size 4194304: 9.972561e-03
0: Size 8388608: 5.966255e-03
0: Size 16777216: 7.190909e-03
0: Size 33554432: 1.929413e-02
0: Size 67108864: 3.850890e-02
0: Size 134217728: 7.729045e-02
0: 
0: Active Procs: 4
0: Size 1: 4.994946e-06
0: Size 2: 4.971906e-06
0: Size 4: 4.950715e-06
0: Size 8: 5.002979e-06
0: Size 16: 4.979287e-06
0: Size 32: 4.973502e-06
0: Size 64: 5.400171e-06
0: Size 128: 6.083871e-06
0: Size 256: 6.653095e-06
0: Size 512: 7.456014e-06
0: Size 1024: 9.792322e-06
0: Size 2048: 1.335469e-05
0: Size 4096: 2.180359e-05
0: Size 8192: 4.476645e-05
0: Size 16384: 8.616373e-05
0: Size 32768: 1.698961e-04
0: Size 65536: 3.441577e-04
0: Size 131072: 5.720635e-04
0: Size 262144: 1.299784e-03
0: Size 524288: 2.509872e-03
0: Size 1048576: 4.092668e-03
0: Size 2097152: 8.080592e-03
0: Size 4194304: 4.266578e-03
0: Size 8388608: 4.519309e-03
0: Size 16777216: 9.591180e-03
0: Size 33554432: 2.670756e-02
0: Size 67108864: 5.383635e-02
0: Size 134217728: 1.097442e-01
0: 
0: Active Procs: 8
0: Size 1: 5.753906e-06
0: Size 2: 5.732344e-06
0: Size 4: 5.739303e-06
0: Size 8: 5.739477e-06
0: Size 16: 5.735672e-06
0: Size 32: 5.702071e-06
0: Size 64: 5.726838e-06
0: Size 128: 6.835052e-06
0: Size 256: 6.961474e-06
0: Size 512: 7.198657e-06
0: Size 1024: 9.395675e-06
0: Size 2048: 1.302060e-05
0: Size 4096: 2.167351e-05
0: Size 8192: 4.422217e-05
0: Size 16384: 8.466720e-05
0: Size 32768: 1.698301e-04
0: Size 65536: 3.455291e-04
0: Size 131072: 6.035194e-04
0: Size 262144: 1.096007e-03
0: Size 524288: 1.455132e-03
0: Size 1048576: 1.698689e-03
0: Size 2097152: 2.991896e-03
0: Size 4194304: 4.589442e-03
0: Size 8388608: 1.000489e-02
0: Size 16777216: 1.848935e-02
0: Size 33554432: 4.162304e-02
0: Size 67108864: 8.149119e-02
0: Size 134217728: 1.692256e-01
0: 
0: Active Procs: 16
0: Size 1: 5.907157e-06
0: Size 2: 5.941047e-06
0: Size 4: 5.922464e-06
0: Size 8: 5.930626e-06
0: Size 16: 5.949382e-06
0: Size 32: 5.917489e-06
0: Size 64: 5.972749e-06
0: Size 128: 7.024584e-06
0: Size 256: 7.212522e-06
0: Size 512: 7.379868e-06
0: Size 1024: 9.241424e-06
0: Size 2048: 1.226463e-05
0: Size 4096: 2.051698e-05
0: Size 8192: 4.445389e-05
0: Size 16384: 8.557900e-05
0: Size 32768: 1.709613e-04
0: Size 65536: 3.469384e-04
0: Size 131072: 5.551583e-04
0: Size 262144: 1.013851e-03
0: Size 524288: 1.517160e-03
0: Size 1048576: 1.853328e-03
0: Size 2097152: 3.252127e-03
0: Size 4194304: 5.838002e-03
0: Size 8388608: 1.303297e-02
0: Size 16777216: 2.492617e-02
0: Size 33554432: 5.029933e-02
0: Size 67108864: 9.828435e-02
0: Size 134217728: 2.024076e-01
0: 
0: Active Procs: 18
0: Size 1: 5.948988e-06
0: Size 2: 5.967980e-06
0: Size 4: 5.971683e-06
0: Size 8: 5.968487e-06
0: Size 16: 5.992003e-06
0: Size 32: 5.957336e-06
0: Size 64: 5.970467e-06
0: Size 128: 7.071724e-06
0: Size 256: 7.226656e-06
0: Size 512: 7.387101e-06
0: Size 1024: 9.609738e-06
0: Size 2048: 1.238693e-05
0: Size 4096: 2.053539e-05
0: Size 8192: 4.432188e-05
0: Size 16384: 8.530020e-05
0: Size 32768: 1.720149e-04
0: Size 65536: 3.479803e-04
0: Size 131072: 5.459244e-04
0: Size 262144: 8.940203e-04
0: Size 524288: 1.436363e-03
0: Size 1048576: 1.641141e-03
0: Size 2097152: 2.922809e-03
0: Size 4194304: 6.304699e-03
0: Size 8388608: 1.340399e-02
0: Size 16777216: 2.561576e-02
0: Size 33554432: 5.263418e-02
0: Size 67108864: 1.073234e-01
0: Size 134217728: 2.188103e-01
0: 
