0: GPU Microbenchmarks:
0: Inter-CPU Microbenchmarks will be run with the following:
0: # Processes per NUMA: 2
0: # Processes per socket: 2
0: # Processes per node: 8
0: # of nodes: 2
0: Inter-GPU Microbenchmarks will be run with the following:
0: # GPUs per NUMA: 1
0: # GPUs per socket: 1
0: # GPUs per node: 4
0: # Processes per GPU: 2
0: If these are incorrect, edit the defines at the top of benchmarks/microbenchmarks.cpp
0: GPU-Aware intra-NUMA tests will not be run because GPNUMA is set to 1.
0: intra-socket tests will not be run because GPS is set to 1.
0: Running standard GPU-Aware benchmarks
0: Not measuring GPU-Aware intra-NUMA, because GPNUMA is set to 1
0: Not measuring GPU-Aware intra-socket, because GPS is set to 1
0: GPU-Aware On-Node, Off-Socket Ping-Pong:
0: Size 1: 3.898813e-06
0: Size 2: 3.910741e-06
0: Size 4: 3.868840e-06
0: Size 8: 3.893738e-06
0: Size 16: 3.317001e-06
0: Size 32: 3.959048e-06
0: Size 64: 3.976072e-06
0: Size 128: 3.812120e-06
0: Size 256: 5.826826e-06
0: Size 512: 5.774307e-06
0: Size 1024: 9.062972e-06
0: Size 2048: 8.943516e-06
0: Size 4096: 8.862024e-06
0: Size 8192: 2.001286e-05
0: Size 16384: 2.046624e-05
0: Size 32768: 2.087733e-05
0: Size 65536: 2.182198e-05
0: Size 131072: 2.345602e-05
0: Size 262144: 2.803965e-05
0: Size 524288: 3.703373e-05
0: Size 1048576: 5.525717e-05
0: Size 2097152: 9.141169e-05
0: Size 4194304: 1.635528e-04
0: Size 8388608: 3.075645e-04
0: Size 16777216: 5.939916e-04
0: Size 33554432: 1.167944e-03
0: Size 67108864: 2.316423e-03
0: Size 134217728: 4.610584e-03
0: 
0: GPU-Aware Off-Node Ping-Pong:
0: Size 1: 4.502525e-06
0: Size 2: 4.499110e-06
0: Size 4: 4.487409e-06
0: Size 8: 4.487047e-06
0: Size 16: 4.492765e-06
0: Size 32: 4.491724e-06
0: Size 64: 4.486707e-06
0: Size 128: 5.599604e-06
0: Size 256: 5.843522e-06
0: Size 512: 5.895676e-06
0: Size 1024: 5.979848e-06
0: Size 2048: 6.164456e-06
0: Size 4096: 6.403343e-06
0: Size 8192: 7.159307e-06
0: Size 16384: 8.411007e-06
0: Size 32768: 1.467926e-05
0: Size 65536: 1.750746e-05
0: Size 131072: 2.305884e-05
0: Size 262144: 3.389288e-05
0: Size 524288: 5.558000e-05
0: Size 1048576: 9.913663e-05
0: Size 2097152: 1.856637e-04
0: Size 4194304: 3.585295e-04
0: Size 8388608: 7.040575e-04
0: Size 16777216: 1.394897e-03
0: Size 33554432: 2.776324e-03
0: Size 67108864: 5.539107e-03
0: Size 134217728: 1.106473e-02
0: 
0: Running standard Copy-to-CPU benchmarks
0: Not measuring GPU-Aware intra-NUMA, because GPNUMA is set to 1
0: Not measuring GPU-Aware intra-socket, because GPS is set to 1
0: GPU-Aware On-Node, Off-Socket Ping-Pong:
0: Size 1: 3.944387e-06
0: Size 2: 3.881588e-06
0: Size 4: 4.189939e-06
0: Size 8: 3.975127e-06
0: Size 16: 3.592663e-06
0: Size 32: 4.068709e-06
0: Size 64: 4.437328e-06
0: Size 128: 4.016010e-06
0: Size 256: 5.114596e-06
0: Size 512: 6.772947e-06
0: Size 1024: 9.157538e-06
0: Size 2048: 1.097517e-05
0: Size 4096: 1.759525e-05
0: Size 8192: 3.697124e-05
0: Size 16384: 6.344881e-05
0: Size 32768: 1.198571e-04
0: Size 65536: 2.319939e-04
0: Size 131072: 4.554161e-04
0: Size 262144: 8.893118e-04
0: Size 524288: 1.714089e-03
0: Size 1048576: 3.401203e-03
0: Size 2097152: 6.616105e-03
0: Size 4194304: 1.162102e-02
0: Size 8388608: 1.332602e-02
0: Size 16777216: 8.010859e-03
0: Size 33554432: 1.244341e-02
0: Size 67108864: 2.505212e-02
0: Size 134217728: 4.894342e-02
0: 
0: GPU-Aware Off-Node Ping-Pong:
0: Size 1: 4.925486e-06
0: Size 2: 4.934132e-06
0: Size 4: 4.906341e-06
0: Size 8: 4.897571e-06
0: Size 16: 4.903789e-06
0: Size 32: 4.900846e-06
0: Size 64: 4.909289e-06
0: Size 128: 6.048901e-06
0: Size 256: 6.177364e-06
0: Size 512: 6.280524e-06
0: Size 1024: 6.520556e-06
0: Size 2048: 7.221264e-06
0: Size 4096: 8.067279e-06
0: Size 8192: 1.028093e-05
0: Size 16384: 1.175684e-05
0: Size 32768: 2.018388e-05
0: Size 65536: 2.674435e-05
0: Size 131072: 3.960530e-05
0: Size 262144: 6.507708e-05
0: Size 524288: 1.154267e-04
0: Size 1048576: 2.162026e-04
0: Size 2097152: 4.173240e-04
0: Size 4194304: 8.344906e-04
0: Size 8388608: 1.654121e-03
0: Size 16777216: 3.323588e-03
0: Size 33554432: 9.539592e-03
0: Size 67108864: 2.114907e-02
0: Size 134217728: 4.256242e-02
0: 
0: Running multi-proc GPU-Aware benchmarks
0: Off-Node Multiple Processes Per GPU:
0: Active Procs: 1
0: Size 1: 4.478564e-06
0: Size 2: 4.480018e-06
0: Size 4: 4.479483e-06
0: Size 8: 4.482747e-06
0: Size 16: 4.486596e-06
0: Size 32: 4.486335e-06
0: Size 64: 4.480312e-06
0: Size 128: 5.595621e-06
0: Size 256: 5.819638e-06
0: Size 512: 5.875830e-06
0: Size 1024: 5.980207e-06
0: Size 2048: 6.161459e-06
0: Size 4096: 6.392827e-06
0: Size 8192: 7.160151e-06
0: Size 16384: 8.418784e-06
0: Size 32768: 1.468519e-05
0: Size 65536: 1.751718e-05
0: Size 131072: 2.307143e-05
0: Size 262144: 3.390393e-05
0: Size 524288: 5.559811e-05
0: Size 1048576: 9.914690e-05
0: Size 2097152: 1.856654e-04
0: Size 4194304: 3.585560e-04
0: Size 8388608: 7.041048e-04
0: Size 16777216: 1.394938e-03
0: Size 33554432: 2.776384e-03
0: Size 67108864: 5.539152e-03
0: Size 134217728: 1.106455e-02
0: 
0: Active Procs: 2
0: Size 1: 4.486219e-06
0: Size 2: 4.486758e-06
0: Size 4: 4.489090e-06
0: Size 8: 4.487446e-06
0: Size 16: 4.492264e-06
0: Size 32: 4.493209e-06
0: Size 64: 4.490667e-06
0: Size 128: 5.594962e-06
0: Size 256: 5.827652e-06
0: Size 512: 5.914507e-06
0: Size 1024: 5.975048e-06
0: Size 2048: 6.175280e-06
0: Size 4096: 6.497895e-06
0: Size 8192: 7.248304e-06
0: Size 16384: 8.455772e-06
0: Size 32768: 1.544057e-05
0: Size 65536: 1.880419e-05
0: Size 131072: 2.558879e-05
0: Size 262144: 3.508071e-05
0: Size 524288: 5.764306e-05
0: Size 1048576: 1.027636e-04
0: Size 2097152: 1.924618e-04
0: Size 4194304: 3.721117e-04
0: Size 8388608: 7.314251e-04
0: Size 16777216: 1.450429e-03
0: Size 33554432: 2.889870e-03
0: Size 67108864: 5.775233e-03
0: Size 134217728: 1.156922e-02
0: 
0: Off-Node Multiple Processes Per GPU (all GPUs active per node):
0: Active Procs: 1
0: Size 1: 4.481067e-06
0: Size 2: 4.481095e-06
0: Size 4: 4.481184e-06
0: Size 8: 4.480829e-06
0: Size 16: 4.483712e-06
0: Size 32: 4.487137e-06
0: Size 64: 4.481388e-06
0: Size 128: 5.596157e-06
0: Size 256: 5.865355e-06
0: Size 512: 5.915224e-06
0: Size 1024: 5.996156e-06
0: Size 2048: 6.169459e-06
0: Size 4096: 6.434777e-06
0: Size 8192: 7.226802e-06
0: Size 16384: 8.512433e-06
0: Size 32768: 1.488937e-05
0: Size 65536: 1.774506e-05
0: Size 131072: 2.355622e-05
0: Size 262144: 3.463052e-05
0: Size 524288: 5.636913e-05
0: Size 1048576: 9.989764e-05
0: Size 2097152: 1.863632e-04
0: Size 4194304: 3.590763e-04
0: Size 8388608: 7.044625e-04
0: Size 16777216: 1.395292e-03
0: Size 33554432: 2.776746e-03
0: Size 67108864: 5.539505e-03
0: Size 134217728: 1.106505e-02
0: 
0: Active Procs: 2
0: Size 1: 4.521881e-06
0: Size 2: 4.493374e-06
0: Size 4: 4.491830e-06
0: Size 8: 4.492958e-06
0: Size 16: 4.499659e-06
0: Size 32: 4.499212e-06
0: Size 64: 4.494565e-06
0: Size 128: 5.608477e-06
0: Size 256: 5.873674e-06
0: Size 512: 5.939562e-06
0: Size 1024: 6.024948e-06
0: Size 2048: 6.202855e-06
0: Size 4096: 6.535741e-06
0: Size 8192: 7.311098e-06
0: Size 16384: 8.598271e-06
0: Size 32768: 1.529529e-05
0: Size 65536: 1.855775e-05
0: Size 131072: 2.591638e-05
0: Size 262144: 3.664542e-05
0: Size 524288: 5.882336e-05
0: Size 1048576: 1.039287e-04
0: Size 2097152: 1.933893e-04
0: Size 4194304: 3.730195e-04
0: Size 8388608: 7.323103e-04
0: Size 16777216: 1.451372e-03
0: Size 33554432: 2.891009e-03
0: Size 67108864: 5.776203e-03
0: Size 134217728: 1.157028e-02
0: 
0: Running multi-proc (MEM)Copy-to-CPU benchmarks
0: Off-Node Multiple Processes Per GPU:
0: Active Procs: 1
0: Size 1: 4.921459e-06
0: Size 2: 4.918096e-06
0: Size 4: 4.922697e-06
0: Size 8: 4.901779e-06
0: Size 16: 4.902071e-06
0: Size 32: 4.894820e-06
0: Size 64: 4.907132e-06
0: Size 128: 6.044937e-06
0: Size 256: 6.179617e-06
0: Size 512: 6.285873e-06
0: Size 1024: 6.520229e-06
0: Size 2048: 7.225314e-06
0: Size 4096: 8.087016e-06
0: Size 8192: 1.027623e-05
0: Size 16384: 1.175369e-05
0: Size 32768: 2.002872e-05
0: Size 65536: 2.661316e-05
0: Size 131072: 3.939428e-05
0: Size 262144: 6.455864e-05
0: Size 524288: 1.150225e-04
0: Size 1048576: 2.156638e-04
0: Size 2097152: 4.168236e-04
0: Size 4194304: 8.344183e-04
0: Size 8388608: 1.651989e-03
0: Size 16777216: 3.324322e-03
0: Size 33554432: 9.577395e-03
0: Size 67108864: 2.115620e-02
0: Size 134217728: 4.253030e-02
0: 
0: Active Procs: 2
0: Size 1: 4.930194e-06
0: Size 2: 4.970834e-06
0: Size 4: 4.910481e-06
0: Size 8: 4.891230e-06
0: Size 16: 4.895112e-06
0: Size 32: 4.893985e-06
0: Size 64: 4.902038e-06
0: Size 128: 6.021388e-06
0: Size 256: 6.177588e-06
0: Size 512: 6.285618e-06
0: Size 1024: 6.520532e-06
0: Size 2048: 7.228170e-06
0: Size 4096: 8.111444e-06
0: Size 8192: 1.021109e-05
0: Size 16384: 1.171397e-05
0: Size 32768: 2.027495e-05
0: Size 65536: 2.675010e-05
0: Size 131072: 3.938990e-05
0: Size 262144: 6.472012e-05
0: Size 524288: 1.159619e-04
0: Size 1048576: 2.182871e-04
0: Size 2097152: 4.209017e-04
0: Size 4194304: 8.402575e-04
0: Size 8388608: 1.665542e-03
0: Size 16777216: 3.362682e-03
0: Size 33554432: 9.717760e-03
0: Size 67108864: 2.145463e-02
0: Size 134217728: 4.313403e-02
0: 
0: Off-Node Multiple Processes Per GPU (all GPUs active per node):
0: Active Procs: 1
0: Size 1: 4.959255e-06
0: Size 2: 4.963357e-06
0: Size 4: 4.917231e-06
0: Size 8: 4.899869e-06
0: Size 16: 4.904210e-06
0: Size 32: 4.901212e-06
0: Size 64: 4.911649e-06
0: Size 128: 6.048180e-06
0: Size 256: 6.182037e-06
0: Size 512: 6.286546e-06
0: Size 1024: 6.521158e-06
0: Size 2048: 7.238066e-06
0: Size 4096: 8.083831e-06
0: Size 8192: 1.027449e-05
0: Size 16384: 1.177099e-05
0: Size 32768: 2.028501e-05
0: Size 65536: 2.669311e-05
0: Size 131072: 3.935721e-05
0: Size 262144: 6.480199e-05
0: Size 524288: 1.156858e-04
0: Size 1048576: 2.176093e-04
0: Size 2097152: 4.181049e-04
0: Size 4194304: 8.374041e-04
0: Size 8388608: 1.662308e-03
0: Size 16777216: 3.346556e-03
0: Size 33554432: 9.607666e-03
0: Size 67108864: 2.124318e-02
0: Size 134217728: 4.284649e-02
0: 
0: Active Procs: 2
0: Size 1: 4.944794e-06
0: Size 2: 4.922900e-06
0: Size 4: 4.927721e-06
0: Size 8: 4.892650e-06
0: Size 16: 4.897667e-06
0: Size 32: 4.893742e-06
0: Size 64: 4.904778e-06
0: Size 128: 6.019364e-06
0: Size 256: 6.175894e-06
0: Size 512: 6.282382e-06
0: Size 1024: 6.519311e-06
0: Size 2048: 7.225073e-06
0: Size 4096: 8.114110e-06
0: Size 8192: 1.022424e-05
0: Size 16384: 1.174424e-05
0: Size 32768: 2.052235e-05
0: Size 65536: 2.714599e-05
0: Size 131072: 3.997605e-05
0: Size 262144: 6.593877e-05
0: Size 524288: 1.173512e-04
0: Size 1048576: 2.205701e-04
0: Size 2097152: 4.237641e-04
0: Size 4194304: 8.441000e-04
0: Size 8388608: 1.669610e-03
0: Size 16777216: 3.401101e-03
0: Size 33554432: 9.773340e-03
0: Size 67108864: 2.156360e-02
0: Size 134217728: 4.359986e-02
0: 
