0: GPU Microbenchmarks:
0: Inter-CPU Microbenchmarks will be run with the following:
0: # Processes per NUMA: 2
0: # Processes per socket: 2
0: # Processes per node: 8
0: # of nodes: 2
0: Inter-GPU Microbenchmarks will be run with the following:
0: # GPUs per NUMA: 1
0: # GPUs per socket: 1
0: # GPUs per node: 4
0: # Processes per GPU: 2
0: If these are incorrect, edit the defines at the top of benchmarks/microbenchmarks.cpp
0: GPU-Aware intra-NUMA tests will not be run because GPNUMA is set to 1.
0: intra-socket tests will not be run because GPS is set to 1.
0: Running standard GPU-Aware benchmarks
0: Not measuring GPU-Aware intra-NUMA, because GPNUMA is set to 1
0: Not measuring GPU-Aware intra-socket, because GPS is set to 1
0: GPU-Aware On-Node, Off-Socket Ping-Pong:
0: Size 1: 3.863659e-06
0: Size 2: 3.847409e-06
0: Size 4: 3.824202e-06
0: Size 8: 3.838271e-06
0: Size 16: 3.398882e-06
0: Size 32: 3.915510e-06
0: Size 64: 4.096173e-06
0: Size 128: 3.902745e-06
0: Size 256: 6.128519e-06
0: Size 512: 6.176470e-06
0: Size 1024: 9.028957e-06
0: Size 2048: 8.868015e-06
0: Size 4096: 8.909988e-06
0: Size 8192: 2.006534e-05
0: Size 16384: 2.058378e-05
0: Size 32768: 2.085682e-05
0: Size 65536: 2.193441e-05
0: Size 131072: 2.353222e-05
0: Size 262144: 2.811394e-05
0: Size 524288: 3.714912e-05
0: Size 1048576: 5.549409e-05
0: Size 2097152: 9.164021e-05
0: Size 4194304: 1.639951e-04
0: Size 8388608: 3.072873e-04
0: Size 16777216: 5.946456e-04
0: Size 33554432: 1.168570e-03
0: Size 67108864: 2.317042e-03
0: Size 134217728: 4.611472e-03
0: 
0: GPU-Aware Off-Node Ping-Pong:
0: Size 1: 4.563802e-06
0: Size 2: 4.554585e-06
0: Size 4: 4.571533e-06
0: Size 8: 4.573421e-06
0: Size 16: 4.579647e-06
0: Size 32: 4.550624e-06
0: Size 64: 4.563587e-06
0: Size 128: 5.662183e-06
0: Size 256: 5.940460e-06
0: Size 512: 6.001308e-06
0: Size 1024: 6.084587e-06
0: Size 2048: 6.274452e-06
0: Size 4096: 6.564783e-06
0: Size 8192: 7.311122e-06
0: Size 16384: 8.604124e-06
0: Size 32768: 1.524797e-05
0: Size 65536: 1.807778e-05
0: Size 131072: 2.394648e-05
0: Size 262144: 3.483265e-05
0: Size 524288: 5.653562e-05
0: Size 1048576: 1.001902e-04
0: Size 2097152: 1.864130e-04
0: Size 4194304: 3.592308e-04
0: Size 8388608: 7.047015e-04
0: Size 16777216: 1.395511e-03
0: Size 33554432: 2.776981e-03
0: Size 67108864: 5.539578e-03
0: Size 134217728: 1.106482e-02
0: 
0: Running standard Copy-to-CPU benchmarks
0: Not measuring GPU-Aware intra-NUMA, because GPNUMA is set to 1
0: Not measuring GPU-Aware intra-socket, because GPS is set to 1
0: GPU-Aware On-Node, Off-Socket Ping-Pong:
0: Size 1: 3.531222e-06
0: Size 2: 3.574241e-06
0: Size 4: 3.542268e-06
0: Size 8: 3.542163e-06
0: Size 16: 3.260269e-06
0: Size 32: 3.651828e-06
0: Size 64: 4.067543e-06
0: Size 128: 3.933869e-06
0: Size 256: 5.766291e-06
0: Size 512: 6.502552e-06
0: Size 1024: 9.082117e-06
0: Size 2048: 1.003491e-05
0: Size 4096: 1.728023e-05
0: Size 8192: 3.636741e-05
0: Size 16384: 6.275094e-05
0: Size 32768: 1.184999e-04
0: Size 65536: 2.297972e-04
0: Size 131072: 4.526660e-04
0: Size 262144: 8.861384e-04
0: Size 524288: 1.706089e-03
0: Size 1048576: 3.397128e-03
0: Size 2097152: 6.415204e-03
0: Size 4194304: 1.172534e-02
0: Size 8388608: 1.303199e-02
0: Size 16777216: 8.066904e-03
0: Size 33554432: 1.241485e-02
0: Size 67108864: 2.500292e-02
0: Size 134217728: 4.863142e-02
0: 
0: GPU-Aware Off-Node Ping-Pong:
0: Size 1: 4.765050e-06
0: Size 2: 4.761808e-06
0: Size 4: 4.762101e-06
0: Size 8: 4.764660e-06
0: Size 16: 4.772172e-06
0: Size 32: 4.773796e-06
0: Size 64: 4.779854e-06
0: Size 128: 5.916331e-06
0: Size 256: 6.025260e-06
0: Size 512: 6.125911e-06
0: Size 1024: 6.325650e-06
0: Size 2048: 6.908750e-06
0: Size 4096: 7.692140e-06
0: Size 8192: 9.652143e-06
0: Size 16384: 1.156445e-05
0: Size 32768: 2.015200e-05
0: Size 65536: 2.692291e-05
0: Size 131072: 3.954456e-05
0: Size 262144: 6.483251e-05
0: Size 524288: 1.151523e-04
0: Size 1048576: 2.154202e-04
0: Size 2097152: 4.169550e-04
0: Size 4194304: 8.357852e-04
0: Size 8388608: 1.654984e-03
0: Size 16777216: 3.334207e-03
0: Size 33554432: 9.558811e-03
0: Size 67108864: 2.114965e-02
0: Size 134217728: 4.247010e-02
0: 
0: Running multi-proc GPU-Aware benchmarks
0: Off-Node Multiple Processes Per GPU:
0: Active Procs: 1
0: Size 1: 4.568456e-06
0: Size 2: 4.569334e-06
0: Size 4: 4.571325e-06
0: Size 8: 4.541097e-06
0: Size 16: 4.560428e-06
0: Size 32: 4.545207e-06
0: Size 64: 4.555248e-06
0: Size 128: 5.682459e-06
0: Size 256: 5.937464e-06
0: Size 512: 5.989476e-06
0: Size 1024: 6.084666e-06
0: Size 2048: 6.297478e-06
0: Size 4096: 6.527189e-06
0: Size 8192: 7.342014e-06
0: Size 16384: 8.767833e-06
0: Size 32768: 1.530492e-05
0: Size 65536: 1.829228e-05
0: Size 131072: 2.396190e-05
0: Size 262144: 3.494143e-05
0: Size 524288: 5.674422e-05
0: Size 1048576: 1.002598e-04
0: Size 2097152: 1.864869e-04
0: Size 4194304: 3.592850e-04
0: Size 8388608: 7.046774e-04
0: Size 16777216: 1.395518e-03
0: Size 33554432: 2.776976e-03
0: Size 67108864: 5.539462e-03
0: Size 134217728: 1.106475e-02
0: 
0: Active Procs: 2
0: Size 1: 4.581492e-06
0: Size 2: 4.578194e-06
0: Size 4: 4.545083e-06
0: Size 8: 4.565921e-06
0: Size 16: 4.586433e-06
0: Size 32: 4.588009e-06
0: Size 64: 4.548840e-06
0: Size 128: 5.667047e-06
0: Size 256: 5.917684e-06
0: Size 512: 5.984335e-06
0: Size 1024: 6.074807e-06
0: Size 2048: 6.286544e-06
0: Size 4096: 6.680302e-06
0: Size 8192: 7.477226e-06
0: Size 16384: 8.726524e-06
0: Size 32768: 1.580292e-05
0: Size 65536: 1.886497e-05
0: Size 131072: 2.617275e-05
0: Size 262144: 3.924914e-05
0: Size 524288: 5.894926e-05
0: Size 1048576: 1.040119e-04
0: Size 2097152: 1.934038e-04
0: Size 4194304: 3.731194e-04
0: Size 8388608: 7.324179e-04
0: Size 16777216: 1.451375e-03
0: Size 33554432: 2.890904e-03
0: Size 67108864: 5.775045e-03
0: Size 134217728: 1.156961e-02
0: 
0: Off-Node Multiple Processes Per GPU (all GPUs active per node):
0: Active Procs: 1
0: Size 1: 4.548210e-06
0: Size 2: 4.547800e-06
0: Size 4: 4.545771e-06
0: Size 8: 4.545732e-06
0: Size 16: 4.551518e-06
0: Size 32: 4.549246e-06
0: Size 64: 4.546946e-06
0: Size 128: 5.657891e-06
0: Size 256: 5.906332e-06
0: Size 512: 5.968155e-06
0: Size 1024: 6.072939e-06
0: Size 2048: 6.287490e-06
0: Size 4096: 6.594915e-06
0: Size 8192: 7.434377e-06
0: Size 16384: 8.927337e-06
0: Size 32768: 1.570858e-05
0: Size 65536: 1.875731e-05
0: Size 131072: 2.463831e-05
0: Size 262144: 3.570810e-05
0: Size 524288: 5.755516e-05
0: Size 1048576: 1.010990e-04
0: Size 2097152: 1.872803e-04
0: Size 4194304: 3.598474e-04
0: Size 8388608: 7.050799e-04
0: Size 16777216: 1.395922e-03
0: Size 33554432: 2.777333e-03
0: Size 67108864: 5.539803e-03
0: Size 134217728: 1.106487e-02
0: 
0: Active Procs: 2
0: Size 1: 4.579748e-06
0: Size 2: 4.587900e-06
0: Size 4: 4.574878e-06
0: Size 8: 4.593891e-06
0: Size 16: 4.577438e-06
0: Size 32: 4.583011e-06
0: Size 64: 4.590609e-06
0: Size 128: 5.676611e-06
0: Size 256: 5.934098e-06
0: Size 512: 6.016893e-06
0: Size 1024: 6.125716e-06
0: Size 2048: 6.366758e-06
0: Size 4096: 6.823969e-06
0: Size 8192: 7.643883e-06
0: Size 16384: 8.965543e-06
0: Size 32768: 1.634090e-05
0: Size 65536: 1.961147e-05
0: Size 131072: 2.654579e-05
0: Size 262144: 4.008145e-05
0: Size 524288: 5.979208e-05
0: Size 1048576: 1.048123e-04
0: Size 2097152: 1.939653e-04
0: Size 4194304: 3.736225e-04
0: Size 8388608: 7.329228e-04
0: Size 16777216: 1.451995e-03
0: Size 33554432: 2.892224e-03
0: Size 67108864: 5.776672e-03
0: Size 134217728: 1.157069e-02
0: 
0: Running multi-proc (MEM)Copy-to-CPU benchmarks
0: Off-Node Multiple Processes Per GPU:
0: Active Procs: 1
0: Size 1: 4.778751e-06
0: Size 2: 4.801635e-06
0: Size 4: 4.774424e-06
0: Size 8: 4.787944e-06
0: Size 16: 4.800436e-06
0: Size 32: 4.800125e-06
0: Size 64: 4.796945e-06
0: Size 128: 5.948155e-06
0: Size 256: 6.060467e-06
0: Size 512: 6.130997e-06
0: Size 1024: 6.347220e-06
0: Size 2048: 6.951612e-06
0: Size 4096: 7.718414e-06
0: Size 8192: 9.654507e-06
0: Size 16384: 1.161341e-05
0: Size 32768: 2.020299e-05
0: Size 65536: 2.698547e-05
0: Size 131072: 3.960531e-05
0: Size 262144: 6.482980e-05
0: Size 524288: 1.151981e-04
0: Size 1048576: 2.153299e-04
0: Size 2097152: 4.164895e-04
0: Size 4194304: 8.356812e-04
0: Size 8388608: 1.654771e-03
0: Size 16777216: 3.329886e-03
0: Size 33554432: 9.560266e-03
0: Size 67108864: 2.111748e-02
0: Size 134217728: 4.241121e-02
0: 
0: Active Procs: 2
0: Size 1: 4.943162e-06
0: Size 2: 4.913229e-06
0: Size 4: 4.876347e-06
0: Size 8: 4.878772e-06
0: Size 16: 4.882408e-06
0: Size 32: 4.879721e-06
0: Size 64: 4.888013e-06
0: Size 128: 6.019825e-06
0: Size 256: 6.153665e-06
0: Size 512: 6.261045e-06
0: Size 1024: 6.448984e-06
0: Size 2048: 7.141544e-06
0: Size 4096: 7.924828e-06
0: Size 8192: 9.659465e-06
0: Size 16384: 1.168987e-05
0: Size 32768: 2.063558e-05
0: Size 65536: 2.746121e-05
0: Size 131072: 4.005437e-05
0: Size 262144: 6.571682e-05
0: Size 524288: 1.163555e-04
0: Size 1048576: 2.179155e-04
0: Size 2097152: 4.171405e-04
0: Size 4194304: 8.420030e-04
0: Size 8388608: 1.665376e-03
0: Size 16777216: 3.357763e-03
0: Size 33554432: 9.712390e-03
0: Size 67108864: 2.143048e-02
0: Size 134217728: 4.315224e-02
0: 
0: Off-Node Multiple Processes Per GPU (all GPUs active per node):
0: Active Procs: 1
0: Size 1: 5.040912e-06
0: Size 2: 5.004126e-06
0: Size 4: 4.963373e-06
0: Size 8: 4.952063e-06
0: Size 16: 4.968148e-06
0: Size 32: 4.934088e-06
0: Size 64: 4.958833e-06
0: Size 128: 6.111921e-06
0: Size 256: 6.216579e-06
0: Size 512: 6.353280e-06
0: Size 1024: 6.527195e-06
0: Size 2048: 7.231958e-06
0: Size 4096: 8.095663e-06
0: Size 8192: 1.023563e-05
0: Size 16384: 1.202100e-05
0: Size 32768: 2.067169e-05
0: Size 65536: 2.738962e-05
0: Size 131072: 4.032790e-05
0: Size 262144: 6.579337e-05
0: Size 524288: 1.163410e-04
0: Size 1048576: 2.174404e-04
0: Size 2097152: 4.181552e-04
0: Size 4194304: 8.376889e-04
0: Size 8388608: 1.660117e-03
0: Size 16777216: 3.350487e-03
0: Size 33554432: 9.681302e-03
0: Size 67108864: 2.136660e-02
0: Size 134217728: 4.290723e-02
0: 
0: Active Procs: 2
0: Size 1: 5.085867e-06
0: Size 2: 5.111070e-06
0: Size 4: 5.013163e-06
0: Size 8: 5.030385e-06
0: Size 16: 5.019941e-06
0: Size 32: 4.997728e-06
0: Size 64: 5.033883e-06
0: Size 128: 6.156660e-06
0: Size 256: 6.370217e-06
0: Size 512: 6.503681e-06
0: Size 1024: 6.684446e-06
0: Size 2048: 7.448498e-06
0: Size 4096: 8.369114e-06
0: Size 8192: 1.028014e-05
0: Size 16384: 1.217909e-05
0: Size 32768: 2.155336e-05
0: Size 65536: 2.800345e-05
0: Size 131072: 4.097141e-05
0: Size 262144: 6.713058e-05
0: Size 524288: 1.175285e-04
0: Size 1048576: 2.193910e-04
0: Size 2097152: 4.221753e-04
0: Size 4194304: 8.445090e-04
0: Size 8388608: 1.674744e-03
0: Size 16777216: 3.381705e-03
0: Size 33554432: 9.756102e-03
0: Size 67108864: 2.157601e-02
0: Size 134217728: 4.359025e-02
0: 
