0: GPU Microbenchmarks:
0: Inter-CPU Microbenchmarks will be run with the following:
0: # Processes per NUMA: 18
0: # Processes per socket: 18
0: # Processes per node: 72
0: # of nodes: 2
0: Inter-GPU Microbenchmarks will be run with the following:
0: # GPUs per NUMA: 1
0: # GPUs per socket: 1
0: # GPUs per node: 4
0: # Processes per GPU: 18
0: If these are incorrect, edit the defines at the top of benchmarks/microbenchmarks.cpp
0: GPU-Aware intra-NUMA tests will not be run because GPNUMA is set to 1.
0: intra-socket tests will not be run because GPS is set to 1.
0: Running standard GPU-Aware benchmarks
0: Not measuring GPU-Aware intra-NUMA, because GPNUMA is set to 1
0: Not measuring GPU-Aware intra-socket, because GPS is set to 1
0: GPU-Aware On-Node, Off-Socket Ping-Pong:
0: Size 1: 3.886855e-06
0: Size 2: 3.874963e-06
0: Size 4: 3.950645e-06
0: Size 8: 3.947463e-06
0: Size 16: 3.407687e-06
0: Size 32: 4.137627e-06
0: Size 64: 4.359026e-06
0: Size 128: 4.217904e-06
0: Size 256: 6.032927e-06
0: Size 512: 6.313892e-06
0: Size 1024: 8.942234e-06
0: Size 2048: 8.674728e-06
0: Size 4096: 8.604286e-06
0: Size 8192: 6.531259e-05
0: Size 16384: 6.615384e-05
0: Size 32768: 6.798472e-05
0: Size 65536: 7.066086e-05
0: Size 131072: 7.581531e-05
0: Size 262144: 8.687327e-05
0: Size 524288: 1.124948e-04
0: Size 1048576: 1.705238e-04
0: Size 2097152: 2.902287e-04
0: Size 4194304: 5.070822e-04
0: Size 8388608: 9.321020e-04
0: Size 16777216: 1.762868e-03
0: Size 33554432: 3.535275e-03
0: Size 67108864: 6.405316e-03
0: Size 134217728: 1.052764e-02
0: 
0: GPU-Aware Off-Node Ping-Pong:
0: Size 1: 4.536432e-06
0: Size 2: 4.546462e-06
0: Size 4: 4.522499e-06
0: Size 8: 4.527210e-06
0: Size 16: 4.531907e-06
0: Size 32: 4.540122e-06
0: Size 64: 4.532396e-06
0: Size 128: 5.670599e-06
0: Size 256: 5.925384e-06
0: Size 512: 6.010597e-06
0: Size 1024: 6.070814e-06
0: Size 2048: 6.269004e-06
0: Size 4096: 6.734533e-06
0: Size 8192: 7.414487e-06
0: Size 16384: 8.538082e-06
0: Size 32768: 1.504598e-05
0: Size 65536: 1.785463e-05
0: Size 131072: 2.340463e-05
0: Size 262144: 3.422859e-05
0: Size 524288: 5.592103e-05
0: Size 1048576: 9.948506e-05
0: Size 2097152: 1.859328e-04
0: Size 4194304: 3.587329e-04
0: Size 8388608: 7.042371e-04
0: Size 16777216: 1.395300e-03
0: Size 33554432: 2.776543e-03
0: Size 67108864: 5.539264e-03
0: Size 134217728: 1.106454e-02
0: 
0: Running standard Copy-to-CPU benchmarks
0: Not measuring GPU-Aware intra-NUMA, because GPNUMA is set to 1
0: Not measuring GPU-Aware intra-socket, because GPS is set to 1
0: GPU-Aware On-Node, Off-Socket Ping-Pong:
0: Size 1: 4.138440e-06
0: Size 2: 4.147611e-06
0: Size 4: 4.149287e-06
0: Size 8: 4.181102e-06
0: Size 16: 3.547455e-06
0: Size 32: 4.348861e-06
0: Size 64: 4.416513e-06
0: Size 128: 4.132562e-06
0: Size 256: 5.689508e-06
0: Size 512: 6.686844e-06
0: Size 1024: 8.846806e-06
0: Size 2048: 9.774866e-06
0: Size 4096: 1.726375e-05
0: Size 8192: 3.665096e-05
0: Size 16384: 6.434504e-05
0: Size 32768: 1.200375e-04
0: Size 65536: 2.313265e-04
0: Size 131072: 4.546189e-04
0: Size 262144: 8.885308e-04
0: Size 524288: 1.712691e-03
0: Size 1048576: 3.405869e-03
0: Size 2097152: 6.516079e-03
0: Size 4194304: 1.154662e-02
0: Size 8388608: 1.268838e-02
0: Size 16777216: 8.041400e-03
0: Size 33554432: 1.243855e-02
0: Size 67108864: 2.500339e-02
0: Size 134217728: 4.876240e-02
0: 
0: GPU-Aware Off-Node Ping-Pong:
0: Size 1: 4.658373e-06
0: Size 2: 4.658112e-06
0: Size 4: 4.658070e-06
0: Size 8: 4.656264e-06
0: Size 16: 4.669835e-06
0: Size 32: 4.674081e-06
0: Size 64: 4.686259e-06
0: Size 128: 5.801795e-06
0: Size 256: 6.006828e-06
0: Size 512: 6.081142e-06
0: Size 1024: 6.228824e-06
0: Size 2048: 6.714575e-06
0: Size 4096: 7.312628e-06
0: Size 8192: 9.114738e-06
0: Size 16384: 1.117975e-05
0: Size 32768: 1.972518e-05
0: Size 65536: 2.653405e-05
0: Size 131072: 3.896956e-05
0: Size 262144: 6.413352e-05
0: Size 524288: 1.152984e-04
0: Size 1048576: 2.163445e-04
0: Size 2097152: 4.165645e-04
0: Size 4194304: 8.342189e-04
0: Size 8388608: 1.650811e-03
0: Size 16777216: 3.335058e-03
0: Size 33554432: 9.564956e-03
0: Size 67108864: 2.115015e-02
0: Size 134217728: 4.249150e-02
0: 
0: Running multi-proc GPU-Aware benchmarks
0: Off-Node Multiple Processes Per GPU:
0: Active Procs: 1
0: Size 1: 4.514110e-06
0: Size 2: 4.519428e-06
0: Size 4: 4.519003e-06
0: Size 8: 4.524134e-06
0: Size 16: 4.529661e-06
0: Size 32: 4.529348e-06
0: Size 64: 4.523228e-06
0: Size 128: 5.632973e-06
0: Size 256: 5.909697e-06
0: Size 512: 5.965302e-06
0: Size 1024: 6.058554e-06
0: Size 2048: 6.263899e-06
0: Size 4096: 6.501384e-06
0: Size 8192: 7.284086e-06
0: Size 16384: 8.504660e-06
0: Size 32768: 1.501848e-05
0: Size 65536: 1.782903e-05
0: Size 131072: 2.338199e-05
0: Size 262144: 3.419966e-05
0: Size 524288: 5.590293e-05
0: Size 1048576: 9.950346e-05
0: Size 2097152: 1.858779e-04
0: Size 4194304: 3.587340e-04
0: Size 8388608: 7.042279e-04
0: Size 16777216: 1.395051e-03
0: Size 33554432: 2.776545e-03
0: Size 67108864: 5.539258e-03
0: Size 134217728: 1.106466e-02
0: 
0: Active Procs: 2
0: Size 1: 4.526645e-06
0: Size 2: 4.532788e-06
0: Size 4: 4.531184e-06
0: Size 8: 4.528768e-06
0: Size 16: 4.533873e-06
0: Size 32: 4.534447e-06
0: Size 64: 4.527723e-06
0: Size 128: 5.633757e-06
0: Size 256: 5.895946e-06
0: Size 512: 5.952556e-06
0: Size 1024: 6.060203e-06
0: Size 2048: 6.267667e-06
0: Size 4096: 6.539400e-06
0: Size 8192: 7.292743e-06
0: Size 16384: 8.467469e-06
0: Size 32768: 1.513634e-05
0: Size 65536: 1.835231e-05
0: Size 131072: 2.574071e-05
0: Size 262144: 3.515123e-05
0: Size 524288: 5.772142e-05
0: Size 1048576: 1.027937e-04
0: Size 2097152: 1.925606e-04
0: Size 4194304: 3.721720e-04
0: Size 8388608: 7.314756e-04
0: Size 16777216: 1.450755e-03
0: Size 33554432: 2.889927e-03
0: Size 67108864: 5.777151e-03
0: Size 134217728: 1.156967e-02
0: 
0: Active Procs: 4
0: Size 1: 4.550739e-06
0: Size 2: 4.549226e-06
0: Size 4: 4.552605e-06
0: Size 8: 4.547089e-06
0: Size 16: 4.554091e-06
0: Size 32: 4.553788e-06
0: Size 64: 4.548045e-06
0: Size 128: 5.643745e-06
0: Size 256: 5.909350e-06
0: Size 512: 5.971136e-06
0: Size 1024: 6.073253e-06
0: Size 2048: 6.306072e-06
0: Size 4096: 6.613287e-06
0: Size 8192: 7.387738e-06
0: Size 16384: 8.655330e-06
0: Size 32768: 1.574331e-05
0: Size 65536: 2.019506e-05
0: Size 131072: 2.686093e-05
0: Size 262144: 4.516515e-05
0: Size 524288: 9.003859e-05
0: Size 1048576: 1.798126e-04
0: Size 2097152: 3.594124e-04
0: Size 4194304: 7.187262e-04
0: Size 8388608: 1.437386e-03
0: Size 16777216: 2.875343e-03
0: Size 33554432: 5.754098e-03
0: Size 67108864: 1.152386e-02
0: Size 134217728: 2.310832e-02
0: 
0: Active Procs: 8
0: Size 1: 4.640270e-06
0: Size 2: 4.638293e-06
0: Size 4: 4.637912e-06
0: Size 8: 4.637945e-06
0: Size 16: 4.646781e-06
0: Size 32: 4.643081e-06
0: Size 64: 4.645721e-06
0: Size 128: 5.723528e-06
0: Size 256: 5.974198e-06
0: Size 512: 6.029325e-06
0: Size 1024: 6.158334e-06
0: Size 2048: 6.411633e-06
0: Size 4096: 6.781087e-06
0: Size 8192: 7.646743e-06
0: Size 16384: 9.438498e-06
0: Size 32768: 1.909647e-05
0: Size 65536: 2.489338e-05
0: Size 131072: 4.543447e-05
0: Size 262144: 9.023773e-05
0: Size 524288: 1.800958e-04
0: Size 1048576: 3.596559e-04
0: Size 2097152: 7.189281e-04
0: Size 4194304: 1.437675e-03
0: Size 8388608: 2.874533e-03
0: Size 16777216: 5.750437e-03
0: Size 33554432: 1.150852e-02
0: Size 67108864: 2.304568e-02
0: Size 134217728: 4.621579e-02
0: 
0: Active Procs: 16
0: Size 1: 4.878366e-06
0: Size 2: 4.875756e-06
0: Size 4: 4.872024e-06
0: Size 8: 4.872569e-06
0: Size 16: 4.877118e-06
0: Size 32: 4.888619e-06
0: Size 64: 4.883187e-06
0: Size 128: 5.963401e-06
0: Size 256: 6.179355e-06
0: Size 512: 6.248659e-06
0: Size 1024: 6.369425e-06
0: Size 2048: 6.635554e-06
0: Size 4096: 7.150173e-06
0: Size 8192: 8.716885e-06
0: Size 16384: 1.131373e-05
0: Size 32768: 2.465610e-05
0: Size 65536: 4.569959e-05
0: Size 131072: 9.062166e-05
0: Size 262144: 1.804498e-04
0: Size 524288: 3.601471e-04
0: Size 1048576: 7.193415e-04
0: Size 2097152: 1.437995e-03
0: Size 4194304: 2.875020e-03
0: Size 8388608: 5.749988e-03
0: Size 16777216: 1.150176e-02
0: Size 33554432: 2.301620e-02
0: Size 67108864: 4.609085e-02
0: Size 134217728: 9.243001e-02
0: 
0: Active Procs: 18
0: Size 1: 4.924287e-06
0: Size 2: 4.936388e-06
0: Size 4: 4.923779e-06
0: Size 8: 4.934635e-06
0: Size 16: 4.934579e-06
0: Size 32: 4.946695e-06
0: Size 64: 4.947741e-06
0: Size 128: 6.031010e-06
0: Size 256: 6.236821e-06
0: Size 512: 6.303919e-06
0: Size 1024: 6.435207e-06
0: Size 2048: 6.698324e-06
0: Size 4096: 7.277784e-06
0: Size 8192: 8.813601e-06
0: Size 16384: 1.273062e-05
0: Size 32768: 2.636300e-05
0: Size 65536: 5.132972e-05
0: Size 131072: 1.019455e-04
0: Size 262144: 2.030002e-04
0: Size 524288: 4.050723e-04
0: Size 1048576: 8.092263e-04
0: Size 2097152: 1.617422e-03
0: Size 4194304: 3.234353e-03
0: Size 8388608: 6.468205e-03
0: Size 16777216: 1.294115e-02
0: Size 33554432: 2.589449e-02
0: Size 67108864: 5.184965e-02
0: Size 134217728: 1.039636e-01
0: 
0: Off-Node Multiple Processes Per GPU (all GPUs active per node):
0: Active Procs: 1
0: Size 1: 4.531654e-06
0: Size 2: 4.523262e-06
0: Size 4: 4.521890e-06
0: Size 8: 4.521270e-06
0: Size 16: 4.525570e-06
0: Size 32: 4.523385e-06
0: Size 64: 4.523221e-06
0: Size 128: 5.631117e-06
0: Size 256: 5.931409e-06
0: Size 512: 5.977335e-06
0: Size 1024: 6.072378e-06
0: Size 2048: 6.266489e-06
0: Size 4096: 6.540675e-06
0: Size 8192: 7.311141e-06
0: Size 16384: 8.637791e-06
0: Size 32768: 1.514379e-05
0: Size 65536: 1.803758e-05
0: Size 131072: 2.378552e-05
0: Size 262144: 3.475529e-05
0: Size 524288: 5.648114e-05
0: Size 1048576: 1.000313e-04
0: Size 2097152: 1.863890e-04
0: Size 4194304: 3.591782e-04
0: Size 8388608: 7.045627e-04
0: Size 16777216: 1.395457e-03
0: Size 33554432: 2.777459e-03
0: Size 67108864: 5.539715e-03
0: Size 134217728: 1.106489e-02
0: 
0: Active Procs: 2
0: Size 1: 4.533196e-06
0: Size 2: 4.529198e-06
0: Size 4: 4.529374e-06
0: Size 8: 4.528949e-06
0: Size 16: 4.535982e-06
0: Size 32: 4.536489e-06
0: Size 64: 4.527314e-06
0: Size 128: 5.632654e-06
0: Size 256: 5.898542e-06
0: Size 512: 5.966948e-06
0: Size 1024: 6.049417e-06
0: Size 2048: 6.272781e-06
0: Size 4096: 6.564143e-06
0: Size 8192: 7.352525e-06
0: Size 16384: 8.635330e-06
0: Size 32768: 1.539406e-05
0: Size 65536: 1.862120e-05
0: Size 131072: 2.598395e-05
0: Size 262144: 3.741601e-05
0: Size 524288: 5.893136e-05
0: Size 1048576: 1.040290e-04
0: Size 2097152: 1.934366e-04
0: Size 4194304: 3.730268e-04
0: Size 8388608: 7.323714e-04
0: Size 16777216: 1.451579e-03
0: Size 33554432: 2.891770e-03
0: Size 67108864: 5.776119e-03
0: Size 134217728: 1.157162e-02
0: 
0: Active Procs: 4
0: Size 1: 4.581838e-06
0: Size 2: 4.575977e-06
0: Size 4: 4.581608e-06
0: Size 8: 4.576745e-06
0: Size 16: 4.583739e-06
0: Size 32: 4.582851e-06
0: Size 64: 4.581163e-06
0: Size 128: 5.662631e-06
0: Size 256: 5.926255e-06
0: Size 512: 5.998858e-06
0: Size 1024: 6.101468e-06
0: Size 2048: 6.330583e-06
0: Size 4096: 6.676909e-06
0: Size 8192: 7.503058e-06
0: Size 16384: 8.859972e-06
0: Size 32768: 1.681832e-05
0: Size 65536: 2.381686e-05
0: Size 131072: 2.757857e-05
0: Size 262144: 4.516119e-05
0: Size 524288: 9.007400e-05
0: Size 1048576: 1.798520e-04
0: Size 2097152: 3.594206e-04
0: Size 4194304: 7.187028e-04
0: Size 8388608: 1.437673e-03
0: Size 16777216: 2.875360e-03
0: Size 33554432: 5.754155e-03
0: Size 67108864: 1.152358e-02
0: Size 134217728: 2.310838e-02
0: 
0: Active Procs: 8
0: Size 1: 4.777366e-06
0: Size 2: 4.755357e-06
0: Size 4: 4.761343e-06
0: Size 8: 4.749539e-06
0: Size 16: 4.759577e-06
0: Size 32: 4.753780e-06
0: Size 64: 4.759082e-06
0: Size 128: 5.807452e-06
0: Size 256: 6.035381e-06
0: Size 512: 6.128959e-06
0: Size 1024: 6.220130e-06
0: Size 2048: 6.488081e-06
0: Size 4096: 6.908672e-06
0: Size 8192: 7.922009e-06
0: Size 16384: 1.073393e-05
0: Size 32768: 2.017649e-05
0: Size 65536: 2.605469e-05
0: Size 131072: 4.556245e-05
0: Size 262144: 9.025424e-05
0: Size 524288: 1.801620e-04
0: Size 1048576: 3.597258e-04
0: Size 2097152: 7.189096e-04
0: Size 4194304: 1.437528e-03
0: Size 8388608: 2.874784e-03
0: Size 16777216: 5.751503e-03
0: Size 33554432: 1.150834e-02
0: Size 67108864: 2.304757e-02
0: Size 134217728: 4.621145e-02
0: 
0: Active Procs: 16
0: Size 1: 5.009830e-06
0: Size 2: 4.986729e-06
0: Size 4: 4.993744e-06
0: Size 8: 5.000427e-06
0: Size 16: 5.006211e-06
0: Size 32: 5.010849e-06
0: Size 64: 5.009377e-06
0: Size 128: 6.112396e-06
0: Size 256: 6.280222e-06
0: Size 512: 6.341342e-06
0: Size 1024: 6.494679e-06
0: Size 2048: 6.769983e-06
0: Size 4096: 7.325918e-06
0: Size 8192: 1.091381e-05
0: Size 16384: 1.132345e-05
0: Size 32768: 2.513008e-05
0: Size 65536: 4.573803e-05
0: Size 131072: 9.061574e-05
0: Size 262144: 1.804959e-04
0: Size 524288: 3.601661e-04
0: Size 1048576: 7.193594e-04
0: Size 2097152: 1.438149e-03
0: Size 4194304: 2.875523e-03
0: Size 8388608: 5.749553e-03
0: Size 16777216: 1.150142e-02
0: Size 33554432: 2.301630e-02
0: Size 67108864: 4.609128e-02
0: Size 134217728: 9.242249e-02
0: 
0: Active Procs: 18
0: Size 1: 5.047949e-06
0: Size 2: 5.049126e-06
0: Size 4: 5.039317e-06
0: Size 8: 5.042225e-06
0: Size 16: 5.052374e-06
0: Size 32: 5.058324e-06
0: Size 64: 5.049209e-06
0: Size 128: 6.172544e-06
0: Size 256: 6.321718e-06
0: Size 512: 6.390075e-06
0: Size 1024: 6.539020e-06
0: Size 2048: 6.816871e-06
0: Size 4096: 7.427833e-06
0: Size 8192: 8.815843e-06
0: Size 16384: 1.271814e-05
0: Size 32768: 2.654735e-05
0: Size 65536: 5.136502e-05
0: Size 131072: 1.019278e-04
0: Size 262144: 2.030881e-04
0: Size 524288: 4.052070e-04
0: Size 1048576: 8.093797e-04
0: Size 2097152: 1.617907e-03
0: Size 4194304: 3.234427e-03
0: Size 8388608: 6.469448e-03
0: Size 16777216: 1.293911e-02
0: Size 33554432: 2.589501e-02
0: Size 67108864: 5.184963e-02
0: Size 134217728: 1.039671e-01
0: 
0: Running multi-proc (MEM)Copy-to-CPU benchmarks
0: Off-Node Multiple Processes Per GPU:
0: Active Procs: 1
0: Size 1: 4.649240e-06
0: Size 2: 4.647885e-06
0: Size 4: 4.647301e-06
0: Size 8: 4.650817e-06
0: Size 16: 4.658883e-06
0: Size 32: 4.660630e-06
0: Size 64: 4.666923e-06
0: Size 128: 5.807616e-06
0: Size 256: 5.984757e-06
0: Size 512: 6.061988e-06
0: Size 1024: 6.213742e-06
0: Size 2048: 6.699491e-06
0: Size 4096: 7.296078e-06
0: Size 8192: 9.098758e-06
0: Size 16384: 1.126347e-05
0: Size 32768: 1.978410e-05
0: Size 65536: 2.649024e-05
0: Size 131072: 3.896838e-05
0: Size 262144: 6.404219e-05
0: Size 524288: 1.152569e-04
0: Size 1048576: 2.163001e-04
0: Size 2097152: 4.164466e-04
0: Size 4194304: 8.335620e-04
0: Size 8388608: 1.650772e-03
0: Size 16777216: 3.337434e-03
0: Size 33554432: 9.554705e-03
0: Size 67108864: 2.112909e-02
0: Size 134217728: 4.240544e-02
0: 
0: Active Procs: 2
0: Size 1: 4.762328e-06
0: Size 2: 4.761447e-06
0: Size 4: 4.762102e-06
0: Size 8: 4.761509e-06
0: Size 16: 4.765629e-06
0: Size 32: 4.762283e-06
0: Size 64: 4.769200e-06
0: Size 128: 5.888966e-06
0: Size 256: 6.107297e-06
0: Size 512: 6.225318e-06
0: Size 1024: 6.406770e-06
0: Size 2048: 7.004174e-06
0: Size 4096: 7.789851e-06
0: Size 8192: 9.355459e-06
0: Size 16384: 1.154813e-05
0: Size 32768: 2.034882e-05
0: Size 65536: 2.679162e-05
0: Size 131072: 3.946724e-05
0: Size 262144: 6.528718e-05
0: Size 524288: 1.160421e-04
0: Size 1048576: 2.180477e-04
0: Size 2097152: 4.189254e-04
0: Size 4194304: 8.488351e-04
0: Size 8388608: 2.015289e-03
0: Size 16777216: 4.028553e-03
0: Size 33554432: 1.090430e-02
0: Size 67108864: 2.186048e-02
0: Size 134217728: 4.266027e-02
0: 
0: Active Procs: 4
0: Size 1: 4.915937e-06
0: Size 2: 4.921326e-06
0: Size 4: 4.913797e-06
0: Size 8: 4.917374e-06
0: Size 16: 4.922251e-06
0: Size 32: 4.918732e-06
0: Size 64: 4.927231e-06
0: Size 128: 6.035731e-06
0: Size 256: 6.279817e-06
0: Size 512: 6.412989e-06
0: Size 1024: 6.607681e-06
0: Size 2048: 7.263800e-06
0: Size 4096: 8.076323e-06
0: Size 8192: 1.018375e-05
0: Size 16384: 1.184660e-05
0: Size 32768: 2.120253e-05
0: Size 65536: 2.832816e-05
0: Size 131072: 4.282909e-05
0: Size 262144: 6.890225e-05
0: Size 524288: 1.219222e-04
0: Size 1048576: 2.253826e-04
0: Size 2097152: 4.323771e-04
0: Size 4194304: 1.236403e-03
0: Size 8388608: 2.232260e-03
0: Size 16777216: 4.204250e-03
0: Size 33554432: 1.113311e-02
0: Size 67108864: 2.190958e-02
0: Size 134217728: 4.350861e-02
0: 
0: Active Procs: 8
0: Size 1: 5.039037e-06
0: Size 2: 5.019495e-06
0: Size 4: 5.025782e-06
0: Size 8: 5.024882e-06
0: Size 16: 5.052584e-06
0: Size 32: 5.032469e-06
0: Size 64: 5.051772e-06
0: Size 128: 6.155761e-06
0: Size 256: 6.324688e-06
0: Size 512: 6.459850e-06
0: Size 1024: 6.676388e-06
0: Size 2048: 7.459655e-06
0: Size 4096: 8.389221e-06
0: Size 8192: 1.032020e-05
0: Size 16384: 1.219037e-05
0: Size 32768: 2.309361e-05
0: Size 65536: 3.058386e-05
0: Size 131072: 4.609202e-05
0: Size 262144: 9.029647e-05
0: Size 524288: 1.800612e-04
0: Size 1048576: 3.596662e-04
0: Size 2097152: 7.189843e-04
0: Size 4194304: 1.438646e-03
0: Size 8388608: 2.881571e-03
0: Size 16777216: 5.773799e-03
0: Size 33554432: 1.162403e-02
0: Size 67108864: 2.347738e-02
0: Size 134217728: 4.780267e-02
0: 
0: Active Procs: 16
0: Size 1: 5.244927e-06
0: Size 2: 5.239331e-06
0: Size 4: 5.245469e-06
0: Size 8: 5.251949e-06
0: Size 16: 5.255085e-06
0: Size 32: 5.260731e-06
0: Size 64: 5.283502e-06
0: Size 128: 6.364167e-06
0: Size 256: 6.496879e-06
0: Size 512: 6.617852e-06
0: Size 1024: 6.852667e-06
0: Size 2048: 7.580647e-06
0: Size 4096: 8.673331e-06
0: Size 8192: 1.061228e-05
0: Size 16384: 1.268800e-05
0: Size 32768: 2.521655e-05
0: Size 65536: 4.572587e-05
0: Size 131072: 9.059964e-05
0: Size 262144: 1.804079e-04
0: Size 524288: 3.600980e-04
0: Size 1048576: 7.193234e-04
0: Size 2097152: 1.438583e-03
0: Size 4194304: 2.880153e-03
0: Size 8388608: 5.768232e-03
0: Size 16777216: 1.156095e-02
0: Size 33554432: 2.325201e-02
0: Size 67108864: 4.695549e-02
0: Size 134217728: 9.631718e-02
0: 
0: Active Procs: 18
0: Size 1: 5.304585e-06
0: Size 2: 5.304635e-06
0: Size 4: 5.308751e-06
0: Size 8: 5.310713e-06
0: Size 16: 5.322203e-06
0: Size 32: 5.301975e-06
0: Size 64: 5.327797e-06
0: Size 128: 6.389096e-06
0: Size 256: 6.553488e-06
0: Size 512: 6.664518e-06
0: Size 1024: 6.892107e-06
0: Size 2048: 7.634211e-06
0: Size 4096: 8.735460e-06
0: Size 8192: 1.070350e-05
0: Size 16384: 1.311409e-05
0: Size 32768: 2.671988e-05
0: Size 65536: 5.139600e-05
0: Size 131072: 1.019137e-04
0: Size 262144: 2.029834e-04
0: Size 524288: 4.050988e-04
0: Size 1048576: 8.093574e-04
0: Size 2097152: 1.617982e-03
0: Size 4194304: 3.238679e-03
0: Size 8388608: 6.489370e-03
0: Size 16777216: 1.299833e-02
0: Size 33554432: 2.614761e-02
0: Size 67108864: 5.280667e-02
0: Size 134217728: 1.078372e-01
0: 
0: Off-Node Multiple Processes Per GPU (all GPUs active per node):
0: Active Procs: 1
0: Size 1: 4.852927e-06
0: Size 2: 4.836309e-06
0: Size 4: 4.798512e-06
0: Size 8: 4.800351e-06
0: Size 16: 4.807413e-06
0: Size 32: 4.804725e-06
0: Size 64: 4.811825e-06
0: Size 128: 5.938360e-06
0: Size 256: 6.052041e-06
0: Size 512: 6.154961e-06
0: Size 1024: 6.329241e-06
0: Size 2048: 6.955427e-06
0: Size 4096: 7.715721e-06
0: Size 8192: 1.006358e-05
0: Size 16384: 1.177763e-05
0: Size 32768: 2.062437e-05
0: Size 65536: 2.685535e-05
0: Size 131072: 3.960100e-05
0: Size 262144: 6.499835e-05
0: Size 524288: 1.153180e-04
0: Size 1048576: 2.164009e-04
0: Size 2097152: 4.166989e-04
0: Size 4194304: 8.378153e-04
0: Size 8388608: 1.662264e-03
0: Size 16777216: 3.345106e-03
0: Size 33554432: 9.622016e-03
0: Size 67108864: 2.125650e-02
0: Size 134217728: 4.285678e-02
0: 
0: Active Procs: 2
0: Size 1: 4.892659e-06
0: Size 2: 4.892473e-06
0: Size 4: 4.897595e-06
0: Size 8: 4.903725e-06
0: Size 16: 4.911859e-06
0: Size 32: 4.904557e-06
0: Size 64: 4.905722e-06
0: Size 128: 6.029114e-06
0: Size 256: 6.222712e-06
0: Size 512: 6.340682e-06
0: Size 1024: 6.566532e-06
0: Size 2048: 7.249961e-06
0: Size 4096: 8.091997e-06
0: Size 8192: 1.007912e-05
0: Size 16384: 1.184169e-05
0: Size 32768: 2.092609e-05
0: Size 65536: 2.730822e-05
0: Size 131072: 4.006509e-05
0: Size 262144: 6.564749e-05
0: Size 524288: 1.172838e-04
0: Size 1048576: 2.208200e-04
0: Size 2097152: 4.232014e-04
0: Size 4194304: 8.500908e-04
0: Size 8388608: 2.036890e-03
0: Size 16777216: 4.140897e-03
0: Size 33554432: 1.094909e-02
0: Size 67108864: 2.199716e-02
0: Size 134217728: 4.298816e-02
0: 
0: Active Procs: 4
0: Size 1: 4.917096e-06
0: Size 2: 4.913368e-06
0: Size 4: 4.916350e-06
0: Size 8: 4.925119e-06
0: Size 16: 4.936344e-06
0: Size 32: 4.935654e-06
0: Size 64: 4.941659e-06
0: Size 128: 6.062182e-06
0: Size 256: 6.293668e-06
0: Size 512: 6.428139e-06
0: Size 1024: 6.615617e-06
0: Size 2048: 7.275993e-06
0: Size 4096: 8.218614e-06
0: Size 8192: 1.023987e-05
0: Size 16384: 1.195169e-05
0: Size 32768: 2.155442e-05
0: Size 65536: 2.888968e-05
0: Size 131072: 4.414877e-05
0: Size 262144: 6.979768e-05
0: Size 524288: 1.229384e-04
0: Size 1048576: 2.279165e-04
0: Size 2097152: 4.337909e-04
0: Size 4194304: 1.236989e-03
0: Size 8388608: 2.243539e-03
0: Size 16777216: 4.226713e-03
0: Size 33554432: 1.119207e-02
0: Size 67108864: 2.195344e-02
0: Size 134217728: 4.388120e-02
0: 
0: Active Procs: 8
0: Size 1: 5.114876e-06
0: Size 2: 5.112932e-06
0: Size 4: 5.112362e-06
0: Size 8: 5.116269e-06
0: Size 16: 5.127571e-06
0: Size 32: 5.124031e-06
0: Size 64: 5.154766e-06
0: Size 128: 6.217203e-06
0: Size 256: 6.377148e-06
0: Size 512: 6.519971e-06
0: Size 1024: 6.729112e-06
0: Size 2048: 7.492310e-06
0: Size 4096: 8.470934e-06
0: Size 8192: 1.046660e-05
0: Size 16384: 1.246772e-05
0: Size 32768: 2.366508e-05
0: Size 65536: 3.116158e-05
0: Size 131072: 4.660132e-05
0: Size 262144: 9.036900e-05
0: Size 524288: 1.800951e-04
0: Size 1048576: 3.597951e-04
0: Size 2097152: 7.190296e-04
0: Size 4194304: 1.440332e-03
0: Size 8388608: 2.885354e-03
0: Size 16777216: 5.779357e-03
0: Size 33554432: 1.163370e-02
0: Size 67108864: 2.350651e-02
0: Size 134217728: 4.787644e-02
0: 
0: Active Procs: 16
0: Size 1: 5.355958e-06
0: Size 2: 5.354424e-06
0: Size 4: 5.352867e-06
0: Size 8: 5.351448e-06
0: Size 16: 5.367128e-06
0: Size 32: 5.367728e-06
0: Size 64: 5.389397e-06
0: Size 128: 6.466711e-06
0: Size 256: 6.605076e-06
0: Size 512: 6.724945e-06
0: Size 1024: 6.957092e-06
0: Size 2048: 7.682923e-06
0: Size 4096: 8.826558e-06
0: Size 8192: 1.127782e-05
0: Size 16384: 1.301603e-05
0: Size 32768: 2.564769e-05
0: Size 65536: 4.572290e-05
0: Size 131072: 9.062595e-05
0: Size 262144: 1.825162e-04
0: Size 524288: 3.601421e-04
0: Size 1048576: 7.194203e-04
0: Size 2097152: 1.438509e-03
0: Size 4194304: 2.883478e-03
0: Size 8388608: 5.773966e-03
0: Size 16777216: 1.156172e-02
0: Size 33554432: 2.327811e-02
0: Size 67108864: 4.699402e-02
0: Size 134217728: 9.644635e-02
0: 
0: Active Procs: 18
0: Size 1: 5.402859e-06
0: Size 2: 5.402338e-06
0: Size 4: 5.402187e-06
0: Size 8: 5.408399e-06
0: Size 16: 5.411482e-06
0: Size 32: 5.411574e-06
0: Size 64: 5.426618e-06
0: Size 128: 6.504708e-06
0: Size 256: 6.664115e-06
0: Size 512: 6.778927e-06
0: Size 1024: 7.009153e-06
0: Size 2048: 7.748982e-06
0: Size 4096: 8.900616e-06
0: Size 8192: 1.244327e-05
0: Size 16384: 1.324099e-05
0: Size 32768: 2.687981e-05
0: Size 65536: 5.141400e-05
0: Size 131072: 1.019241e-04
0: Size 262144: 2.033542e-04
0: Size 524288: 4.051578e-04
0: Size 1048576: 8.094679e-04
0: Size 2097152: 1.619360e-03
0: Size 4194304: 3.242729e-03
0: Size 8388608: 6.495449e-03
0: Size 16777216: 1.301040e-02
0: Size 33554432: 2.617678e-02
0: Size 67108864: 5.284591e-02
0: Size 134217728: 1.079447e-01
0: 
