0: GPU Microbenchmarks:
0: Inter-CPU Microbenchmarks will be run with the following:
0: # Processes per NUMA: 2
0: # Processes per socket: 2
0: # Processes per node: 8
0: # of nodes: 2
0: Inter-GPU Microbenchmarks will be run with the following:
0: # GPUs per NUMA: 1
0: # GPUs per socket: 1
0: # GPUs per node: 4
0: # Processes per GPU: 2
0: If these are incorrect, edit the defines at the top of benchmarks/microbenchmarks.cpp
0: GPU-Aware intra-NUMA tests will not be run because GPNUMA is set to 1.
0: intra-socket tests will not be run because GPS is set to 1.
0: Running standard GPU-Aware benchmarks
0: Not measuring GPU-Aware intra-NUMA, because GPNUMA is set to 1
0: Not measuring GPU-Aware intra-socket, because GPS is set to 1
0: GPU-Aware On-Node, Off-Socket Ping-Pong:
0: Size 1: 3.840381e-06
0: Size 2: 3.893351e-06
0: Size 4: 3.889022e-06
0: Size 8: 3.903120e-06
0: Size 16: 3.466131e-06
0: Size 32: 3.933402e-06
0: Size 64: 4.185202e-06
0: Size 128: 3.892642e-06
0: Size 256: 5.976015e-06
0: Size 512: 6.092063e-06
0: Size 1024: 8.606524e-06
0: Size 2048: 8.675223e-06
0: Size 4096: 8.679067e-06
0: Size 8192: 1.997218e-05
0: Size 16384: 2.060488e-05
0: Size 32768: 2.099758e-05
0: Size 65536: 2.193964e-05
0: Size 131072: 2.366978e-05
0: Size 262144: 2.828100e-05
0: Size 524288: 3.726360e-05
0: Size 1048576: 5.559270e-05
0: Size 2097152: 9.173843e-05
0: Size 4194304: 1.639762e-04
0: Size 8388608: 3.076467e-04
0: Size 16777216: 5.942664e-04
0: Size 33554432: 1.168374e-03
0: Size 67108864: 2.317114e-03
0: Size 134217728: 4.611463e-03
0: 
0: GPU-Aware Off-Node Ping-Pong:
0: Size 1: 4.532221e-06
0: Size 2: 4.555337e-06
0: Size 4: 4.520255e-06
0: Size 8: 4.538108e-06
0: Size 16: 4.544412e-06
0: Size 32: 4.532635e-06
0: Size 64: 4.513551e-06
0: Size 128: 5.639230e-06
0: Size 256: 5.912690e-06
0: Size 512: 5.977772e-06
0: Size 1024: 6.078927e-06
0: Size 2048: 6.236098e-06
0: Size 4096: 6.541525e-06
0: Size 8192: 7.296758e-06
0: Size 16384: 8.577269e-06
0: Size 32768: 1.512703e-05
0: Size 65536: 1.794476e-05
0: Size 131072: 2.375424e-05
0: Size 262144: 3.472759e-05
0: Size 524288: 5.648427e-05
0: Size 1048576: 1.001022e-04
0: Size 2097152: 1.864760e-04
0: Size 4194304: 3.592227e-04
0: Size 8388608: 7.046671e-04
0: Size 16777216: 1.395443e-03
0: Size 33554432: 2.776836e-03
0: Size 67108864: 5.540700e-03
0: Size 134217728: 1.106497e-02
0: 
0: Running standard Copy-to-CPU benchmarks
0: Not measuring GPU-Aware intra-NUMA, because GPNUMA is set to 1
0: Not measuring GPU-Aware intra-socket, because GPS is set to 1
0: GPU-Aware On-Node, Off-Socket Ping-Pong:
0: Size 1: 3.552547e-06
0: Size 2: 3.545944e-06
0: Size 4: 3.584602e-06
0: Size 8: 3.543588e-06
0: Size 16: 3.299763e-06
0: Size 32: 3.647428e-06
0: Size 64: 4.228805e-06
0: Size 128: 3.867230e-06
0: Size 256: 5.714224e-06
0: Size 512: 6.224451e-06
0: Size 1024: 9.085343e-06
0: Size 2048: 9.990736e-06
0: Size 4096: 1.759357e-05
0: Size 8192: 3.670874e-05
0: Size 16384: 6.359904e-05
0: Size 32768: 1.196051e-04
0: Size 65536: 2.309224e-04
0: Size 131072: 4.542984e-04
0: Size 262144: 8.869279e-04
0: Size 524288: 1.708423e-03
0: Size 1048576: 3.399851e-03
0: Size 2097152: 6.505725e-03
0: Size 4194304: 1.173747e-02
0: Size 8388608: 1.267579e-02
0: Size 16777216: 8.092607e-03
0: Size 33554432: 1.244681e-02
0: Size 67108864: 2.492880e-02
0: Size 134217728: 4.872461e-02
0: 
0: GPU-Aware Off-Node Ping-Pong:
0: Size 1: 4.640854e-06
0: Size 2: 4.641571e-06
0: Size 4: 4.640663e-06
0: Size 8: 4.643990e-06
0: Size 16: 4.651166e-06
0: Size 32: 4.653135e-06
0: Size 64: 4.663514e-06
0: Size 128: 5.781108e-06
0: Size 256: 5.964502e-06
0: Size 512: 6.046064e-06
0: Size 1024: 6.204873e-06
0: Size 2048: 6.719151e-06
0: Size 4096: 7.375420e-06
0: Size 8192: 9.074854e-06
0: Size 16384: 1.144349e-05
0: Size 32768: 1.994939e-05
0: Size 65536: 2.660258e-05
0: Size 131072: 3.929823e-05
0: Size 262144: 6.519920e-05
0: Size 524288: 1.159581e-04
0: Size 1048576: 2.177907e-04
0: Size 2097152: 4.195575e-04
0: Size 4194304: 8.386556e-04
0: Size 8388608: 1.659262e-03
0: Size 16777216: 3.339827e-03
0: Size 33554432: 9.557046e-03
0: Size 67108864: 2.114882e-02
0: Size 134217728: 4.259230e-02
0: 
0: Running multi-proc GPU-Aware benchmarks
0: Off-Node Multiple Processes Per GPU:
0: Active Procs: 1
0: Size 1: 4.552979e-06
0: Size 2: 4.549006e-06
0: Size 4: 4.526774e-06
0: Size 8: 4.531015e-06
0: Size 16: 4.525517e-06
0: Size 32: 4.509642e-06
0: Size 64: 4.523068e-06
0: Size 128: 5.617470e-06
0: Size 256: 5.906547e-06
0: Size 512: 5.971042e-06
0: Size 1024: 6.089264e-06
0: Size 2048: 6.255547e-06
0: Size 4096: 6.534473e-06
0: Size 8192: 7.267732e-06
0: Size 16384: 8.531164e-06
0: Size 32768: 1.515237e-05
0: Size 65536: 1.795799e-05
0: Size 131072: 2.351053e-05
0: Size 262144: 3.449027e-05
0: Size 524288: 5.627493e-05
0: Size 1048576: 1.000992e-04
0: Size 2097152: 1.865337e-04
0: Size 4194304: 3.592301e-04
0: Size 8388608: 7.046717e-04
0: Size 16777216: 1.395498e-03
0: Size 33554432: 2.776998e-03
0: Size 67108864: 5.540825e-03
0: Size 134217728: 1.106509e-02
0: 
0: Active Procs: 2
0: Size 1: 4.699059e-06
0: Size 2: 4.658831e-06
0: Size 4: 4.546872e-06
0: Size 8: 4.529037e-06
0: Size 16: 4.517162e-06
0: Size 32: 4.538448e-06
0: Size 64: 4.553896e-06
0: Size 128: 5.648484e-06
0: Size 256: 5.903071e-06
0: Size 512: 5.958086e-06
0: Size 1024: 6.086393e-06
0: Size 2048: 6.290681e-06
0: Size 4096: 6.540365e-06
0: Size 8192: 7.317528e-06
0: Size 16384: 8.556367e-06
0: Size 32768: 1.554909e-05
0: Size 65536: 1.882206e-05
0: Size 131072: 2.590844e-05
0: Size 262144: 3.598929e-05
0: Size 524288: 5.862230e-05
0: Size 1048576: 1.037754e-04
0: Size 2097152: 1.933868e-04
0: Size 4194304: 3.731068e-04
0: Size 8388608: 7.324719e-04
0: Size 16777216: 1.451416e-03
0: Size 33554432: 2.891038e-03
0: Size 67108864: 5.775633e-03
0: Size 134217728: 1.156950e-02
0: 
0: Off-Node Multiple Processes Per GPU (all GPUs active per node):
0: Active Procs: 1
0: Size 1: 4.784538e-06
0: Size 2: 4.736384e-06
0: Size 4: 4.523774e-06
0: Size 8: 4.513966e-06
0: Size 16: 4.516671e-06
0: Size 32: 4.519548e-06
0: Size 64: 4.513708e-06
0: Size 128: 5.628574e-06
0: Size 256: 5.893196e-06
0: Size 512: 5.950288e-06
0: Size 1024: 6.042825e-06
0: Size 2048: 6.250010e-06
0: Size 4096: 6.485666e-06
0: Size 8192: 7.269695e-06
0: Size 16384: 8.656658e-06
0: Size 32768: 1.523133e-05
0: Size 65536: 1.815093e-05
0: Size 131072: 2.399957e-05
0: Size 262144: 3.516806e-05
0: Size 524288: 5.709262e-05
0: Size 1048576: 1.008223e-04
0: Size 2097152: 1.872146e-04
0: Size 4194304: 3.600743e-04
0: Size 8388608: 7.051761e-04
0: Size 16777216: 1.395981e-03
0: Size 33554432: 2.777477e-03
0: Size 67108864: 5.540022e-03
0: Size 134217728: 1.106773e-02
0: 
0: Active Procs: 2
0: Size 1: 4.872370e-06
0: Size 2: 4.788964e-06
0: Size 4: 4.543871e-06
0: Size 8: 4.560987e-06
0: Size 16: 4.548793e-06
0: Size 32: 4.568839e-06
0: Size 64: 4.549130e-06
0: Size 128: 5.652383e-06
0: Size 256: 5.936715e-06
0: Size 512: 5.992821e-06
0: Size 1024: 6.087277e-06
0: Size 2048: 6.314876e-06
0: Size 4096: 6.625150e-06
0: Size 8192: 7.420138e-06
0: Size 16384: 8.753918e-06
0: Size 32768: 1.579501e-05
0: Size 65536: 1.900974e-05
0: Size 131072: 2.616542e-05
0: Size 262144: 3.945691e-05
0: Size 524288: 5.946208e-05
0: Size 1048576: 1.047150e-04
0: Size 2097152: 1.939652e-04
0: Size 4194304: 3.735882e-04
0: Size 8388608: 7.329300e-04
0: Size 16777216: 1.452234e-03
0: Size 33554432: 2.891608e-03
0: Size 67108864: 5.778578e-03
0: Size 134217728: 1.157552e-02
0: 
0: Running multi-proc (MEM)Copy-to-CPU benchmarks
0: Off-Node Multiple Processes Per GPU:
0: Active Procs: 1
0: Size 1: 5.194342e-06
0: Size 2: 5.180043e-06
0: Size 4: 4.668706e-06
0: Size 8: 4.694710e-06
0: Size 16: 4.683524e-06
0: Size 32: 4.693547e-06
0: Size 64: 4.701539e-06
0: Size 128: 5.812981e-06
0: Size 256: 6.016629e-06
0: Size 512: 6.092156e-06
0: Size 1024: 6.267166e-06
0: Size 2048: 6.759987e-06
0: Size 4096: 7.427608e-06
0: Size 8192: 9.111860e-06
0: Size 16384: 1.146991e-05
0: Size 32768: 2.000993e-05
0: Size 65536: 2.667526e-05
0: Size 131072: 3.939249e-05
0: Size 262144: 6.552644e-05
0: Size 524288: 1.160251e-04
0: Size 1048576: 2.178510e-04
0: Size 2097152: 4.194580e-04
0: Size 4194304: 8.392174e-04
0: Size 8388608: 1.657477e-03
0: Size 16777216: 3.335568e-03
0: Size 33554432: 9.548069e-03
0: Size 67108864: 2.112435e-02
0: Size 134217728: 4.253673e-02
0: 
0: Active Procs: 2
0: Size 1: 4.728592e-06
0: Size 2: 4.731104e-06
0: Size 4: 4.689737e-06
0: Size 8: 4.688008e-06
0: Size 16: 4.695483e-06
0: Size 32: 4.691573e-06
0: Size 64: 4.702241e-06
0: Size 128: 5.828294e-06
0: Size 256: 5.991373e-06
0: Size 512: 6.085777e-06
0: Size 1024: 6.269830e-06
0: Size 2048: 6.824858e-06
0: Size 4096: 7.569058e-06
0: Size 8192: 9.092387e-06
0: Size 16384: 1.130256e-05
0: Size 32768: 2.019245e-05
0: Size 65536: 2.696242e-05
0: Size 131072: 3.971506e-05
0: Size 262144: 6.615316e-05
0: Size 524288: 1.162950e-04
0: Size 1048576: 2.181002e-04
0: Size 2097152: 4.205845e-04
0: Size 4194304: 8.433455e-04
0: Size 8388608: 1.809853e-03
0: Size 16777216: 3.750713e-03
0: Size 33554432: 1.035504e-02
0: Size 67108864: 2.170775e-02
0: Size 134217728: 4.312846e-02
0: 
0: Off-Node Multiple Processes Per GPU (all GPUs active per node):
0: Active Procs: 1
0: Size 1: 5.053065e-06
0: Size 2: 5.018127e-06
0: Size 4: 5.004075e-06
0: Size 8: 5.009925e-06
0: Size 16: 5.004532e-06
0: Size 32: 5.003068e-06
0: Size 64: 5.018951e-06
0: Size 128: 6.140863e-06
0: Size 256: 6.292116e-06
0: Size 512: 6.456756e-06
0: Size 1024: 6.606817e-06
0: Size 2048: 7.377152e-06
0: Size 4096: 8.293626e-06
0: Size 8192: 1.006788e-05
0: Size 16384: 1.178675e-05
0: Size 32768: 2.057296e-05
0: Size 65536: 2.700914e-05
0: Size 131072: 3.980365e-05
0: Size 262144: 6.564576e-05
0: Size 524288: 1.166069e-04
0: Size 1048576: 2.187875e-04
0: Size 2097152: 4.230712e-04
0: Size 4194304: 8.409123e-04
0: Size 8388608: 1.661041e-03
0: Size 16777216: 3.352989e-03
0: Size 33554432: 9.680256e-03
0: Size 67108864: 2.129101e-02
0: Size 134217728: 4.287276e-02
0: 
0: Active Procs: 2
0: Size 1: 5.151406e-06
0: Size 2: 5.149172e-06
0: Size 4: 5.072404e-06
0: Size 8: 4.986731e-06
0: Size 16: 5.011044e-06
0: Size 32: 5.003906e-06
0: Size 64: 5.014823e-06
0: Size 128: 6.095825e-06
0: Size 256: 6.311860e-06
0: Size 512: 6.448372e-06
0: Size 1024: 6.629215e-06
0: Size 2048: 7.382172e-06
0: Size 4096: 8.339788e-06
0: Size 8192: 1.005047e-05
0: Size 16384: 1.165090e-05
0: Size 32768: 2.072279e-05
0: Size 65536: 2.748728e-05
0: Size 131072: 4.049303e-05
0: Size 262144: 8.400319e-05
0: Size 524288: 1.177311e-04
0: Size 1048576: 2.213274e-04
0: Size 2097152: 4.244315e-04
0: Size 4194304: 8.463046e-04
0: Size 8388608: 1.803633e-03
0: Size 16777216: 3.759827e-03
0: Size 33554432: 1.036178e-02
0: Size 67108864: 2.171846e-02
0: Size 134217728: 4.358391e-02
0: 
