0: CPU Microbenchmarks:
0: GPU Microbenchmarks:
0: Inter-CPU Microbenchmarks will be run with the following:
0: # Processes per NUMA: 18
0: # Processes per socket: 18
0: # Processes per node: 72
0: # of nodes: 2
0: Inter-GPU Microbenchmarks will be run with the following:
0: # GPUs per NUMA: 3
0: # GPUs per socket: 3
0: # GPUs per node: 12
0: # Processes per GPU: 6
0: If these are incorrect, edit the defines at the top of benchmarks/microbenchmarks.cpp
0: intra-socket tests will not be run because there is only one NUMA per socket.  The timings will be gathered in inter-NUMA tests.
0: Running standard GPU-Aware benchmarks
0: GPU-Aware On-NUMA Ping-Pong:
0: Size 1: 4.561259e-07
0: Size 2: 4.543091e-07
0: Size 4: 4.527519e-07
0: Size 8: 4.524897e-07
0: Size 16: 4.520024e-07
0: Size 32: 4.656247e-07
0: Size 64: 4.792502e-07
0: Size 128: 4.829228e-07
0: Size 256: 1.509571e-06
0: Size 512: 1.548065e-06
0: Size 1024: 5.409142e-06
0: Size 2048: 5.443655e-06
0: Size 4096: 5.602568e-06
0: Size 8192: 1.534281e-05
0: Size 16384: 1.553177e-05
0: Size 32768: 1.601267e-05
0: Size 65536: 1.714696e-05
0: Size 131072: 1.958187e-05
0: Size 262144: 2.413131e-05
0: Size 524288: 3.334125e-05
0: Size 1048576: 5.160317e-05
0: Size 2097152: 8.732595e-05
0: Size 4194304: 1.598318e-04
0: Size 8388608: 3.045614e-04
0: Size 16777216: 5.925244e-04
0: Size 33554432: 1.166417e-03
0: Size 67108864: 2.314172e-03
0: Size 134217728: 4.608534e-03
0: 
0: Not measuring GPU-Aware intra-socket because same as intra-NUMA
0: GPU-Aware On-Node, Off-Socket Ping-Pong:
0: Size 1: 2.941441e-06
0: Size 2: 2.965934e-06
0: Size 4: 2.949146e-06
0: Size 8: 2.947544e-06
0: Size 16: 2.802062e-06
0: Size 32: 3.026103e-06
0: Size 64: 3.214841e-06
0: Size 128: 3.204078e-06
0: Size 256: 4.993147e-06
0: Size 512: 5.254560e-06
0: Size 1024: 8.623716e-06
0: Size 2048: 8.613844e-06
0: Size 4096: 8.967873e-06
0: Size 8192: 2.067224e-05
0: Size 16384: 2.081232e-05
0: Size 32768: 2.129792e-05
0: Size 65536: 2.232998e-05
0: Size 131072: 2.361907e-05
0: Size 262144: 2.815532e-05
0: Size 524288: 3.720228e-05
0: Size 1048576: 5.549878e-05
0: Size 2097152: 9.152320e-05
0: Size 4194304: 1.639568e-04
0: Size 8388608: 3.074437e-04
0: Size 16777216: 5.951420e-04
0: Size 33554432: 1.169294e-03
0: Size 67108864: 2.317253e-03
0: Size 134217728: 4.611552e-03
0: 
0: GPU-Aware Off-Node Ping-Pong:
0: Size 1: 4.149024e-06
0: Size 2: 4.137374e-06
0: Size 4: 4.140619e-06
0: Size 8: 4.140169e-06
0: Size 16: 4.129562e-06
0: Size 32: 4.401311e-06
0: Size 64: 4.641010e-06
0: Size 128: 4.571767e-06
0: Size 256: 6.940954e-06
0: Size 512: 7.315285e-06
0: Size 1024: 1.098194e-05
0: Size 2048: 1.094254e-05
0: Size 4096: 1.131013e-05
0: Size 8192: 2.381815e-05
0: Size 16384: 2.373941e-05
0: Size 32768: 2.434130e-05
0: Size 65536: 2.541858e-05
0: Size 131072: 2.753851e-05
0: Size 262144: 3.146104e-05
0: Size 524288: 4.028251e-05
0: Size 1048576: 5.863563e-05
0: Size 2097152: 9.462295e-05
0: Size 4194304: 1.666063e-04
0: Size 8388608: 3.102567e-04
0: Size 16777216: 5.978744e-04
0: Size 33554432: 1.172100e-03
0: Size 67108864: 2.319829e-03
0: Size 134217728: 4.614323e-03
0: 
0: Running standard Copy-to-CPU benchmarks
0: GPU-Aware On-NUMA Ping-Pong:
0: Size 1: 4.741125e-05
0: Size 2: 4.515524e-05
0: Size 4: 3.937052e-05
0: Size 8: 3.886749e-05
0: Size 16: 3.620445e-05
0: Size 32: 3.623984e-05
0: Size 64: 3.626747e-05
0: Size 128: 3.631173e-05
0: Size 256: 3.864592e-05
0: Size 512: 3.887147e-05
0: Size 1024: 3.811374e-05
0: Size 2048: 3.849305e-05
0: Size 4096: 3.890556e-05
0: Size 8192: 4.066645e-05
0: Size 16384: 4.255546e-05
0: Size 32768: 5.431343e-05
0: Size 65536: 6.089271e-05
0: Size 131072: 7.379185e-05
0: Size 262144: 9.966345e-05
0: Size 524288: 1.458850e-04
0: Size 1048576: 2.278695e-04
0: Size 2097152: 4.072050e-04
0: Size 4194304: 7.631642e-04
0: Size 8388608: 1.480885e-03
0: Size 16777216: 2.588817e-03
0: Size 33554432: 4.805502e-03
0: Size 67108864: 9.173961e-03
0: Size 134217728: 1.797756e-02
0: 
0: Not measuring GPU-Aware intra-socket because same as intra-NUMA
0: GPU-Aware On-Node, Off-Socket Ping-Pong:
0: Size 1: 4.238450e-05
0: Size 2: 4.256389e-05
0: Size 4: 4.351272e-05
0: Size 8: 4.483893e-05
0: Size 16: 4.189370e-05
0: Size 32: 4.243267e-05
0: Size 64: 4.292194e-05
0: Size 128: 4.307048e-05
0: Size 256: 4.483778e-05
0: Size 512: 4.560837e-05
0: Size 1024: 4.507627e-05
0: Size 2048: 4.604279e-05
0: Size 4096: 4.754493e-05
0: Size 8192: 5.062128e-05
0: Size 16384: 5.360946e-05
0: Size 32768: 6.760582e-05
0: Size 65536: 8.021201e-05
0: Size 131072: 9.761598e-05
0: Size 262144: 1.449959e-04
0: Size 524288: 2.176882e-04
0: Size 1048576: 3.436311e-04
0: Size 2097152: 6.000405e-04
0: Size 4194304: 1.138327e-03
0: Size 8388608: 2.216562e-03
0: Size 16777216: 3.733323e-03
0: Size 33554432: 6.585262e-03
0: Size 67108864: 1.189661e-02
0: Size 134217728: 2.293085e-02
0: 
0: GPU-Aware Off-Node Ping-Pong:
0: Size 1: 7.140889e-05
0: Size 2: 6.942355e-05
0: Size 4: 6.973569e-05
0: Size 8: 7.032425e-05
0: Size 16: 6.757047e-05
0: Size 32: 6.881394e-05
0: Size 64: 6.927432e-05
0: Size 128: 6.786670e-05
0: Size 256: 7.128381e-05
0: Size 512: 7.435411e-05
0: Size 1024: 7.422120e-05
0: Size 2048: 7.366593e-05
0: Size 4096: 7.361241e-05
0: Size 8192: 7.533037e-05
0: Size 16384: 7.806017e-05
0: Size 32768: 9.390016e-05
0: Size 65536: 1.085041e-04
0: Size 131072: 1.541207e-04
0: Size 262144: 1.906735e-04
0: Size 524288: 2.771644e-04
0: Size 1048576: 4.042054e-04
0: Size 2097152: 7.239636e-04
0: Size 4194304: 1.360689e-03
0: Size 8388608: 2.643568e-03
0: Size 16777216: 4.535297e-03
0: Size 33554432: 7.475291e-03
0: Size 67108864: 1.408773e-02
0: Size 134217728: 2.694703e-02
0: 
0: Running multi-proc GPU-Aware benchmarks
0: Off-Node Multiple Processes Per GPU:
0: Active Procs: 1
0: Size 1: 4.051907e-06
0: Size 2: 4.059819e-06
0: Size 4: 4.067814e-06
0: Size 8: 4.063366e-06
0: Size 16: 4.081543e-06
0: Size 32: 4.361785e-06
0: Size 64: 4.945941e-06
0: Size 128: 4.784751e-06
0: Size 256: 6.617578e-06
0: Size 512: 7.602996e-06
0: Size 1024: 1.146300e-05
0: Size 2048: 1.147559e-05
0: Size 4096: 1.158586e-05
0: Size 8192: 2.418865e-05
0: Size 16384: 2.449849e-05
0: Size 32768: 2.486183e-05
0: Size 65536: 2.575843e-05
0: Size 131072: 2.780310e-05
0: Size 262144: 3.162760e-05
0: Size 524288: 4.062258e-05
0: Size 1048576: 5.902255e-05
0: Size 2097152: 9.502312e-05
0: Size 4194304: 1.671784e-04
0: Size 8388608: 3.111121e-04
0: Size 16777216: 5.987329e-04
0: Size 33554432: 1.172820e-03
0: Size 67108864: 2.320388e-03
0: Size 134217728: 4.615212e-03
0: 
0: Active Procs: 2
0: Size 1: 4.169776e-06
0: Size 2: 4.181349e-06
0: Size 4: 4.180960e-06
0: Size 8: 4.185709e-06
0: Size 16: 4.197093e-06
0: Size 32: 4.501045e-06
0: Size 64: 4.875556e-06
0: Size 128: 5.104921e-06
0: Size 256: 7.044389e-06
0: Size 512: 6.985471e-06
0: Size 1024: 1.170937e-05
0: Size 2048: 1.160651e-05
0: Size 4096: 1.177087e-05
0: Size 8192: 2.798385e-05
0: Size 16384: 2.808943e-05
0: Size 32768: 2.837571e-05
0: Size 65536: 2.952634e-05
0: Size 131072: 3.058627e-05
0: Size 262144: 3.556863e-05
0: Size 524288: 4.457133e-05
0: Size 1048576: 6.318495e-05
0: Size 2097152: 1.842417e-04
0: Size 4194304: 3.284803e-04
0: Size 8388608: 6.188166e-04
0: Size 16777216: 1.207902e-03
0: Size 33554432: 2.385490e-03
0: Size 67108864: 4.737970e-03
0: Size 134217728: 9.441173e-03
0: 
0: Active Procs: 4
0: Size 1: 4.143402e-06
0: Size 2: 4.152054e-06
0: Size 4: 4.140481e-06
0: Size 8: 4.144274e-06
0: Size 16: 4.144597e-06
0: Size 32: 4.421374e-06
0: Size 64: 4.868876e-06
0: Size 128: 5.045682e-06
0: Size 256: 7.186393e-06
0: Size 512: 7.146931e-06
0: Size 1024: 1.165053e-05
0: Size 2048: 1.168282e-05
0: Size 4096: 1.182934e-05
0: Size 8192: 4.391081e-05
0: Size 16384: 4.453332e-05
0: Size 32768: 4.593893e-05
0: Size 65536: 4.714321e-05
0: Size 131072: 5.154025e-05
0: Size 262144: 6.074888e-05
0: Size 524288: 7.870647e-05
0: Size 1048576: 1.143794e-04
0: Size 2097152: 3.500934e-04
0: Size 4194304: 6.381996e-04
0: Size 8388608: 1.214609e-03
0: Size 16777216: 2.401146e-03
0: Size 33554432: 4.767548e-03
0: Size 67108864: 9.498816e-03
0: Size 134217728: 1.895551e-02
0: 
0: Active Procs: 6
0: Size 1: 4.184307e-06
0: Size 2: 4.196591e-06
0: Size 4: 4.192835e-06
0: Size 8: 4.186676e-06
0: Size 16: 4.199923e-06
0: Size 32: 4.458268e-06
0: Size 64: 4.882406e-06
0: Size 128: 5.095094e-06
0: Size 256: 7.180843e-06
0: Size 512: 7.215770e-06
0: Size 1024: 1.176221e-05
0: Size 2048: 1.203494e-05
0: Size 4096: 1.226606e-05
0: Size 8192: 6.396314e-05
0: Size 16384: 6.502789e-05
0: Size 32768: 6.684300e-05
0: Size 65536: 6.919512e-05
0: Size 131072: 7.591258e-05
0: Size 262144: 8.989431e-05
0: Size 524288: 1.167565e-04
0: Size 1048576: 1.706463e-04
0: Size 2097152: 5.124072e-04
0: Size 4194304: 9.453240e-04
0: Size 8388608: 1.809343e-03
0: Size 16777216: 3.583168e-03
0: Size 33554432: 7.135154e-03
0: Size 67108864: 1.423502e-02
0: Size 134217728: 2.842876e-02
0: 
0: Off-Node Multiple Processes Per GPU (all GPUs active per node):
0: Active Procs: 1
0: Size 1: 4.983712e-06
0: Size 2: 4.991411e-06
0: Size 4: 4.968291e-06
0: Size 8: 4.970874e-06
0: Size 16: 4.997356e-06
0: Size 32: 4.949662e-06
0: Size 64: 5.020863e-06
0: Size 128: 6.040830e-06
0: Size 256: 6.923745e-06
0: Size 512: 7.086432e-06
0: Size 1024: 1.144178e-05
0: Size 2048: 1.145901e-05
0: Size 4096: 1.165352e-05
0: Size 8192: 2.773830e-05
0: Size 16384: 2.814030e-05
0: Size 32768: 2.804767e-05
0: Size 65536: 2.905862e-05
0: Size 131072: 3.094730e-05
0: Size 262144: 4.517224e-05
0: Size 524288: 9.004722e-05
0: Size 1048576: 1.798135e-04
0: Size 2097152: 3.594181e-04
0: Size 4194304: 7.187471e-04
0: Size 8388608: 1.437369e-03
0: Size 16777216: 2.875359e-03
0: Size 33554432: 5.754172e-03
0: Size 67108864: 1.152410e-02
0: Size 134217728: 2.310834e-02
0: 
0: Active Procs: 2
0: Size 1: 5.202787e-06
0: Size 2: 5.107036e-06
0: Size 4: 5.208611e-06
0: Size 8: 5.108741e-06
0: Size 16: 5.176991e-06
0: Size 32: 5.152197e-06
0: Size 64: 5.165439e-06
0: Size 128: 6.253370e-06
0: Size 256: 7.060884e-06
0: Size 512: 6.858422e-06
0: Size 1024: 1.174448e-05
0: Size 2048: 1.161715e-05
0: Size 4096: 1.176465e-05
0: Size 8192: 4.369537e-05
0: Size 16384: 4.429589e-05
0: Size 32768: 4.512722e-05
0: Size 65536: 4.743457e-05
0: Size 131072: 5.265034e-05
0: Size 262144: 9.022974e-05
0: Size 524288: 1.800314e-04
0: Size 1048576: 3.596240e-04
0: Size 2097152: 7.188927e-04
0: Size 4194304: 1.437527e-03
0: Size 8388608: 2.874573e-03
0: Size 16777216: 5.750718e-03
0: Size 33554432: 1.150831e-02
0: Size 67108864: 2.304608e-02
0: Size 134217728: 4.621123e-02
0: 
0: Active Procs: 4
0: Size 1: 5.396035e-06
0: Size 2: 5.339809e-06
0: Size 4: 5.383573e-06
0: Size 8: 5.319020e-06
0: Size 16: 5.333811e-06
0: Size 32: 5.351976e-06
0: Size 64: 5.351162e-06
0: Size 128: 6.416890e-06
0: Size 256: 6.903092e-06
0: Size 512: 6.868473e-06
0: Size 1024: 1.161219e-05
0: Size 2048: 1.174642e-05
0: Size 4096: 1.183504e-05
0: Size 8192: 6.484406e-05
0: Size 16384: 6.566510e-05
0: Size 32768: 6.675026e-05
0: Size 65536: 7.001215e-05
0: Size 131072: 9.060783e-05
0: Size 262144: 1.804400e-04
0: Size 524288: 3.600499e-04
0: Size 1048576: 7.194170e-04
0: Size 2097152: 1.438135e-03
0: Size 4194304: 2.874604e-03
0: Size 8388608: 5.750552e-03
0: Size 16777216: 1.150141e-02
0: Size 33554432: 2.301788e-02
0: Size 67108864: 4.609965e-02
0: Size 134217728: 9.242217e-02
0: 
0: Active Procs: 6
0: Size 1: 5.538792e-06
0: Size 2: 5.518835e-06
0: Size 4: 5.517880e-06
0: Size 8: 5.526402e-06
0: Size 16: 5.519069e-06
0: Size 32: 5.542749e-06
0: Size 64: 5.539059e-06
0: Size 128: 6.634498e-06
0: Size 256: 6.856545e-06
0: Size 512: 6.857832e-06
0: Size 1024: 1.165930e-05
0: Size 2048: 1.186876e-05
0: Size 4096: 1.208703e-05
0: Size 8192: 8.892383e-05
0: Size 16384: 8.910163e-05
0: Size 32768: 9.106568e-05
0: Size 65536: 9.636117e-05
0: Size 131072: 1.358582e-04
0: Size 262144: 2.706378e-04
0: Size 524288: 5.401303e-04
0: Size 1048576: 1.079160e-03
0: Size 2097152: 2.157097e-03
0: Size 4194304: 4.312462e-03
0: Size 8388608: 8.623974e-03
0: Size 16777216: 1.725179e-02
0: Size 33554432: 3.452491e-02
0: Size 67108864: 6.913276e-02
0: Size 134217728: 1.385723e-01
0: 
0: Running multi-proc Copy-to-CPU benchmarks
0: Off-Node Multiple Processes Per GPU:
0: Active Procs: 1
0: Size 1: 7.013773e-05
0: Size 2: 6.875856e-05
0: Size 4: 6.975340e-05
0: Size 8: 7.112002e-05
0: Size 16: 6.997260e-05
0: Size 32: 7.017337e-05
0: Size 64: 7.035297e-05
0: Size 128: 7.056262e-05
0: Size 256: 7.223162e-05
0: Size 512: 7.372424e-05
0: Size 1024: 7.340112e-05
0: Size 2048: 7.310599e-05
0: Size 4096: 7.349761e-05
0: Size 8192: 7.499890e-05
0: Size 16384: 7.782267e-05
0: Size 32768: 9.249484e-05
0: Size 65536: 1.063063e-04
0: Size 131072: 1.507788e-04
0: Size 262144: 1.880242e-04
0: Size 524288: 2.767838e-04
0: Size 1048576: 4.041063e-04
0: Size 2097152: 7.239503e-04
0: Size 4194304: 1.361448e-03
0: Size 8388608: 2.645912e-03
0: Size 16777216: 4.399980e-03
0: Size 33554432: 7.563041e-03
0: Size 67108864: 1.412692e-02
0: Size 134217728: 2.713293e-02
0: 
0: Active Procs: 2
0: Size 1: 7.680432e-05
0: Size 2: 7.612599e-05
0: Size 4: 7.605138e-05
0: Size 8: 7.599219e-05
0: Size 16: 7.590418e-05
0: Size 32: 7.598124e-05
0: Size 64: 7.694483e-05
0: Size 128: 7.718295e-05
0: Size 256: 8.009502e-05
0: Size 512: 8.144892e-05
0: Size 1024: 8.160394e-05
0: Size 2048: 8.201797e-05
0: Size 4096: 8.245638e-05
0: Size 8192: 8.539331e-05
0: Size 16384: 8.817251e-05
0: Size 32768: 1.052611e-04
0: Size 65536: 1.157943e-04
0: Size 131072: 1.408251e-04
0: Size 262144: 1.924276e-04
0: Size 524288: 2.629097e-04
0: Size 1048576: 5.308971e-04
0: Size 2097152: 7.555187e-04
0: Size 4194304: 1.998893e-03
0: Size 8388608: 3.231318e-03
0: Size 16777216: 4.640616e-03
0: Size 33554432: 7.673274e-03
0: Size 67108864: 1.605926e-02
0: Size 134217728: 3.692770e-02
0: 
0: Active Procs: 4
0: Size 1: 1.085511e-04
0: Size 2: 1.072344e-04
0: Size 4: 1.271455e-04
0: Size 8: 1.418973e-04
0: Size 16: 1.121342e-04
0: Size 32: 1.253169e-04
0: Size 64: 1.561219e-04
0: Size 128: 1.554117e-04
0: Size 256: 1.577146e-04
0: Size 512: 1.587647e-04
0: Size 1024: 1.598025e-04
0: Size 2048: 1.590964e-04
0: Size 4096: 1.593816e-04
0: Size 8192: 1.617779e-04
0: Size 16384: 1.683304e-04
0: Size 32768: 1.438258e-04
0: Size 65536: 1.579713e-04
0: Size 131072: 1.855695e-04
0: Size 262144: 2.280406e-04
0: Size 524288: 3.016921e-04
0: Size 1048576: 5.456762e-04
0: Size 2097152: 1.028674e-03
0: Size 4194304: 1.817242e-03
0: Size 8388608: 3.411712e-03
0: Size 16777216: 4.940488e-03
0: Size 33554432: 8.852316e-03
0: Size 67108864: 1.693557e-02
0: Size 134217728: 4.284735e-02
0: 
0: Active Procs: 6
0: Size 1: 1.990330e-04
0: Size 2: 1.973025e-04
0: Size 4: 1.962790e-04
0: Size 8: 1.960548e-04
0: Size 16: 1.969613e-04
0: Size 32: 1.968211e-04
0: Size 64: 1.955515e-04
0: Size 128: 1.962193e-04
0: Size 256: 1.941741e-04
0: Size 512: 1.928355e-04
0: Size 1024: 1.937989e-04
0: Size 2048: 1.940400e-04
0: Size 4096: 1.940713e-04
0: Size 8192: 1.934630e-04
0: Size 16384: 1.921469e-04
0: Size 32768: 1.527991e-04
0: Size 65536: 1.641246e-04
0: Size 131072: 1.927237e-04
0: Size 262144: 2.477524e-04
0: Size 524288: 3.673813e-04
0: Size 1048576: 7.759426e-04
0: Size 2097152: 1.332912e-03
0: Size 4194304: 2.165123e-03
0: Size 8388608: 4.541018e-03
0: Size 16777216: 7.714694e-03
0: Size 33554432: 1.650616e-02
0: Size 67108864: 3.156102e-02
0: Size 134217728: 8.208857e-02
0: 
0: Off-Node Multiple Processes Per GPU (all GPUs active per node):
0: Active Procs: 1
0: Size 1: 1.529389e-04
0: Size 2: 1.544571e-04
0: Size 4: 1.547782e-04
0: Size 8: 1.555011e-04
0: Size 16: 1.547399e-04
0: Size 32: 1.543114e-04
0: Size 64: 1.541835e-04
0: Size 128: 1.545284e-04
0: Size 256: 1.562486e-04
0: Size 512: 1.574301e-04
0: Size 1024: 1.558713e-04
0: Size 2048: 1.562943e-04
0: Size 4096: 1.559951e-04
0: Size 8192: 1.583426e-04
0: Size 16384: 1.619893e-04
0: Size 32768: 1.384298e-04
0: Size 65536: 1.513032e-04
0: Size 131072: 1.711833e-04
0: Size 262144: 2.198064e-04
0: Size 524288: 3.233414e-04
0: Size 1048576: 5.020063e-04
0: Size 2097152: 8.972742e-04
0: Size 4194304: 1.738979e-03
0: Size 8388608: 3.394096e-03
0: Size 16777216: 5.151562e-03
0: Size 33554432: 1.061250e-02
0: Size 67108864: 1.879266e-02
0: Size 134217728: 3.467169e-02
0: 
0: Active Procs: 2
0: Size 1: 1.920241e-04
0: Size 2: 1.918725e-04
0: Size 4: 1.820793e-04
0: Size 8: 1.887107e-04
0: Size 16: 1.790982e-04
0: Size 32: 1.769248e-04
0: Size 64: 1.716828e-04
0: Size 128: 1.912521e-04
0: Size 256: 1.913692e-04
0: Size 512: 1.917354e-04
0: Size 1024: 1.926492e-04
0: Size 2048: 1.926909e-04
0: Size 4096: 1.927638e-04
0: Size 8192: 1.931136e-04
0: Size 16384: 1.965902e-04
0: Size 32768: 1.500685e-04
0: Size 65536: 1.534243e-04
0: Size 131072: 1.800489e-04
0: Size 262144: 2.371354e-04
0: Size 524288: 3.773388e-04
0: Size 1048576: 7.215977e-04
0: Size 2097152: 1.268005e-03
0: Size 4194304: 2.228938e-03
0: Size 8388608: 4.061887e-03
0: Size 16777216: 7.583712e-03
0: Size 33554432: 1.628613e-02
0: Size 67108864: 2.857301e-02
0: Size 134217728: 5.756818e-02
0: 
0: Active Procs: 4
0: Size 1: 2.147326e-04
0: Size 2: 2.132058e-04
0: Size 4: 2.150002e-04
0: Size 8: 2.161243e-04
0: Size 16: 2.162972e-04
0: Size 32: 2.175973e-04
0: Size 64: 2.181671e-04
0: Size 128: 2.185988e-04
0: Size 256: 2.170957e-04
0: Size 512: 2.168316e-04
0: Size 1024: 2.176446e-04
0: Size 2048: 2.174427e-04
0: Size 4096: 2.176497e-04
0: Size 8192: 2.188399e-04
0: Size 16384: 2.193358e-04
0: Size 32768: 1.566558e-04
0: Size 65536: 1.648691e-04
0: Size 131072: 2.192576e-04
0: Size 262144: 3.310787e-04
0: Size 524288: 5.798568e-04
0: Size 1048576: 1.111908e-03
0: Size 2097152: 2.178547e-03
0: Size 4194304: 3.552046e-03
0: Size 8388608: 6.731692e-03
0: Size 16777216: 1.264782e-02
0: Size 33554432: 2.756946e-02
0: Size 67108864: 4.951051e-02
0: Size 134217728: 1.050125e-01
0: 
0: Active Procs: 6
0: Size 1: 3.027247e-04
0: Size 2: 3.038463e-04
0: Size 4: 3.047388e-04
0: Size 8: 3.093733e-04
0: Size 16: 3.059576e-04
0: Size 32: 3.061384e-04
0: Size 64: 3.053178e-04
0: Size 128: 3.079419e-04
0: Size 256: 3.084910e-04
0: Size 512: 3.068103e-04
0: Size 1024: 3.073103e-04
0: Size 2048: 3.072138e-04
0: Size 4096: 3.081049e-04
0: Size 8192: 3.053033e-04
0: Size 16384: 3.049257e-04
0: Size 32768: 1.740689e-04
0: Size 65536: 1.947897e-04
0: Size 131072: 2.725742e-04
0: Size 262144: 4.264025e-04
0: Size 524288: 7.979853e-04
0: Size 1048576: 1.523026e-03
0: Size 2097152: 2.824772e-03
0: Size 4194304: 4.323076e-03
0: Size 8388608: 9.403198e-03
0: Size 16777216: 1.787057e-02
0: Size 33554432: 3.688161e-02
0: Size 67108864: 7.913000e-02
0: Size 134217728: 1.888855e-01
0: 
